Archive member included to satisfy reference by file (symbol)

/Applications/ArmGNUToolchain/14.2.rel1/arm-none-eabi/bin/../lib/gcc/arm-none-eabi/14.2.1/../../../../arm-none-eabi/lib/thumb/v7e-m+fp/hard/libm.a(libm_a-s_cos.o)
                              _build/stm32f411ce_blackpill/obj/lib/ssd1306/ssd1306.o (symbol from plugin) (cos)
/Applications/ArmGNUToolchain/14.2.rel1/arm-none-eabi/bin/../lib/gcc/arm-none-eabi/14.2.1/../../../../arm-none-eabi/lib/thumb/v7e-m+fp/hard/libm.a(libm_a-s_sin.o)
                              _build/stm32f411ce_blackpill/obj/lib/ssd1306/ssd1306.o (symbol from plugin) (sin)
/Applications/ArmGNUToolchain/14.2.rel1/arm-none-eabi/bin/../lib/gcc/arm-none-eabi/14.2.1/../../../../arm-none-eabi/lib/thumb/v7e-m+fp/hard/libm.a(libm_a-e_rem_pio2.o)
                              /Applications/ArmGNUToolchain/14.2.rel1/arm-none-eabi/bin/../lib/gcc/arm-none-eabi/14.2.1/../../../../arm-none-eabi/lib/thumb/v7e-m+fp/hard/libm.a(libm_a-s_cos.o) (__ieee754_rem_pio2)
/Applications/ArmGNUToolchain/14.2.rel1/arm-none-eabi/bin/../lib/gcc/arm-none-eabi/14.2.1/../../../../arm-none-eabi/lib/thumb/v7e-m+fp/hard/libm.a(libm_a-k_rem_pio2.o)
                              /Applications/ArmGNUToolchain/14.2.rel1/arm-none-eabi/bin/../lib/gcc/arm-none-eabi/14.2.1/../../../../arm-none-eabi/lib/thumb/v7e-m+fp/hard/libm.a(libm_a-e_rem_pio2.o) (__kernel_rem_pio2)
/Applications/ArmGNUToolchain/14.2.rel1/arm-none-eabi/bin/../lib/gcc/arm-none-eabi/14.2.1/../../../../arm-none-eabi/lib/thumb/v7e-m+fp/hard/libm.a(libm_a-k_cos.o)
                              /Applications/ArmGNUToolchain/14.2.rel1/arm-none-eabi/bin/../lib/gcc/arm-none-eabi/14.2.1/../../../../arm-none-eabi/lib/thumb/v7e-m+fp/hard/libm.a(libm_a-s_cos.o) (__kernel_cos)
/Applications/ArmGNUToolchain/14.2.rel1/arm-none-eabi/bin/../lib/gcc/arm-none-eabi/14.2.1/../../../../arm-none-eabi/lib/thumb/v7e-m+fp/hard/libm.a(libm_a-k_sin.o)
                              /Applications/ArmGNUToolchain/14.2.rel1/arm-none-eabi/bin/../lib/gcc/arm-none-eabi/14.2.1/../../../../arm-none-eabi/lib/thumb/v7e-m+fp/hard/libm.a(libm_a-s_cos.o) (__kernel_sin)
/Applications/ArmGNUToolchain/14.2.rel1/arm-none-eabi/bin/../lib/gcc/arm-none-eabi/14.2.1/../../../../arm-none-eabi/lib/thumb/v7e-m+fp/hard/libm.a(libm_a-s_fabs.o)
                              /Applications/ArmGNUToolchain/14.2.rel1/arm-none-eabi/bin/../lib/gcc/arm-none-eabi/14.2.1/../../../../arm-none-eabi/lib/thumb/v7e-m+fp/hard/libm.a(libm_a-e_rem_pio2.o) (fabs)
/Applications/ArmGNUToolchain/14.2.rel1/arm-none-eabi/bin/../lib/gcc/arm-none-eabi/14.2.1/../../../../arm-none-eabi/lib/thumb/v7e-m+fp/hard/libm.a(libm_a-s_scalbn.o)
                              /Applications/ArmGNUToolchain/14.2.rel1/arm-none-eabi/bin/../lib/gcc/arm-none-eabi/14.2.1/../../../../arm-none-eabi/lib/thumb/v7e-m+fp/hard/libm.a(libm_a-k_rem_pio2.o) (scalbn)
/Applications/ArmGNUToolchain/14.2.rel1/arm-none-eabi/bin/../lib/gcc/arm-none-eabi/14.2.1/../../../../arm-none-eabi/lib/thumb/v7e-m+fp/hard/libm.a(libm_a-s_floor.o)
                              /Applications/ArmGNUToolchain/14.2.rel1/arm-none-eabi/bin/../lib/gcc/arm-none-eabi/14.2.1/../../../../arm-none-eabi/lib/thumb/v7e-m+fp/hard/libm.a(libm_a-k_rem_pio2.o) (floor)
/Applications/ArmGNUToolchain/14.2.rel1/arm-none-eabi/bin/../lib/gcc/arm-none-eabi/14.2.1/../../../../arm-none-eabi/lib/thumb/v7e-m+fp/hard/libc_nano.a(libc_a-init.o)
                              _build/stm32f411ce_blackpill/obj/lib/mcu/st/cmsis_device_f4/Source/Templates/gcc/startup_stm32f411xe.o (__libc_init_array)
/Applications/ArmGNUToolchain/14.2.rel1/arm-none-eabi/bin/../lib/gcc/arm-none-eabi/14.2.1/../../../../arm-none-eabi/lib/thumb/v7e-m+fp/hard/libc_nano.a(libc_a-ctype_.o)
                              _build/stm32f411ce_blackpill/obj/lib/tinyusb/src/tusb.o (symbol from plugin) (_ctype_)
/Applications/ArmGNUToolchain/14.2.rel1/arm-none-eabi/bin/../lib/gcc/arm-none-eabi/14.2.1/thumb/v7e-m+fp/hard/libgcc.a(_arm_muldf3.o)
                              /Applications/ArmGNUToolchain/14.2.rel1/arm-none-eabi/bin/../lib/gcc/arm-none-eabi/14.2.1/../../../../arm-none-eabi/lib/thumb/v7e-m+fp/hard/libm.a(libm_a-e_rem_pio2.o) (__aeabi_dmul)
/Applications/ArmGNUToolchain/14.2.rel1/arm-none-eabi/bin/../lib/gcc/arm-none-eabi/14.2.1/thumb/v7e-m+fp/hard/libgcc.a(_arm_addsubdf3.o)
                              /Applications/ArmGNUToolchain/14.2.rel1/arm-none-eabi/bin/../lib/gcc/arm-none-eabi/14.2.1/../../../../arm-none-eabi/lib/thumb/v7e-m+fp/hard/libm.a(libm_a-s_cos.o) (__aeabi_dsub)
/Applications/ArmGNUToolchain/14.2.rel1/arm-none-eabi/bin/../lib/gcc/arm-none-eabi/14.2.1/thumb/v7e-m+fp/hard/libgcc.a(_arm_cmpdf2.o)
                              /Applications/ArmGNUToolchain/14.2.rel1/arm-none-eabi/bin/../lib/gcc/arm-none-eabi/14.2.1/../../../../arm-none-eabi/lib/thumb/v7e-m+fp/hard/libm.a(libm_a-e_rem_pio2.o) (__aeabi_dcmpeq)
[...]
Memory Configuration

Name             Origin             Length             Attributes
RAM              0x20000000         0x0000fffc         xrw
FLASH            0x08000000         0x0000c000         xr
CONFIG           0x08007c00         0x00000400         xr
*default*        0x00000000         0xffffffff

Linker script and memory map

                0x2000fffc                        _estack = (ORIGIN (RAM) + LENGTH (RAM))
                0x2000fffc                        _board_dfu_dbl_tap = _estack
                0x00000200                        _Min_Heap_Size = 0x200
                0x00000400                        _Min_Stack_Size = 0x400

.isr_vector     0x08000000      0x198
                0x08000000                        . = ALIGN (0x4)
 *(.isr_vector)
 .isr_vector    0x08000000      0x198 _build/stm32f411ce_blackpill/obj/lib/mcu/st/cmsis_device_f4/Source/Templates/gcc/startup_stm32f411xe.o
                0x08000000                g_pfnVectors
                0x08000198                        . = ALIGN (0x4)

.text           0x080001a0     0x73ec
                0x080001a0                        . = ALIGN (0x4)
 *(.text)
 .text          0x080001a0       0x10 /Applications/ArmGNUToolchain/14.2.rel1/arm-none-eabi/bin/../lib/gcc/arm-none-eabi/14.2.1/../../../../arm-none-eabi/lib/thumb/v7e-m+fp/hard/libc_nano.a(libc_a-strlen.o)
                0x080001a0                strlen
 .text          0x080001b0       0xa0 /Applications/ArmGNUToolchain/14.2.rel1/arm-none-eabi/bin/../lib/gcc/arm-none-eabi/14.2.1/../../../../arm-none-eabi/lib/thumb/v7e-m+fp/hard/libc_nano.a(libc_a-memchr.o)
                0x080001b0                memchr
 .text          0x08000250       0x30 /Applications/ArmGNUToolchain/14.2.rel1/arm-none-eabi/bin/../lib/gcc/arm-none-eabi/14.2.1/thumb/v7e-m+fp/hard/libgcc.a(_aeabi_uldivmod.o)
                0x08000250                __aeabi_uldivmod
 .text          0x08000280        0x4 /Applications/ArmGNUToolchain/14.2.rel1/arm-none-eabi/bin/../lib/gcc/arm-none-eabi/14.2.1/thumb/v7e-m+fp/hard/libgcc.a(_dvmd_tls.o)
                0x08000280                __aeabi_ldiv0
                0x08000280                __aeabi_idiv0
 *(.text*)
 .text.Reset_Handler
                0x08000284       0x50 _build/stm32f411ce_blackpill/obj/lib/mcu/st/cmsis_device_f4/Source/Templates/gcc/startup_stm32f411xe.o
                0x08000284                Reset_Handler
 .text.Default_Handler
                0x080002d4        0x2 _build/stm32f411ce_blackpill/obj/lib/mcu/st/cmsis_device_f4/Source/Templates/gcc/startup_stm32f411xe.o
                0x080002d4                DMA1_Stream3_IRQHandler
                0x080002d4                EXTI2_IRQHandler
                0x080002d4                DebugMon_Handler
                0x080002d4                SPI4_IRQHandler
                0x080002d4                TIM1_CC_IRQHandler
                0x080002d4                DMA2_Stream5_IRQHandler
                0x080002d4                HardFault_Handler
                0x080002d4                DMA1_Stream5_IRQHandler
                0x080002d4                PVD_IRQHandler
                0x080002d4                SDIO_IRQHandler
                0x080002d4                TAMP_STAMP_IRQHandler
                0x080002d4                PendSV_Handler
                0x080002d4                NMI_Handler
                0x080002d4                EXTI3_IRQHandler
                0x080002d4                TIM1_UP_TIM10_IRQHandler
                0x080002d4                I2C3_ER_IRQHandler
                0x080002d4                EXTI0_IRQHandler
                0x080002d4                I2C2_EV_IRQHandler
                0x080002d4                DMA1_Stream2_IRQHandler
                0x080002d4                FPU_IRQHandler
                0x080002d4                UsageFault_Handler
                0x080002d4                DMA2_Stream2_IRQHandler
                0x080002d4                SPI1_IRQHandler
                0x080002d4                TIM1_BRK_TIM9_IRQHandler
                0x080002d4                DMA2_Stream3_IRQHandler
                0x080002d4                USART6_IRQHandler
                0x080002d4                DMA2_Stream0_IRQHandler
                0x080002d4                TIM4_IRQHandler
                0x080002d4                I2C1_EV_IRQHandler
                0x080002d4                DMA1_Stream6_IRQHandler
                0x080002d4                DMA1_Stream1_IRQHandler
                0x080002d4                TIM3_IRQHandler
                0x080002d4                RCC_IRQHandler
                0x080002d4                Default_Handler
                0x080002d4                EXTI15_10_IRQHandler
                0x080002d4                ADC_IRQHandler
                0x080002d4                DMA1_Stream7_IRQHandler
                0x080002d4                SPI5_IRQHandler
                0x080002d4                TIM5_IRQHandler
                0x080002d4                DMA2_Stream7_IRQHandler
                0x080002d4                I2C3_EV_IRQHandler
                0x080002d4                EXTI9_5_IRQHandler
                0x080002d4                RTC_WKUP_IRQHandler
                0x080002d4                SPI2_IRQHandler
                0x080002d4                MemManage_Handler
                0x080002d4                DMA1_Stream0_IRQHandler
                0x080002d4                SVC_Handler
                0x080002d4                EXTI4_IRQHandler
                0x080002d4                WWDG_IRQHandler
                0x080002d4                TIM2_IRQHandler
                0x080002d4                OTG_FS_WKUP_IRQHandler
                0x080002d4                TIM1_TRG_COM_TIM11_IRQHandler
                0x080002d4                EXTI1_IRQHandler
                0x080002d4                USART2_IRQHandler
                0x080002d4                I2C2_ER_IRQHandler
                0x080002d4                DMA2_Stream1_IRQHandler
                0x080002d4                FLASH_IRQHandler
                0x080002d4                DMA2_Stream4_IRQHandler
                0x080002d4                BusFault_Handler
                0x080002d4                USART1_IRQHandler
                0x080002d4                SPI3_IRQHandler
                0x080002d4                DMA1_Stream4_IRQHandler
                0x080002d4                I2C1_ER_IRQHandler
                0x080002d4                DMA2_Stream6_IRQHandler
                0x080002d4                RTC_Alarm_IRQHandler
 *fill*         0x080002d6        0x2 
 .text.is_uf2_block
                0x080002d8       0x54 /var/folders/22/3r1y38fj3jv6y45lkqfh11sw0000gn/T//cczrtIqb.ltrans0.ltrans.o
 .text.init_starting_clusters
                0x0800032c       0x54 /var/folders/22/3r1y38fj3jv6y45lkqfh11sw0000gn/T//cczrtIqb.ltrans0.ltrans.o
 .text.info_index_of
                0x08000380       0x40 /var/folders/22/3r1y38fj3jv6y45lkqfh11sw0000gn/T//cczrtIqb.ltrans0.ltrans.o
 .text.u32_to_hexstr
                0x080003c0       0x48 /var/folders/22/3r1y38fj3jv6y45lkqfh11sw0000gn/T//cczrtIqb.ltrans0.ltrans.o
 .text.padded_memcpy
                0x08000408       0x2a /var/folders/22/3r1y38fj3jv6y45lkqfh11sw0000gn/T//cczrtIqb.ltrans0.ltrans.o
 .text.tud_msc_test_unit_ready_cb
                0x08000432        0x4 /var/folders/22/3r1y38fj3jv6y45lkqfh11sw0000gn/T//cczrtIqb.ltrans0.ltrans.o
 *fill*         0x08000436        0x2 
 .text.tud_msc_capacity_cb
                0x08000438       0x10 /var/folders/22/3r1y38fj3jv6y45lkqfh11sw0000gn/T//cczrtIqb.ltrans0.ltrans.o
 .text.tud_msc_start_stop_cb
                0x08000448        0x4 /var/folders/22/3r1y38fj3jv6y45lkqfh11sw0000gn/T//cczrtIqb.ltrans0.ltrans.o
 .text.tud_descriptor_device_cb
                0x0800044c        0x8 /var/folders/22/3r1y38fj3jv6y45lkqfh11sw0000gn/T//cczrtIqb.ltrans0.ltrans.o
 .text.tud_descriptor_configuration_cb
                0x08000454        0x8 /var/folders/22/3r1y38fj3jv6y45lkqfh11sw0000gn/T//cczrtIqb.ltrans0.ltrans.o
 .text.tu_edpt_bind_driver
                0x0800045c       0x4a /var/folders/22/3r1y38fj3jv6y45lkqfh11sw0000gn/T//cczrtIqb.ltrans0.ltrans.o
 .text.advance_index
                0x080004a6       0x1a /var/folders/22/3r1y38fj3jv6y45lkqfh11sw0000gn/T//cczrtIqb.ltrans0.ltrans.o
 .text.tu_fifo_full
                0x080004c0       0x28 /var/folders/22/3r1y38fj3jv6y45lkqfh11sw0000gn/T//cczrtIqb.ltrans0.ltrans.o
 .text.tu_fifo_clear
                0x080004e8        0xa /var/folders/22/3r1y38fj3jv6y45lkqfh11sw0000gn/T//cczrtIqb.ltrans0.ltrans.o
 .text.tud_descriptor_bos_cb
                0x080004f2        0x4 /var/folders/22/3r1y38fj3jv6y45lkqfh11sw0000gn/T//cczrtIqb.ltrans0.ltrans.o
 .text.tud_descriptor_device_qualifier_cb
                0x080004f6        0x4 /var/folders/22/3r1y38fj3jv6y45lkqfh11sw0000gn/T//cczrtIqb.ltrans0.ltrans.o
 .text.tud_descriptor_other_speed_configuration_cb
                0x080004fa        0x4 /var/folders/22/3r1y38fj3jv6y45lkqfh11sw0000gn/T//cczrtIqb.ltrans0.ltrans.o
 .text.tud_vendor_control_xfer_cb
                0x080004fe        0x4 /var/folders/22/3r1y38fj3jv6y45lkqfh11sw0000gn/T//cczrtIqb.ltrans0.ltrans.o
 *fill*         0x08000502        0x2 
 .text.tud_inited
                0x08000504       0x10 /var/folders/22/3r1y38fj3jv6y45lkqfh11sw0000gn/T//cczrtIqb.ltrans0.ltrans.o
 .text.usbd_edpt_busy
                0x08000514       0x1c /var/folders/22/3r1y38fj3jv6y45lkqfh11sw0000gn/T//cczrtIqb.ltrans0.ltrans.o
 .text.usbd_edpt_stalled
                0x08000530       0x1c /var/folders/22/3r1y38fj3jv6y45lkqfh11sw0000gn/T//cczrtIqb.ltrans0.ltrans.o
 .text.usbd_control_set_complete_callback
                0x0800054c        0xc /var/folders/22/3r1y38fj3jv6y45lkqfh11sw0000gn/T//cczrtIqb.ltrans0.ltrans.o
 .text.invoke_class_control
                0x08000558       0x1a /var/folders/22/3r1y38fj3jv6y45lkqfh11sw0000gn/T//cczrtIqb.ltrans0.ltrans.o
 *fill*         0x08000572        0x2 
 .text.usbd_control_set_request
                0x08000574       0x1c /var/folders/22/3r1y38fj3jv6y45lkqfh11sw0000gn/T//cczrtIqb.ltrans0.ltrans.o
 .text.tud_msc_set_sense
                0x08000590       0x18 /var/folders/22/3r1y38fj3jv6y45lkqfh11sw0000gn/T//cczrtIqb.ltrans0.ltrans.o
 .text.tud_msc_scsi_cb
                0x080005a8       0x1c /var/folders/22/3r1y38fj3jv6y45lkqfh11sw0000gn/T//cczrtIqb.ltrans0.ltrans.o
 .text.proc_bot_reset
                0x080005c4       0x18 /var/folders/22/3r1y38fj3jv6y45lkqfh11sw0000gn/T//cczrtIqb.ltrans0.ltrans.o
 .text.__NVIC_SystemReset
                0x080005dc       0x24 /var/folders/22/3r1y38fj3jv6y45lkqfh11sw0000gn/T//cczrtIqb.ltrans0.ltrans.o
 .text.board_dfu_complete
                0x08000600        0x6 /var/folders/22/3r1y38fj3jv6y45lkqfh11sw0000gn/T//cczrtIqb.ltrans0.ltrans.o
 *fill*         0x08000606        0x2 
 .text.board_usb_get_serial
                0x08000608       0x1c /var/folders/22/3r1y38fj3jv6y45lkqfh11sw0000gn/T//cczrtIqb.ltrans0.ltrans.o
 .text.board_timer_start
                0x08000624       0x3c /var/folders/22/3r1y38fj3jv6y45lkqfh11sw0000gn/T//cczrtIqb.ltrans0.ltrans.o
 .text.board_timer_stop
                0x08000660        0xe /var/folders/22/3r1y38fj3jv6y45lkqfh11sw0000gn/T//cczrtIqb.ltrans0.ltrans.o
 *fill*         0x0800066e        0x2 
 .text.indicator_set
                0x08000670       0x6c /var/folders/22/3r1y38fj3jv6y45lkqfh11sw0000gn/T//cczrtIqb.ltrans0.ltrans.o
 .text.tud_mount_cb
                0x080006dc        0xa /var/folders/22/3r1y38fj3jv6y45lkqfh11sw0000gn/T//cczrtIqb.ltrans0.ltrans.o
 .text.tud_umount_cb
                0x080006e6        0xa /var/folders/22/3r1y38fj3jv6y45lkqfh11sw0000gn/T//cczrtIqb.ltrans0.ltrans.o
 .text.is_blank
                0x080006f0       0x1a /var/folders/22/3r1y38fj3jv6y45lkqfh11sw0000gn/T//cczrtIqb.ltrans0.ltrans.o
 .text.board_flash_size
                0x0800070a        0x6 /var/folders/22/3r1y38fj3jv6y45lkqfh11sw0000gn/T//cczrtIqb.ltrans0.ltrans.o
 .text.SystemCoreClockUpdate
                0x08000710       0xa0 /var/folders/22/3r1y38fj3jv6y45lkqfh11sw0000gn/T//cczrtIqb.ltrans0.ltrans.o
 .text.HAL_IncTick
                0x080007b0       0x10 /var/folders/22/3r1y38fj3jv6y45lkqfh11sw0000gn/T//cczrtIqb.ltrans0.ltrans.o
 .text.HAL_GetTick
                0x080007c0        0xc /var/folders/22/3r1y38fj3jv6y45lkqfh11sw0000gn/T//cczrtIqb.ltrans0.ltrans.o
 .text.__NVIC_EnableIRQ.lto_priv.0
                0x080007cc       0x1c /var/folders/22/3r1y38fj3jv6y45lkqfh11sw0000gn/T//cczrtIqb.ltrans0.ltrans.o
 .text.__NVIC_SetPriority
                0x080007e8       0x28 /var/folders/22/3r1y38fj3jv6y45lkqfh11sw0000gn/T//cczrtIqb.ltrans0.ltrans.o
 .text.NVIC_EncodePriority
                0x08000810       0x3e /var/folders/22/3r1y38fj3jv6y45lkqfh11sw0000gn/T//cczrtIqb.ltrans0.ltrans.o
 *fill*         0x0800084e        0x2 
 .text.HAL_NVIC_SetPriority
                0x08000850       0x20 /var/folders/22/3r1y38fj3jv6y45lkqfh11sw0000gn/T//cczrtIqb.ltrans0.ltrans.o
 .text.HAL_NVIC_EnableIRQ
                0x08000870        0x8 /var/folders/22/3r1y38fj3jv6y45lkqfh11sw0000gn/T//cczrtIqb.ltrans0.ltrans.o
 .text.HAL_SYSTICK_Config
                0x08000878       0x28 /var/folders/22/3r1y38fj3jv6y45lkqfh11sw0000gn/T//cczrtIqb.ltrans0.ltrans.o
 .text.HAL_InitTick
                0x080008a0       0x44 /var/folders/22/3r1y38fj3jv6y45lkqfh11sw0000gn/T//cczrtIqb.ltrans0.ltrans.o
 .text.HAL_RCC_OscConfig
                0x080008e4      0x3ec /var/folders/22/3r1y38fj3jv6y45lkqfh11sw0000gn/T//cczrtIqb.ltrans0.ltrans.o
 .text.HAL_RCC_GetSysClockFreq
                0x08000cd0       0x74 /var/folders/22/3r1y38fj3jv6y45lkqfh11sw0000gn/T//cczrtIqb.ltrans0.ltrans.o
 .text.HAL_RCC_ClockConfig
                0x08000d44      0x160 /var/folders/22/3r1y38fj3jv6y45lkqfh11sw0000gn/T//cczrtIqb.ltrans0.ltrans.o
 .text.clock_init
                0x08000ea4       0x84 /var/folders/22/3r1y38fj3jv6y45lkqfh11sw0000gn/T//cczrtIqb.ltrans0.ltrans.o
 .text.HAL_RCC_GetHCLKFreq
                0x08000f28        0xc /var/folders/22/3r1y38fj3jv6y45lkqfh11sw0000gn/T//cczrtIqb.ltrans0.ltrans.o
 .text.HAL_RCC_GetPCLK1Freq
                0x08000f34       0x20 /var/folders/22/3r1y38fj3jv6y45lkqfh11sw0000gn/T//cczrtIqb.ltrans0.ltrans.o
 .text.HAL_RCC_GetPCLK2Freq
                0x08000f54       0x20 /var/folders/22/3r1y38fj3jv6y45lkqfh11sw0000gn/T//cczrtIqb.ltrans0.ltrans.o
 .text.HAL_GPIO_Init
                0x08000f74      0x1ac /var/folders/22/3r1y38fj3jv6y45lkqfh11sw0000gn/T//cczrtIqb.ltrans0.ltrans.o
 .text.HAL_GPIO_DeInit
                0x08001120      0x110 /var/folders/22/3r1y38fj3jv6y45lkqfh11sw0000gn/T//cczrtIqb.ltrans0.ltrans.o
 .text.HAL_GPIO_WritePin
                0x08001230        0xc /var/folders/22/3r1y38fj3jv6y45lkqfh11sw0000gn/T//cczrtIqb.ltrans0.ltrans.o
 .text.board_led_write
                0x0800123c       0x18 /var/folders/22/3r1y38fj3jv6y45lkqfh11sw0000gn/T//cczrtIqb.ltrans0.ltrans.o
 .text.board_timer_handler
                0x08001254       0x4c /var/folders/22/3r1y38fj3jv6y45lkqfh11sw0000gn/T//cczrtIqb.ltrans0.ltrans.o
 .text.HAL_FLASH_Unlock
                0x080012a0       0x30 /var/folders/22/3r1y38fj3jv6y45lkqfh11sw0000gn/T//cczrtIqb.ltrans0.ltrans.o
 .text.HAL_FLASH_Lock
                0x080012d0       0x14 /var/folders/22/3r1y38fj3jv6y45lkqfh11sw0000gn/T//cczrtIqb.ltrans0.ltrans.o
 .text.HAL_FLASH_OB_Unlock
                0x080012e4       0x28 /var/folders/22/3r1y38fj3jv6y45lkqfh11sw0000gn/T//cczrtIqb.ltrans0.ltrans.o
 .text.HAL_FLASH_OB_Lock
                0x0800130c       0x14 /var/folders/22/3r1y38fj3jv6y45lkqfh11sw0000gn/T//cczrtIqb.ltrans0.ltrans.o
 .text.FLASH_Program_DoubleWord
                0x08001320       0x30 /var/folders/22/3r1y38fj3jv6y45lkqfh11sw0000gn/T//cczrtIqb.ltrans0.ltrans.o
 .text.FLASH_Program_Word
                0x08001350       0x24 /var/folders/22/3r1y38fj3jv6y45lkqfh11sw0000gn/T//cczrtIqb.ltrans0.ltrans.o
 .text.FLASH_Program_HalfWord
                0x08001374       0x24 /var/folders/22/3r1y38fj3jv6y45lkqfh11sw0000gn/T//cczrtIqb.ltrans0.ltrans.o
 .text.FLASH_Program_Byte
                0x08001398       0x20 /var/folders/22/3r1y38fj3jv6y45lkqfh11sw0000gn/T//cczrtIqb.ltrans0.ltrans.o
 .text.FLASH_SetErrorCode
                0x080013b8       0xa8 /var/folders/22/3r1y38fj3jv6y45lkqfh11sw0000gn/T//cczrtIqb.ltrans0.ltrans.o
 .text.FLASH_WaitForLastOperation
                0x08001460       0x60 /var/folders/22/3r1y38fj3jv6y45lkqfh11sw0000gn/T//cczrtIqb.ltrans0.ltrans.o
 .text.HAL_FLASH_Program
                0x080014c0       0x7c /var/folders/22/3r1y38fj3jv6y45lkqfh11sw0000gn/T//cczrtIqb.ltrans0.ltrans.o
 .text.HAL_FLASH_OB_Launch
                0x0800153c       0x1c /var/folders/22/3r1y38fj3jv6y45lkqfh11sw0000gn/T//cczrtIqb.ltrans0.ltrans.o
 .text.FLASH_Erase_Sector
                0x08001558       0x4c /var/folders/22/3r1y38fj3jv6y45lkqfh11sw0000gn/T//cczrtIqb.ltrans0.ltrans.o
 .text.FLASH_OB_EnableWRP
                0x080015a4       0x20 /var/folders/22/3r1y38fj3jv6y45lkqfh11sw0000gn/T//cczrtIqb.ltrans0.ltrans.o
 .text.FLASH_OB_DisableWRP
                0x080015c4       0x20 /var/folders/22/3r1y38fj3jv6y45lkqfh11sw0000gn/T//cczrtIqb.ltrans0.ltrans.o
 .text.FLASH_OB_RDP_LevelConfig
                0x080015e4       0x18 /var/folders/22/3r1y38fj3jv6y45lkqfh11sw0000gn/T//cczrtIqb.ltrans0.ltrans.o
 .text.FLASH_OB_UserConfig
                0x080015fc       0x2c /var/folders/22/3r1y38fj3jv6y45lkqfh11sw0000gn/T//cczrtIqb.ltrans0.ltrans.o
 .text.FLASH_OB_BOR_LevelConfig
                0x08001628       0x18 /var/folders/22/3r1y38fj3jv6y45lkqfh11sw0000gn/T//cczrtIqb.ltrans0.ltrans.o
 .text.HAL_FLASHEx_OBProgram
                0x08001640       0x84 /var/folders/22/3r1y38fj3jv6y45lkqfh11sw0000gn/T//cczrtIqb.ltrans0.ltrans.o
 .text.FLASH_OB_GetUser
                0x080016c4       0x10 /var/folders/22/3r1y38fj3jv6y45lkqfh11sw0000gn/T//cczrtIqb.ltrans0.ltrans.o
 .text.FLASH_OB_GetWRP
                0x080016d4        0xc /var/folders/22/3r1y38fj3jv6y45lkqfh11sw0000gn/T//cczrtIqb.ltrans0.ltrans.o
 .text.FLASH_OB_GetRDP
                0x080016e0       0x1c /var/folders/22/3r1y38fj3jv6y45lkqfh11sw0000gn/T//cczrtIqb.ltrans0.ltrans.o
 .text.FLASH_OB_GetBOR
                0x080016fc       0x10 /var/folders/22/3r1y38fj3jv6y45lkqfh11sw0000gn/T//cczrtIqb.ltrans0.ltrans.o
 .text.HAL_FLASHEx_OBGetConfig
                0x0800170c       0x22 /var/folders/22/3r1y38fj3jv6y45lkqfh11sw0000gn/T//cczrtIqb.ltrans0.ltrans.o
 .text.HAL_UART_DeInit
                0x0800172e       0x2a /var/folders/22/3r1y38fj3jv6y45lkqfh11sw0000gn/T//cczrtIqb.ltrans0.ltrans.o
 .text.board_app_jump
                0x08001758       0x98 /var/folders/22/3r1y38fj3jv6y45lkqfh11sw0000gn/T//cczrtIqb.ltrans0.ltrans.o
 .text.UART_WaitOnFlagUntilTimeout
                0x080017f0       0x68 /var/folders/22/3r1y38fj3jv6y45lkqfh11sw0000gn/T//cczrtIqb.ltrans0.ltrans.o
 .text.HAL_UART_Transmit
                0x08001858       0xde /var/folders/22/3r1y38fj3jv6y45lkqfh11sw0000gn/T//cczrtIqb.ltrans0.ltrans.o
 *fill*         0x08001936        0x2 
 .text.board_uart_write
                0x08001938       0x1c /var/folders/22/3r1y38fj3jv6y45lkqfh11sw0000gn/T//cczrtIqb.ltrans0.ltrans.o
 .text.UART_SetConfig
                0x08001954      0x15c /var/folders/22/3r1y38fj3jv6y45lkqfh11sw0000gn/T//cczrtIqb.ltrans0.ltrans.o
 .text.HAL_UART_Init
                0x08001ab0       0x5a /var/folders/22/3r1y38fj3jv6y45lkqfh11sw0000gn/T//cczrtIqb.ltrans0.ltrans.o
 *fill*         0x08001b0a        0x2 
 .text.HAL_I2C_Init
                0x08001b0c      0x1ac /var/folders/22/3r1y38fj3jv6y45lkqfh11sw0000gn/T//cczrtIqb.ltrans0.ltrans.o
 .text.I2C_WaitOnFlagUntilTimeout
                0x08001cb8       0x7c /var/folders/22/3r1y38fj3jv6y45lkqfh11sw0000gn/T//cczrtIqb.ltrans0.ltrans.o
 .text.HAL_I2C_IsDeviceReady
                0x08001d34      0x18c /var/folders/22/3r1y38fj3jv6y45lkqfh11sw0000gn/T//cczrtIqb.ltrans0.ltrans.o
 .text.I2C_WaitOnMasterAddressFlagUntilTimeout
                0x08001ec0       0xaa /var/folders/22/3r1y38fj3jv6y45lkqfh11sw0000gn/T//cczrtIqb.ltrans0.ltrans.o
 .text.I2C_IsAcknowledgeFailed
                0x08001f6a       0x32 /var/folders/22/3r1y38fj3jv6y45lkqfh11sw0000gn/T//cczrtIqb.ltrans0.ltrans.o
 .text.I2C_WaitOnTXEFlagUntilTimeout
                0x08001f9c       0x54 /var/folders/22/3r1y38fj3jv6y45lkqfh11sw0000gn/T//cczrtIqb.ltrans0.ltrans.o
 .text.I2C_RequestMemoryWrite
                0x08001ff0       0xd8 /var/folders/22/3r1y38fj3jv6y45lkqfh11sw0000gn/T//cczrtIqb.ltrans0.ltrans.o
 .text.I2C_WaitOnBTFFlagUntilTimeout
                0x080020c8       0x54 /var/folders/22/3r1y38fj3jv6y45lkqfh11sw0000gn/T//cczrtIqb.ltrans0.ltrans.o
 .text.HAL_I2C_Mem_Write
                0x0800211c      0x160 /var/folders/22/3r1y38fj3jv6y45lkqfh11sw0000gn/T//cczrtIqb.ltrans0.ltrans.o
 .text.width    0x0800227c        0x4 /var/folders/22/3r1y38fj3jv6y45lkqfh11sw0000gn/T//cczrtIqb.ltrans0.ltrans.o
 .text.height   0x08002280        0x4 /var/folders/22/3r1y38fj3jv6y45lkqfh11sw0000gn/T//cczrtIqb.ltrans0.ltrans.o
 .text.ssd1306_GetWidth
                0x08002284        0x4 /var/folders/22/3r1y38fj3jv6y45lkqfh11sw0000gn/T//cczrtIqb.ltrans0.ltrans.o
 .text.ssd1306_GetHeight
                0x08002288        0x4 /var/folders/22/3r1y38fj3jv6y45lkqfh11sw0000gn/T//cczrtIqb.ltrans0.ltrans.o
 .text.ssd1306_SetColor
                0x0800228c        0xc /var/folders/22/3r1y38fj3jv6y45lkqfh11sw0000gn/T//cczrtIqb.ltrans0.ltrans.o
 .text.ssd1306_DrawPixel
                0x08002298       0x70 /var/folders/22/3r1y38fj3jv6y45lkqfh11sw0000gn/T//cczrtIqb.ltrans0.ltrans.o
 .text.ssd1306_WriteChar
                0x08002308       0xb4 /var/folders/22/3r1y38fj3jv6y45lkqfh11sw0000gn/T//cczrtIqb.ltrans0.ltrans.o
 .text.ssd1306_WriteString
                0x080023bc       0x2a /var/folders/22/3r1y38fj3jv6y45lkqfh11sw0000gn/T//cczrtIqb.ltrans0.ltrans.o
 *fill*         0x080023e6        0x2 
 .text.ssd1306_SetCursor
                0x080023e8        0xc /var/folders/22/3r1y38fj3jv6y45lkqfh11sw0000gn/T//cczrtIqb.ltrans0.ltrans.o
 .text.ssd1306_WriteCommand
                0x080023f4       0x2c /var/folders/22/3r1y38fj3jv6y45lkqfh11sw0000gn/T//cczrtIqb.ltrans0.ltrans.o
 .text.ssd1306_WriteData
                0x08002420       0x24 /var/folders/22/3r1y38fj3jv6y45lkqfh11sw0000gn/T//cczrtIqb.ltrans0.ltrans.o
 .text.ssd1306_UpdateScreen
                0x08002444       0x3c /var/folders/22/3r1y38fj3jv6y45lkqfh11sw0000gn/T//cczrtIqb.ltrans0.ltrans.o
 .text.__NVIC_EnableIRQ.lto_priv.1
                0x08002480       0x1c /var/folders/22/3r1y38fj3jv6y45lkqfh11sw0000gn/T//cczrtIqb.ltrans0.ltrans.o
 .text.__NVIC_DisableIRQ
                0x0800249c       0x24 /var/folders/22/3r1y38fj3jv6y45lkqfh11sw0000gn/T//cczrtIqb.ltrans0.ltrans.o
 .text.dwc2_phy_update
                0x080024c0       0x9c /var/folders/22/3r1y38fj3jv6y45lkqfh11sw0000gn/T//cczrtIqb.ltrans0.ltrans.o
 .text.edpt_activate
                0x0800255c       0x94 /var/folders/22/3r1y38fj3jv6y45lkqfh11sw0000gn/T//cczrtIqb.ltrans0.ltrans.o
 .text.edpt_disable
                0x080025f0       0xf8 /var/folders/22/3r1y38fj3jv6y45lkqfh11sw0000gn/T//cczrtIqb.ltrans0.ltrans.o
 .text.edpt_schedule_packets
                0x080026e8      0x114 /var/folders/22/3r1y38fj3jv6y45lkqfh11sw0000gn/T//cczrtIqb.ltrans0.ltrans.o
 .text.reset_core
                0x080027fc       0x18 /var/folders/22/3r1y38fj3jv6y45lkqfh11sw0000gn/T//cczrtIqb.ltrans0.ltrans.o
 .text.phy_hs_supported
                0x08002814        0x4 /var/folders/22/3r1y38fj3jv6y45lkqfh11sw0000gn/T//cczrtIqb.ltrans0.ltrans.o
 .text.phy_fs_init
                0x08002818       0x3a /var/folders/22/3r1y38fj3jv6y45lkqfh11sw0000gn/T//cczrtIqb.ltrans0.ltrans.o
 .text.phy_hs_init
                0x08002852       0x98 /var/folders/22/3r1y38fj3jv6y45lkqfh11sw0000gn/T//cczrtIqb.ltrans0.ltrans.o
 *fill*         0x080028ea        0x2 
 .text.dcd_int_enable
                0x080028ec       0x18 /var/folders/22/3r1y38fj3jv6y45lkqfh11sw0000gn/T//cczrtIqb.ltrans0.ltrans.o
 .text.dcd_int_disable
                0x08002904       0x18 /var/folders/22/3r1y38fj3jv6y45lkqfh11sw0000gn/T//cczrtIqb.ltrans0.ltrans.o
 .text.usbd_int_set
                0x0800291c       0x1c /var/folders/22/3r1y38fj3jv6y45lkqfh11sw0000gn/T//cczrtIqb.ltrans0.ltrans.o
 .text.dcd_connect
                0x08002938       0x18 /var/folders/22/3r1y38fj3jv6y45lkqfh11sw0000gn/T//cczrtIqb.ltrans0.ltrans.o
 .text.dcd_disconnect
                0x08002950       0x18 /var/folders/22/3r1y38fj3jv6y45lkqfh11sw0000gn/T//cczrtIqb.ltrans0.ltrans.o
 .text.dcd_sof_enable
                0x08002968       0x2c /var/folders/22/3r1y38fj3jv6y45lkqfh11sw0000gn/T//cczrtIqb.ltrans0.ltrans.o
 .text.dcd_edpt_close_all
                0x08002994       0xb0 /var/folders/22/3r1y38fj3jv6y45lkqfh11sw0000gn/T//cczrtIqb.ltrans0.ltrans.o
 .text.dcd_edpt_xfer
                0x08002a44       0x7c /var/folders/22/3r1y38fj3jv6y45lkqfh11sw0000gn/T//cczrtIqb.ltrans0.ltrans.o
 .text.dcd_set_address
                0x08002ac0       0x28 /var/folders/22/3r1y38fj3jv6y45lkqfh11sw0000gn/T//cczrtIqb.ltrans0.ltrans.o
 .text.dcd_edpt_stall
                0x08002ae8        0xa /var/folders/22/3r1y38fj3jv6y45lkqfh11sw0000gn/T//cczrtIqb.ltrans0.ltrans.o
 *fill*         0x08002af2        0x2 
 .text.usbd_edpt_stall
                0x08002af4       0x3c /var/folders/22/3r1y38fj3jv6y45lkqfh11sw0000gn/T//cczrtIqb.ltrans0.ltrans.o
 .text.fail_scsi_op
                0x08002b30       0x50 /var/folders/22/3r1y38fj3jv6y45lkqfh11sw0000gn/T//cczrtIqb.ltrans0.ltrans.o
 .text.dcd_edpt_clear_stall
                0x08002b80       0x40 /var/folders/22/3r1y38fj3jv6y45lkqfh11sw0000gn/T//cczrtIqb.ltrans0.ltrans.o
 .text.usbd_edpt_clear_stall
                0x08002bc0       0x3c /var/folders/22/3r1y38fj3jv6y45lkqfh11sw0000gn/T//cczrtIqb.ltrans0.ltrans.o
 .text.read_fifo_packet
                0x08002bfc       0x50 /var/folders/22/3r1y38fj3jv6y45lkqfh11sw0000gn/T//cczrtIqb.ltrans0.ltrans.o
 .text.write_fifo_packet
                0x08002c4c       0x54 /var/folders/22/3r1y38fj3jv6y45lkqfh11sw0000gn/T//cczrtIqb.ltrans0.ltrans.o
 .text.tud_msc_inquiry_cb
                0x08002ca0       0x78 /var/folders/22/3r1y38fj3jv6y45lkqfh11sw0000gn/T//cczrtIqb.ltrans0.ltrans.o
 .text._ff_push_const_addr
                0x08002d18       0x2e /var/folders/22/3r1y38fj3jv6y45lkqfh11sw0000gn/T//cczrtIqb.ltrans0.ltrans.o
 .text._ff_pull_const_addr
                0x08002d46       0x34 /var/folders/22/3r1y38fj3jv6y45lkqfh11sw0000gn/T//cczrtIqb.ltrans0.ltrans.o
 .text._ff_push_n
                0x08002d7a      0x102 /var/folders/22/3r1y38fj3jv6y45lkqfh11sw0000gn/T//cczrtIqb.ltrans0.ltrans.o
 .text._tu_fifo_write_n
                0x08002e7c       0xdc /var/folders/22/3r1y38fj3jv6y45lkqfh11sw0000gn/T//cczrtIqb.ltrans0.ltrans.o
 .text.tu_fifo_write_n_const_addr_full_words
                0x08002f58        0xa /var/folders/22/3r1y38fj3jv6y45lkqfh11sw0000gn/T//cczrtIqb.ltrans0.ltrans.o
 *fill*         0x08002f62        0x2 
 .text.handle_rxflvl_irq
                0x08002f64      0x118 /var/folders/22/3r1y38fj3jv6y45lkqfh11sw0000gn/T//cczrtIqb.ltrans0.ltrans.o
 .text._ff_pull_n
                0x0800307c      0x106 /var/folders/22/3r1y38fj3jv6y45lkqfh11sw0000gn/T//cczrtIqb.ltrans0.ltrans.o
 .text._tu_fifo_peek_n
                0x08003182       0x6a /var/folders/22/3r1y38fj3jv6y45lkqfh11sw0000gn/T//cczrtIqb.ltrans0.ltrans.o
 .text._tu_fifo_read_n
                0x080031ec       0x30 /var/folders/22/3r1y38fj3jv6y45lkqfh11sw0000gn/T//cczrtIqb.ltrans0.ltrans.o
 .text.tu_fifo_read_n_const_addr_full_words
                0x0800321c        0xa /var/folders/22/3r1y38fj3jv6y45lkqfh11sw0000gn/T//cczrtIqb.ltrans0.ltrans.o
 .text._tu_fifo_peek
                0x08003226       0x62 /var/folders/22/3r1y38fj3jv6y45lkqfh11sw0000gn/T//cczrtIqb.ltrans0.ltrans.o
 .text.tu_fifo_read
                0x08003288       0x24 /var/folders/22/3r1y38fj3jv6y45lkqfh11sw0000gn/T//cczrtIqb.ltrans0.ltrans.o
 .text.tu_fifo_write
                0x080032ac       0x46 /var/folders/22/3r1y38fj3jv6y45lkqfh11sw0000gn/T//cczrtIqb.ltrans0.ltrans.o
 .text.board_flash_read
                0x080032f2        0xe /var/folders/22/3r1y38fj3jv6y45lkqfh11sw0000gn/T//cczrtIqb.ltrans0.ltrans.o
 .text.uf2_init
                0x08003300       0x74 /var/folders/22/3r1y38fj3jv6y45lkqfh11sw0000gn/T//cczrtIqb.ltrans0.ltrans.o
 .text.tud_descriptor_string_cb
                0x08003374       0xd0 /var/folders/22/3r1y38fj3jv6y45lkqfh11sw0000gn/T//cczrtIqb.ltrans0.ltrans.o
 .text.uf2_read_block
                0x08003444      0x228 /var/folders/22/3r1y38fj3jv6y45lkqfh11sw0000gn/T//cczrtIqb.ltrans0.ltrans.o
 .text.usbd_control_reset
                0x0800366c       0x14 /var/folders/22/3r1y38fj3jv6y45lkqfh11sw0000gn/T//cczrtIqb.ltrans0.ltrans.o
 .text.mscd_init
                0x08003680       0x14 /var/folders/22/3r1y38fj3jv6y45lkqfh11sw0000gn/T//cczrtIqb.ltrans0.ltrans.o
 .text.mscd_reset
                0x08003694       0x14 /var/folders/22/3r1y38fj3jv6y45lkqfh11sw0000gn/T//cczrtIqb.ltrans0.ltrans.o
 .text.ssd1306_Clear
                0x080036a8       0x14 /var/folders/22/3r1y38fj3jv6y45lkqfh11sw0000gn/T//cczrtIqb.ltrans0.ltrans.o
 .text.ssd1306_Init
                0x080036bc       0xdc /var/folders/22/3r1y38fj3jv6y45lkqfh11sw0000gn/T//cczrtIqb.ltrans0.ltrans.o
 .text.bus_reset
                0x08003798       0xe4 /var/folders/22/3r1y38fj3jv6y45lkqfh11sw0000gn/T//cczrtIqb.ltrans0.ltrans.o
 .text.tud_msc_write10_complete_cb
                0x0800387c       0x50 /var/folders/22/3r1y38fj3jv6y45lkqfh11sw0000gn/T//cczrtIqb.ltrans0.ltrans.o
 .text.board_init
                0x080038cc      0x1e0 /var/folders/22/3r1y38fj3jv6y45lkqfh11sw0000gn/T//cczrtIqb.ltrans0.ltrans.o
 .text.tud_msc_read10_cb
                0x08003aac       0x58 /var/folders/22/3r1y38fj3jv6y45lkqfh11sw0000gn/T//cczrtIqb.ltrans0.ltrans.o
 .text.tu_edpt_validate
                0x08003b04       0xe0 /var/folders/22/3r1y38fj3jv6y45lkqfh11sw0000gn/T//cczrtIqb.ltrans0.ltrans.o
 .text.configuration_reset
                0x08003be4       0x88 /var/folders/22/3r1y38fj3jv6y45lkqfh11sw0000gn/T//cczrtIqb.ltrans0.ltrans.o
 .text.usbd_reset
                0x08003c6c        0xc /var/folders/22/3r1y38fj3jv6y45lkqfh11sw0000gn/T//cczrtIqb.ltrans0.ltrans.o
 .text.process_set_config
                0x08003c78      0x198 /var/folders/22/3r1y38fj3jv6y45lkqfh11sw0000gn/T//cczrtIqb.ltrans0.ltrans.o
 .text.dcd_event_handler
                0x08003e10      0x1dc /var/folders/22/3r1y38fj3jv6y45lkqfh11sw0000gn/T//cczrtIqb.ltrans0.ltrans.o
 .text.handle_epout_irq
                0x08003fec       0xfc /var/folders/22/3r1y38fj3jv6y45lkqfh11sw0000gn/T//cczrtIqb.ltrans0.ltrans.o
 .text.handle_epin_irq
                0x080040e8      0x158 /var/folders/22/3r1y38fj3jv6y45lkqfh11sw0000gn/T//cczrtIqb.ltrans0.ltrans.o
 .text.dcd_int_handler
                0x08004240      0x16c /var/folders/22/3r1y38fj3jv6y45lkqfh11sw0000gn/T//cczrtIqb.ltrans0.ltrans.o
 .text.usbd_edpt_xfer
                0x080043ac       0x94 /var/folders/22/3r1y38fj3jv6y45lkqfh11sw0000gn/T//cczrtIqb.ltrans0.ltrans.o
 .text._status_stage_xact
                0x08004440       0x1a /var/folders/22/3r1y38fj3jv6y45lkqfh11sw0000gn/T//cczrtIqb.ltrans0.ltrans.o
 *fill*         0x0800445a        0x2 
 .text.tud_control_status
                0x0800445c       0x28 /var/folders/22/3r1y38fj3jv6y45lkqfh11sw0000gn/T//cczrtIqb.ltrans0.ltrans.o
 .text._data_stage_xact
                0x08004484       0x5c /var/folders/22/3r1y38fj3jv6y45lkqfh11sw0000gn/T//cczrtIqb.ltrans0.ltrans.o
 .text.send_csw
                0x080044e0       0x20 /var/folders/22/3r1y38fj3jv6y45lkqfh11sw0000gn/T//cczrtIqb.ltrans0.ltrans.o
 .text.tud_control_xfer
                0x08004500       0xac /var/folders/22/3r1y38fj3jv6y45lkqfh11sw0000gn/T//cczrtIqb.ltrans0.ltrans.o
 .text.process_get_descriptor
                0x080045ac       0xf8 /var/folders/22/3r1y38fj3jv6y45lkqfh11sw0000gn/T//cczrtIqb.ltrans0.ltrans.o
 .text.process_control_request
                0x080046a4      0x3fc /var/folders/22/3r1y38fj3jv6y45lkqfh11sw0000gn/T//cczrtIqb.ltrans0.ltrans.o
 .text.usbd_control_xfer_cb
                0x08004aa0      0x104 /var/folders/22/3r1y38fj3jv6y45lkqfh11sw0000gn/T//cczrtIqb.ltrans0.ltrans.o
 .text.tud_task_ext
                0x08004ba4      0x204 /var/folders/22/3r1y38fj3jv6y45lkqfh11sw0000gn/T//cczrtIqb.ltrans0.ltrans.o
 .text.mscd_control_xfer_cb
                0x08004da8      0x164 /var/folders/22/3r1y38fj3jv6y45lkqfh11sw0000gn/T//cczrtIqb.ltrans0.ltrans.o
 .text.proc_write10_cmd
                0x08004f0c       0x7c /var/folders/22/3r1y38fj3jv6y45lkqfh11sw0000gn/T//cczrtIqb.ltrans0.ltrans.o
 .text.board_app_valid
                0x08004f88       0x48 /var/folders/22/3r1y38fj3jv6y45lkqfh11sw0000gn/T//cczrtIqb.ltrans0.ltrans.o
 .text.check_dfu_mode
                0x08004fd0       0xdc /var/folders/22/3r1y38fj3jv6y45lkqfh11sw0000gn/T//cczrtIqb.ltrans0.ltrans.o
 .text.flash_erase
                0x080050ac       0xc4 /var/folders/22/3r1y38fj3jv6y45lkqfh11sw0000gn/T//cczrtIqb.ltrans0.ltrans.o
 .text.board_flash_protect_bootloader
                0x08005170       0x84 /var/folders/22/3r1y38fj3jv6y45lkqfh11sw0000gn/T//cczrtIqb.ltrans0.ltrans.o
 .text.fifo_alloc
                0x080051f4       0xec /var/folders/22/3r1y38fj3jv6y45lkqfh11sw0000gn/T//cczrtIqb.ltrans0.ltrans.o
 .text.check_dwc2
                0x080052e0       0x58 /var/folders/22/3r1y38fj3jv6y45lkqfh11sw0000gn/T//cczrtIqb.ltrans0.ltrans.o
 .text.dcd_init
                0x08005338       0xb8 /var/folders/22/3r1y38fj3jv6y45lkqfh11sw0000gn/T//cczrtIqb.ltrans0.ltrans.o
 .text.tud_init
                0x080053f0       0xc8 /var/folders/22/3r1y38fj3jv6y45lkqfh11sw0000gn/T//cczrtIqb.ltrans0.ltrans.o
 .text.dcd_edpt_open
                0x080054b8       0x48 /var/folders/22/3r1y38fj3jv6y45lkqfh11sw0000gn/T//cczrtIqb.ltrans0.ltrans.o
 .text.usbd_edpt_open
                0x08005500       0x7c /var/folders/22/3r1y38fj3jv6y45lkqfh11sw0000gn/T//cczrtIqb.ltrans0.ltrans.o
 .text.usbd_open_edpt_pair
                0x0800557c       0xa4 /var/folders/22/3r1y38fj3jv6y45lkqfh11sw0000gn/T//cczrtIqb.ltrans0.ltrans.o
 .text.mscd_open
                0x08005620       0xd4 /var/folders/22/3r1y38fj3jv6y45lkqfh11sw0000gn/T//cczrtIqb.ltrans0.ltrans.o
 .text.rdwr10_validate_cmd
                0x080056f4       0x74 /var/folders/22/3r1y38fj3jv6y45lkqfh11sw0000gn/T//cczrtIqb.ltrans0.ltrans.o
 .text.proc_builtin_scsi
                0x08005768      0x330 /var/folders/22/3r1y38fj3jv6y45lkqfh11sw0000gn/T//cczrtIqb.ltrans0.ltrans.o
 .text.proc_read10_cmd
                0x08005a98       0xc0 /var/folders/22/3r1y38fj3jv6y45lkqfh11sw0000gn/T//cczrtIqb.ltrans0.ltrans.o
 .text.printdfu
                0x08005b58       0xa4 /var/folders/22/3r1y38fj3jv6y45lkqfh11sw0000gn/T//cczrtIqb.ltrans0.ltrans.o
 .text.board_dfu_init
                0x08005bfc       0x84 /var/folders/22/3r1y38fj3jv6y45lkqfh11sw0000gn/T//cczrtIqb.ltrans0.ltrans.o
 .text.flash_write
                0x08005c80       0x78 /var/folders/22/3r1y38fj3jv6y45lkqfh11sw0000gn/T//cczrtIqb.ltrans0.ltrans.o
 .text.board_flash_write
                0x08005cf8       0x1e /var/folders/22/3r1y38fj3jv6y45lkqfh11sw0000gn/T//cczrtIqb.ltrans0.ltrans.o
 *fill*         0x08005d16        0x2 
 .text.uf2_write_block
                0x08005d18       0x90 /var/folders/22/3r1y38fj3jv6y45lkqfh11sw0000gn/T//cczrtIqb.ltrans0.ltrans.o
 .text.tud_msc_write10_cb
                0x08005da8       0x30 /var/folders/22/3r1y38fj3jv6y45lkqfh11sw0000gn/T//cczrtIqb.ltrans0.ltrans.o
 .text.proc_write10_new_data
                0x08005dd8       0xc0 /var/folders/22/3r1y38fj3jv6y45lkqfh11sw0000gn/T//cczrtIqb.ltrans0.ltrans.o
 .text.mscd_xfer_cb
                0x08005e98      0x35c /var/folders/22/3r1y38fj3jv6y45lkqfh11sw0000gn/T//cczrtIqb.ltrans0.ltrans.o
 .text.main     0x080061f4       0x84 /var/folders/22/3r1y38fj3jv6y45lkqfh11sw0000gn/T//cczrtIqb.ltrans0.ltrans.o
                0x080061f4                main
 .text._write   0x08006278        0xc /var/folders/22/3r1y38fj3jv6y45lkqfh11sw0000gn/T//cczrtIqb.ltrans0.ltrans.o
                0x08006278                _write
 .text.SysTick_Handler
                0x08006284        0xc /var/folders/22/3r1y38fj3jv6y45lkqfh11sw0000gn/T//cczrtIqb.ltrans0.ltrans.o
                0x08006284                SysTick_Handler
 .text.OTG_FS_IRQHandler
                0x08006290        0xa /var/folders/22/3r1y38fj3jv6y45lkqfh11sw0000gn/T//cczrtIqb.ltrans0.ltrans.o
                0x08006290                OTG_FS_IRQHandler
 .text._init    0x0800629a        0x2 /var/folders/22/3r1y38fj3jv6y45lkqfh11sw0000gn/T//cczrtIqb.ltrans0.ltrans.o
                0x0800629a                _init
 .text.SystemInit
                0x0800629c       0x1c /var/folders/22/3r1y38fj3jv6y45lkqfh11sw0000gn/T//cczrtIqb.ltrans0.ltrans.o
                0x0800629c                SystemInit
 .text.__libc_init_array
                0x080062b8       0x48 /Applications/ArmGNUToolchain/14.2.rel1/arm-none-eabi/bin/../lib/gcc/arm-none-eabi/14.2.1/../../../../arm-none-eabi/lib/thumb/v7e-m+fp/hard/libc_nano.a(libc_a-init.o)
                0x080062b8                __libc_init_array
 .text.printf   0x08006300       0x24 /Applications/ArmGNUToolchain/14.2.rel1/arm-none-eabi/bin/../lib/gcc/arm-none-eabi/14.2.1/../../../../arm-none-eabi/lib/thumb/v7e-m+fp/hard/libc_nano.a(libc_a-printf.o)
                0x08006300                printf
                0x08006300                iprintf
 .text._puts_r  0x08006324       0xaa /Applications/ArmGNUToolchain/14.2.rel1/arm-none-eabi/bin/../lib/gcc/arm-none-eabi/14.2.1/../../../../arm-none-eabi/lib/thumb/v7e-m+fp/hard/libc_nano.a(libc_a-puts.o)
                0x08006324                _puts_r
 *fill*         0x080063ce        0x2 
 .text.puts     0x080063d0       0x10 /Applications/ArmGNUToolchain/14.2.rel1/arm-none-eabi/bin/../lib/gcc/arm-none-eabi/14.2.1/../../../../arm-none-eabi/lib/thumb/v7e-m+fp/hard/libc_nano.a(libc_a-puts.o)
                0x080063d0                puts
 .text.memcmp   0x080063e0       0x20 /Applications/ArmGNUToolchain/14.2.rel1/arm-none-eabi/bin/../lib/gcc/arm-none-eabi/14.2.1/../../../../arm-none-eabi/lib/thumb/v7e-m+fp/hard/libc_nano.a(libc_a-memcmp.o)
                0x080063e0                memcmp
 .text.memmove  0x08006400       0x32 /Applications/ArmGNUToolchain/14.2.rel1/arm-none-eabi/bin/../lib/gcc/arm-none-eabi/14.2.1/../../../../arm-none-eabi/lib/thumb/v7e-m+fp/hard/libc_nano.a(libc_a-memmove.o)
                0x08006400                memmove
 .text.memset   0x08006432       0x10 /Applications/ArmGNUToolchain/14.2.rel1/arm-none-eabi/bin/../lib/gcc/arm-none-eabi/14.2.1/../../../../arm-none-eabi/lib/thumb/v7e-m+fp/hard/libc_nano.a(libc_a-memset.o)
                0x08006432                memset
 .text.__retarget_lock_init_recursive
                0x08006442        0x2 /Applications/ArmGNUToolchain/14.2.rel1/arm-none-eabi/bin/../lib/gcc/arm-none-eabi/14.2.1/../../../../arm-none-eabi/lib/thumb/v7e-m+fp/hard/libc_nano.a(libc_a-lock.o)
                0x08006442                __retarget_lock_init_recursive
 .text.__retarget_lock_acquire_recursive
                0x08006444        0x2 /Applications/ArmGNUToolchain/14.2.rel1/arm-none-eabi/bin/../lib/gcc/arm-none-eabi/14.2.1/../../../../arm-none-eabi/lib/thumb/v7e-m+fp/hard/libc_nano.a(libc_a-lock.o)
                0x08006444                __retarget_lock_acquire_recursive
 .text.__retarget_lock_release_recursive
                0x08006446        0x2 /Applications/ArmGNUToolchain/14.2.rel1/arm-none-eabi/bin/../lib/gcc/arm-none-eabi/14.2.1/../../../../arm-none-eabi/lib/thumb/v7e-m+fp/hard/libc_nano.a(libc_a-lock.o)
                0x08006446                __retarget_lock_release_recursive
 .text.memcpy   0x08006448       0x1c /Applications/ArmGNUToolchain/14.2.rel1/arm-none-eabi/bin/../lib/gcc/arm-none-eabi/14.2.1/../../../../arm-none-eabi/lib/thumb/v7e-m+fp/hard/libc_nano.a(libc_a-memcpy-stub.o)
                0x08006448                memcpy
 .text.__sfputc_r
                0x08006464       0x2e /Applications/ArmGNUToolchain/14.2.rel1/arm-none-eabi/bin/../lib/gcc/arm-none-eabi/14.2.1/../../../../arm-none-eabi/lib/thumb/v7e-m+fp/hard/libc_nano.a(libc_a-nano-vfprintf.o)
 .text.__sfputs_r
                0x08006492       0x24 /Applications/ArmGNUToolchain/14.2.rel1/arm-none-eabi/bin/../lib/gcc/arm-none-eabi/14.2.1/../../../../arm-none-eabi/lib/thumb/v7e-m+fp/hard/libc_nano.a(libc_a-nano-vfprintf.o)
                0x08006492                __sfputs_r
 *fill*         0x080064b6        0x2 
 .text._vfprintf_r
                0x080064b8      0x230 /Applications/ArmGNUToolchain/14.2.rel1/arm-none-eabi/bin/../lib/gcc/arm-none-eabi/14.2.1/../../../../arm-none-eabi/lib/thumb/v7e-m+fp/hard/libc_nano.a(libc_a-nano-vfprintf.o)
                0x080064b8                _vfiprintf_r
                0x080064b8                _vfprintf_r
 .text._printf_common
                0x080066e8       0xda /Applications/ArmGNUToolchain/14.2.rel1/arm-none-eabi/bin/../lib/gcc/arm-none-eabi/14.2.1/../../../../arm-none-eabi/lib/thumb/v7e-m+fp/hard/libc_nano.a(libc_a-nano-vfprintf_i.o)
                0x080066e8                _printf_common
 *fill*         0x080067c2        0x2 
 .text._printf_i
                0x080067c4      0x240 /Applications/ArmGNUToolchain/14.2.rel1/arm-none-eabi/bin/../lib/gcc/arm-none-eabi/14.2.1/../../../../arm-none-eabi/lib/thumb/v7e-m+fp/hard/libc_nano.a(libc_a-nano-vfprintf_i.o)
                0x080067c4                _printf_i
 .text.std      0x08006a04       0x6c /Applications/ArmGNUToolchain/14.2.rel1/arm-none-eabi/bin/../lib/gcc/arm-none-eabi/14.2.1/../../../../arm-none-eabi/lib/thumb/v7e-m+fp/hard/libc_nano.a(libc_a-findfp.o)
 .text.stdio_exit_handler
                0x08006a70       0x18 /Applications/ArmGNUToolchain/14.2.rel1/arm-none-eabi/bin/../lib/gcc/arm-none-eabi/14.2.1/../../../../arm-none-eabi/lib/thumb/v7e-m+fp/hard/libc_nano.a(libc_a-findfp.o)
 .text.cleanup_stdio
                0x08006a88       0x40 /Applications/ArmGNUToolchain/14.2.rel1/arm-none-eabi/bin/../lib/gcc/arm-none-eabi/14.2.1/../../../../arm-none-eabi/lib/thumb/v7e-m+fp/hard/libc_nano.a(libc_a-findfp.o)
 .text.global_stdio_init.part.0
                0x08006ac8       0x40 /Applications/ArmGNUToolchain/14.2.rel1/arm-none-eabi/bin/../lib/gcc/arm-none-eabi/14.2.1/../../../../arm-none-eabi/lib/thumb/v7e-m+fp/hard/libc_nano.a(libc_a-findfp.o)
 .text.__sfp_lock_acquire
                0x08006b08        0xc /Applications/ArmGNUToolchain/14.2.rel1/arm-none-eabi/bin/../lib/gcc/arm-none-eabi/14.2.1/../../../../arm-none-eabi/lib/thumb/v7e-m+fp/hard/libc_nano.a(libc_a-findfp.o)
                0x08006b08                __sfp_lock_acquire
 .text.__sfp_lock_release
                0x08006b14        0xc /Applications/ArmGNUToolchain/14.2.rel1/arm-none-eabi/bin/../lib/gcc/arm-none-eabi/14.2.1/../../../../arm-none-eabi/lib/thumb/v7e-m+fp/hard/libc_nano.a(libc_a-findfp.o)
                0x08006b14                __sfp_lock_release
 .text.__sinit  0x08006b20       0x30 /Applications/ArmGNUToolchain/14.2.rel1/arm-none-eabi/bin/../lib/gcc/arm-none-eabi/14.2.1/../../../../arm-none-eabi/lib/thumb/v7e-m+fp/hard/libc_nano.a(libc_a-findfp.o)
                0x08006b20                __sinit
 .text.__swbuf_r
                0x08006b50       0x7c /Applications/ArmGNUToolchain/14.2.rel1/arm-none-eabi/bin/../lib/gcc/arm-none-eabi/14.2.1/../../../../arm-none-eabi/lib/thumb/v7e-m+fp/hard/libc_nano.a(libc_a-wbuf.o)
                0x08006b50                __swbuf_r
 .text.__swsetup_r
                0x08006bcc       0xa8 /Applications/ArmGNUToolchain/14.2.rel1/arm-none-eabi/bin/../lib/gcc/arm-none-eabi/14.2.1/../../../../arm-none-eabi/lib/thumb/v7e-m+fp/hard/libc_nano.a(libc_a-wsetup.o)
                0x08006bcc                __swsetup_r
 .text._fwalk_sglue
                0x08006c74       0x3c /Applications/ArmGNUToolchain/14.2.rel1/arm-none-eabi/bin/../lib/gcc/arm-none-eabi/14.2.1/../../../../arm-none-eabi/lib/thumb/v7e-m+fp/hard/libc_nano.a(libc_a-fwalk.o)
                0x08006c74                _fwalk_sglue
 .text.__swhatbuf_r
                0x08006cb0       0x48 /Applications/ArmGNUToolchain/14.2.rel1/arm-none-eabi/bin/../lib/gcc/arm-none-eabi/14.2.1/../../../../arm-none-eabi/lib/thumb/v7e-m+fp/hard/libc_nano.a(libc_a-makebuf.o)
                0x08006cb0                __swhatbuf_r
 .text.__smakebuf_r
                0x08006cf8       0x72 /Applications/ArmGNUToolchain/14.2.rel1/arm-none-eabi/bin/../lib/gcc/arm-none-eabi/14.2.1/../../../../arm-none-eabi/lib/thumb/v7e-m+fp/hard/libc_nano.a(libc_a-makebuf.o)
                0x08006cf8                __smakebuf_r
 *fill*         0x08006d6a        0x2 
 .text._isatty_r
                0x08006d6c       0x20 /Applications/ArmGNUToolchain/14.2.rel1/arm-none-eabi/bin/../lib/gcc/arm-none-eabi/14.2.1/../../../../arm-none-eabi/lib/thumb/v7e-m+fp/hard/libc_nano.a(libc_a-isattyr.o)
                0x08006d6c                _isatty_r
 .text._fstat_r
                0x08006d8c       0x24 /Applications/ArmGNUToolchain/14.2.rel1/arm-none-eabi/bin/../lib/gcc/arm-none-eabi/14.2.1/../../../../arm-none-eabi/lib/thumb/v7e-m+fp/hard/libc_nano.a(libc_a-fstatr.o)
                0x08006d8c                _fstat_r
 .text._free_r  0x08006db0       0x94 /Applications/ArmGNUToolchain/14.2.rel1/arm-none-eabi/bin/../lib/gcc/arm-none-eabi/14.2.1/../../../../arm-none-eabi/lib/thumb/v7e-m+fp/hard/libc_nano.a(libc_a-freer.o)
                0x08006db0                _free_r
 .text.sbrk_aligned
                0x08006e44       0x44 /Applications/ArmGNUToolchain/14.2.rel1/arm-none-eabi/bin/../lib/gcc/arm-none-eabi/14.2.1/../../../../arm-none-eabi/lib/thumb/v7e-m+fp/hard/libc_nano.a(libc_a-mallocr.o)
 .text._malloc_r
                0x08006e88      0x100 /Applications/ArmGNUToolchain/14.2.rel1/arm-none-eabi/bin/../lib/gcc/arm-none-eabi/14.2.1/../../../../arm-none-eabi/lib/thumb/v7e-m+fp/hard/libc_nano.a(libc_a-mallocr.o)
                0x08006e88                _malloc_r
 .text.__sflush_r
                0x08006f88      0x104 /Applications/ArmGNUToolchain/14.2.rel1/arm-none-eabi/bin/../lib/gcc/arm-none-eabi/14.2.1/../../../../arm-none-eabi/lib/thumb/v7e-m+fp/hard/libc_nano.a(libc_a-fflush.o)
                0x08006f88                __sflush_r
 .text._fflush_r
                0x0800708c       0x50 /Applications/ArmGNUToolchain/14.2.rel1/arm-none-eabi/bin/../lib/gcc/arm-none-eabi/14.2.1/../../../../arm-none-eabi/lib/thumb/v7e-m+fp/hard/libc_nano.a(libc_a-fflush.o)
                0x0800708c                _fflush_r
 .text.__malloc_lock
                0x080070dc        0xc /Applications/ArmGNUToolchain/14.2.rel1/arm-none-eabi/bin/../lib/gcc/arm-none-eabi/14.2.1/../../../../arm-none-eabi/lib/thumb/v7e-m+fp/hard/libc_nano.a(libc_a-mlock.o)
                0x080070dc                __malloc_lock
 .text.__malloc_unlock
                0x080070e8        0xc /Applications/ArmGNUToolchain/14.2.rel1/arm-none-eabi/bin/../lib/gcc/arm-none-eabi/14.2.1/../../../../arm-none-eabi/lib/thumb/v7e-m+fp/hard/libc_nano.a(libc_a-mlock.o)
                0x080070e8                __malloc_unlock
 .text.__sread  0x080070f4       0x22 /Applications/ArmGNUToolchain/14.2.rel1/arm-none-eabi/bin/../lib/gcc/arm-none-eabi/14.2.1/../../../../arm-none-eabi/lib/thumb/v7e-m+fp/hard/libc_nano.a(libc_a-stdio.o)
                0x080070f4                __sread
 .text.__swrite
                0x08007116       0x38 /Applications/ArmGNUToolchain/14.2.rel1/arm-none-eabi/bin/../lib/gcc/arm-none-eabi/14.2.1/../../../../arm-none-eabi/lib/thumb/v7e-m+fp/hard/libc_nano.a(libc_a-stdio.o)
                0x08007116                __swrite
 .text.__sseek  0x0800714e       0x26 /Applications/ArmGNUToolchain/14.2.rel1/arm-none-eabi/bin/../lib/gcc/arm-none-eabi/14.2.1/../../../../arm-none-eabi/lib/thumb/v7e-m+fp/hard/libc_nano.a(libc_a-stdio.o)
                0x0800714e                __sseek
 .text.__sclose
                0x08007174        0x8 /Applications/ArmGNUToolchain/14.2.rel1/arm-none-eabi/bin/../lib/gcc/arm-none-eabi/14.2.1/../../../../arm-none-eabi/lib/thumb/v7e-m+fp/hard/libc_nano.a(libc_a-stdio.o)
                0x08007174                __sclose
 .text._lseek_r
                0x0800717c       0x24 /Applications/ArmGNUToolchain/14.2.rel1/arm-none-eabi/bin/../lib/gcc/arm-none-eabi/14.2.1/../../../../arm-none-eabi/lib/thumb/v7e-m+fp/hard/libc_nano.a(libc_a-lseekr.o)
                0x0800717c                _lseek_r
 .text._read_r  0x080071a0       0x24 /Applications/ArmGNUToolchain/14.2.rel1/arm-none-eabi/bin/../lib/gcc/arm-none-eabi/14.2.1/../../../../arm-none-eabi/lib/thumb/v7e-m+fp/hard/libc_nano.a(libc_a-readr.o)
                0x080071a0                _read_r
 .text._sbrk_r  0x080071c4       0x20 /Applications/ArmGNUToolchain/14.2.rel1/arm-none-eabi/bin/../lib/gcc/arm-none-eabi/14.2.1/../../../../arm-none-eabi/lib/thumb/v7e-m+fp/hard/libc_nano.a(libc_a-sbrkr.o)
                0x080071c4                _sbrk_r
 .text._write_r
                0x080071e4       0x24 /Applications/ArmGNUToolchain/14.2.rel1/arm-none-eabi/bin/../lib/gcc/arm-none-eabi/14.2.1/../../../../arm-none-eabi/lib/thumb/v7e-m+fp/hard/libc_nano.a(libc_a-writer.o)
                0x080071e4                _write_r
 .text._close_r
                0x08007208       0x20 /Applications/ArmGNUToolchain/14.2.rel1/arm-none-eabi/bin/../lib/gcc/arm-none-eabi/14.2.1/../../../../arm-none-eabi/lib/thumb/v7e-m+fp/hard/libc_nano.a(libc_a-closer.o)
                0x08007208                _close_r
 .text.__udivmoddi4
                0x08007228      0x2f8 /Applications/ArmGNUToolchain/14.2.rel1/arm-none-eabi/bin/../lib/gcc/arm-none-eabi/14.2.1/thumb/v7e-m+fp/hard/libgcc.a(_udivmoddi4.o)
                0x08007228                __udivmoddi4
 .text._close   0x08007520       0x10 /Applications/ArmGNUToolchain/14.2.rel1/arm-none-eabi/bin/../lib/gcc/arm-none-eabi/14.2.1/../../../../arm-none-eabi/lib/thumb/v7e-m+fp/hard/libnosys.a(close.o)
                0x08007520                _close
 .text._fstat   0x08007530       0x10 /Applications/ArmGNUToolchain/14.2.rel1/arm-none-eabi/bin/../lib/gcc/arm-none-eabi/14.2.1/../../../../arm-none-eabi/lib/thumb/v7e-m+fp/hard/libnosys.a(fstat.o)
                0x08007530                _fstat
 .text._isatty  0x08007540       0x10 /Applications/ArmGNUToolchain/14.2.rel1/arm-none-eabi/bin/../lib/gcc/arm-none-eabi/14.2.1/../../../../arm-none-eabi/lib/thumb/v7e-m+fp/hard/libnosys.a(isatty.o)
                0x08007540                _isatty
 .text._lseek   0x08007550       0x10 /Applications/ArmGNUToolchain/14.2.rel1/arm-none-eabi/bin/../lib/gcc/arm-none-eabi/14.2.1/../../../../arm-none-eabi/lib/thumb/v7e-m+fp/hard/libnosys.a(lseek.o)
                0x08007550                _lseek
 .text._read    0x08007560       0x10 /Applications/ArmGNUToolchain/14.2.rel1/arm-none-eabi/bin/../lib/gcc/arm-none-eabi/14.2.1/../../../../arm-none-eabi/lib/thumb/v7e-m+fp/hard/libnosys.a(read.o)
                0x08007560                _read
 .text._sbrk    0x08007570       0x1c /Applications/ArmGNUToolchain/14.2.rel1/arm-none-eabi/bin/../lib/gcc/arm-none-eabi/14.2.1/../../../../arm-none-eabi/lib/thumb/v7e-m+fp/hard/libnosys.a(sbrk.o)
                0x08007570                _sbrk
 *(.glue_7)
 .glue_7        0x0800758c        0x0 linker stubs
 *(.glue_7t)
 .glue_7t       0x0800758c        0x0 linker stubs
 *(.eh_frame)
 *(.init)
 *(.fini)
                0x0800758c                        . = ALIGN (0x4)
                0x0800758c                        _etext = .

.vfp11_veneer   0x0800758c        0x0
 .vfp11_veneer  0x0800758c        0x0 linker stubs

.v4_bx          0x0800758c        0x0
 .v4_bx         0x0800758c        0x0 linker stubs

.iplt           0x0800758c        0x0
 .iplt          0x0800758c        0x0 _build/stm32f411ce_blackpill/obj/lib/mcu/st/cmsis_device_f4/Source/Templates/gcc/startup_stm32f411xe.o

.rodata         0x0800758c      0xb2c
                0x0800758c                        . = ALIGN (0x4)
 *(.rodata)
 *(.rodata*)
 .rodata.u32_to_hexstr.str1.4
                0x0800758c      0x2a4 /var/folders/22/3r1y38fj3jv6y45lkqfh11sw0000gn/T//cczrtIqb.ltrans0.ltrans.o
                                 0x11 (size before relaxing)
 .rodata.tud_msc_inquiry_cb.str1.4
                0x08007830       0x1b /var/folders/22/3r1y38fj3jv6y45lkqfh11sw0000gn/T//cczrtIqb.ltrans0.ltrans.o
 .rodata.uf2_init.str1.4
                0x08007830        0x7 /var/folders/22/3r1y38fj3jv6y45lkqfh11sw0000gn/T//cczrtIqb.ltrans0.ltrans.o
 .rodata.tud_descriptor_string_cb.str1.4
                0x08007830       0x11 /var/folders/22/3r1y38fj3jv6y45lkqfh11sw0000gn/T//cczrtIqb.ltrans0.ltrans.o
 .rodata.tud_msc_write10_complete_cb.str1.4
                0x08007830       0x12 /var/folders/22/3r1y38fj3jv6y45lkqfh11sw0000gn/T//cczrtIqb.ltrans0.ltrans.o
 .rodata.board_init.str1.4
                0x08007830       0x1f /var/folders/22/3r1y38fj3jv6y45lkqfh11sw0000gn/T//cczrtIqb.ltrans0.ltrans.o
 .rodata.tud_msc_read10_cb.str1.4
                0x08007830       0x17 /var/folders/22/3r1y38fj3jv6y45lkqfh11sw0000gn/T//cczrtIqb.ltrans0.ltrans.o
 .rodata.board_app_valid.str1.4
                0x08007830       0x24 /var/folders/22/3r1y38fj3jv6y45lkqfh11sw0000gn/T//cczrtIqb.ltrans0.ltrans.o
 .rodata.check_dfu_mode.str1.4
                0x08007830       0x63 /var/folders/22/3r1y38fj3jv6y45lkqfh11sw0000gn/T//cczrtIqb.ltrans0.ltrans.o
 .rodata.flash_erase.str1.4
                0x08007830       0x24 /var/folders/22/3r1y38fj3jv6y45lkqfh11sw0000gn/T//cczrtIqb.ltrans0.ltrans.o
 .rodata.board_flash_protect_bootloader.str1.4
                0x08007830       0x29 /var/folders/22/3r1y38fj3jv6y45lkqfh11sw0000gn/T//cczrtIqb.ltrans0.ltrans.o
 .rodata.printdfu.str1.4
                0x08007830       0x2a /var/folders/22/3r1y38fj3jv6y45lkqfh11sw0000gn/T//cczrtIqb.ltrans0.ltrans.o
 .rodata.flash_write.str1.4
                0x08007830       0x81 /var/folders/22/3r1y38fj3jv6y45lkqfh11sw0000gn/T//cczrtIqb.ltrans0.ltrans.o
 .rodata.mscd_xfer_cb.str1.4
                0x08007830       0x38 /var/folders/22/3r1y38fj3jv6y45lkqfh11sw0000gn/T//cczrtIqb.ltrans0.ltrans.o
 .rodata.main.str1.4
                0x08007830       0x44 /var/folders/22/3r1y38fj3jv6y45lkqfh11sw0000gn/T//cczrtIqb.ltrans0.ltrans.o
 .rodata.Font6x8
                0x08007830      0x5f0 /var/folders/22/3r1y38fj3jv6y45lkqfh11sw0000gn/T//cczrtIqb.ltrans0.ltrans.o
 .rodata.__compound_literal.0
                0x08007e20        0x2 /var/folders/22/3r1y38fj3jv6y45lkqfh11sw0000gn/T//cczrtIqb.ltrans0.ltrans.o
 *fill*         0x08007e22        0x2 
 .rodata.__func__.3.lto_priv.3
                0x08007e24        0xe /var/folders/22/3r1y38fj3jv6y45lkqfh11sw0000gn/T//cczrtIqb.ltrans0.ltrans.o
 *fill*         0x08007e32        0x2 
 .rodata.__func__.4.lto_priv.2
                0x08007e34        0xb /var/folders/22/3r1y38fj3jv6y45lkqfh11sw0000gn/T//cczrtIqb.ltrans0.ltrans.o
 *fill*         0x08007e3f        0x1 
 .rodata.__func__.2.lto_priv.1
                0x08007e40        0xb /var/folders/22/3r1y38fj3jv6y45lkqfh11sw0000gn/T//cczrtIqb.ltrans0.ltrans.o
 *fill*         0x08007e4b        0x1 
 .rodata._dwc2_controller
                0x08007e4c       0x10 /var/folders/22/3r1y38fj3jv6y45lkqfh11sw0000gn/T//cczrtIqb.ltrans0.ltrans.o
 .rodata.APBPrescTable
                0x08007e5c        0x8 /var/folders/22/3r1y38fj3jv6y45lkqfh11sw0000gn/T//cczrtIqb.ltrans0.ltrans.o
 .rodata.AHBPrescTable
                0x08007e64       0x10 /var/folders/22/3r1y38fj3jv6y45lkqfh11sw0000gn/T//cczrtIqb.ltrans0.ltrans.o
 .rodata.sector_size
                0x08007e74       0x60 /var/folders/22/3r1y38fj3jv6y45lkqfh11sw0000gn/T//cczrtIqb.ltrans0.ltrans.o
 .rodata.__func__.0.lto_priv.2
                0x08007ed4        0xc /var/folders/22/3r1y38fj3jv6y45lkqfh11sw0000gn/T//cczrtIqb.ltrans0.ltrans.o
 .rodata.Font_6x8
                0x08007ee0        0x8 /var/folders/22/3r1y38fj3jv6y45lkqfh11sw0000gn/T//cczrtIqb.ltrans0.ltrans.o
 .rodata.__func__.1.lto_priv.2
                0x08007ee8       0x11 /var/folders/22/3r1y38fj3jv6y45lkqfh11sw0000gn/T//cczrtIqb.ltrans0.ltrans.o
 *fill*         0x08007ef9        0x3 
 .rodata.__func__.0.lto_priv.1
                0x08007efc       0x10 /var/folders/22/3r1y38fj3jv6y45lkqfh11sw0000gn/T//cczrtIqb.ltrans0.ltrans.o
 .rodata.__func__.2.lto_priv.0
                0x08007f0c        0xd /var/folders/22/3r1y38fj3jv6y45lkqfh11sw0000gn/T//cczrtIqb.ltrans0.ltrans.o
 *fill*         0x08007f19        0x3 
 .rodata.__func__.3.lto_priv.2
                0x08007f1c       0x15 /var/folders/22/3r1y38fj3jv6y45lkqfh11sw0000gn/T//cczrtIqb.ltrans0.ltrans.o
 *fill*         0x08007f31        0x3 
 .rodata.__func__.4.lto_priv.1
                0x08007f34        0xa /var/folders/22/3r1y38fj3jv6y45lkqfh11sw0000gn/T//cczrtIqb.ltrans0.ltrans.o
 *fill*         0x08007f3e        0x2 
 .rodata.__func__.0.lto_priv.0
                0x08007f40       0x15 /var/folders/22/3r1y38fj3jv6y45lkqfh11sw0000gn/T//cczrtIqb.ltrans0.ltrans.o
 *fill*         0x08007f55        0x3 
 .rodata.__func__.1.lto_priv.1
                0x08007f58       0x11 /var/folders/22/3r1y38fj3jv6y45lkqfh11sw0000gn/T//cczrtIqb.ltrans0.ltrans.o
 *fill*         0x08007f69        0x3 
 .rodata.__func__.3.lto_priv.1
                0x08007f6c        0xf /var/folders/22/3r1y38fj3jv6y45lkqfh11sw0000gn/T//cczrtIqb.ltrans0.ltrans.o
 *fill*         0x08007f7b        0x1 
 .rodata.__func__.4.lto_priv.0
                0x08007f7c        0xf /var/folders/22/3r1y38fj3jv6y45lkqfh11sw0000gn/T//cczrtIqb.ltrans0.ltrans.o
 *fill*         0x08007f8b        0x1 
 .rodata.__func__.5
                0x08007f8c       0x14 /var/folders/22/3r1y38fj3jv6y45lkqfh11sw0000gn/T//cczrtIqb.ltrans0.ltrans.o
 .rodata.__func__.6
                0x08007fa0        0xc /var/folders/22/3r1y38fj3jv6y45lkqfh11sw0000gn/T//cczrtIqb.ltrans0.ltrans.o
 .rodata.__func__.7
                0x08007fac       0x17 /var/folders/22/3r1y38fj3jv6y45lkqfh11sw0000gn/T//cczrtIqb.ltrans0.ltrans.o
 *fill*         0x08007fc3        0x1 
 .rodata.__func__.8
                0x08007fc4       0x13 /var/folders/22/3r1y38fj3jv6y45lkqfh11sw0000gn/T//cczrtIqb.ltrans0.ltrans.o
 *fill*         0x08007fd7        0x1 
 .rodata.__func__.9
                0x08007fd8       0x18 /var/folders/22/3r1y38fj3jv6y45lkqfh11sw0000gn/T//cczrtIqb.ltrans0.ltrans.o
 .rodata.__func__.11
                0x08007ff0        0xd /var/folders/22/3r1y38fj3jv6y45lkqfh11sw0000gn/T//cczrtIqb.ltrans0.ltrans.o
 *fill*         0x08007ffd        0x3 
 .rodata.__func__.10
                0x08008000       0x14 /var/folders/22/3r1y38fj3jv6y45lkqfh11sw0000gn/T//cczrtIqb.ltrans0.ltrans.o
 .rodata.__func__.12
                0x08008014        0x9 /var/folders/22/3r1y38fj3jv6y45lkqfh11sw0000gn/T//cczrtIqb.ltrans0.ltrans.o
 *fill*         0x0800801d        0x3 
 .rodata._usbd_driver
                0x08008020       0x20 /var/folders/22/3r1y38fj3jv6y45lkqfh11sw0000gn/T//cczrtIqb.ltrans0.ltrans.o
 .rodata.__func__.3.lto_priv.0
                0x08008040       0x11 /var/folders/22/3r1y38fj3jv6y45lkqfh11sw0000gn/T//cczrtIqb.ltrans0.ltrans.o
 .rodata.str1.4
                0x08008051       0x1c /var/folders/22/3r1y38fj3jv6y45lkqfh11sw0000gn/T//cczrtIqb.ltrans0.ltrans.o
 *fill*         0x08008051        0x3 
 .rodata.string_desc_arr
                0x08008054       0x14 /var/folders/22/3r1y38fj3jv6y45lkqfh11sw0000gn/T//cczrtIqb.ltrans0.ltrans.o
 .rodata.__func__.1.lto_priv.0
                0x08008068       0x12 /var/folders/22/3r1y38fj3jv6y45lkqfh11sw0000gn/T//cczrtIqb.ltrans0.ltrans.o
 *fill*         0x0800807a        0x2 
 .rodata.RGB_USB_MOUNTED
                0x0800807c        0x3 /var/folders/22/3r1y38fj3jv6y45lkqfh11sw0000gn/T//cczrtIqb.ltrans0.ltrans.o
 *fill*         0x0800807f        0x1 
 .rodata.RGB_USB_UNMOUNTED
                0x08008080        0x3 /var/folders/22/3r1y38fj3jv6y45lkqfh11sw0000gn/T//cczrtIqb.ltrans0.ltrans.o
 .rodata._vfprintf_r.str1.1
                0x08008083       0x33 /Applications/ArmGNUToolchain/14.2.rel1/arm-none-eabi/bin/../lib/gcc/arm-none-eabi/14.2.1/../../../../arm-none-eabi/lib/thumb/v7e-m+fp/hard/libc_nano.a(libc_a-nano-vfprintf.o)
                                 0x11 (size before relaxing)
 .rodata._printf_i.str1.1
                0x080080b6       0x22 /Applications/ArmGNUToolchain/14.2.rel1/arm-none-eabi/bin/../lib/gcc/arm-none-eabi/14.2.1/../../../../arm-none-eabi/lib/thumb/v7e-m+fp/hard/libc_nano.a(libc_a-nano-vfprintf_i.o)
                0x080080d8                        . = ALIGN (0x4)
 *fill*         0x080080b6        0x2 

.ARM.extab
 *(.ARM.extab* .gnu.linkonce.armextab.*)

.ARM            0x080080b8        0x8
                0x080080b8                        __exidx_start = .
 *(.ARM.exidx*)
 .ARM.exidx     0x080080b8        0x8 /Applications/ArmGNUToolchain/14.2.rel1/arm-none-eabi/bin/../lib/gcc/arm-none-eabi/14.2.1/../../../../arm-none-eabi/lib/thumb/v7e-m+fp/hard/libc_nano.a(libc_a-strlen.o)
 .ARM.exidx     0x080080c0        0x0 /Applications/ArmGNUToolchain/14.2.rel1/arm-none-eabi/bin/../lib/gcc/arm-none-eabi/14.2.1/../../../../arm-none-eabi/lib/thumb/v7e-m+fp/hard/libc_nano.a(libc_a-memchr.o)
                                  0x8 (size before relaxing)
 .ARM.exidx.text.__udivmoddi4
                0x080080c0        0x0 /Applications/ArmGNUToolchain/14.2.rel1/arm-none-eabi/bin/../lib/gcc/arm-none-eabi/14.2.1/thumb/v7e-m+fp/hard/libgcc.a(_udivmoddi4.o)
                                  0x8 (size before relaxing)
                0x080080c0                        __exidx_end = .

.rel.dyn        0x080080c0        0x0
 .rel.iplt      0x080080c0        0x0 _build/stm32f411ce_blackpill/obj/lib/mcu/st/cmsis_device_f4/Source/Templates/gcc/startup_stm32f411xe.o

.preinit_array  0x080080c0        0x0
                0x080080c0                        PROVIDE (__preinit_array_start = .)
 *(.preinit_array*)
                0x080080c0                        PROVIDE (__preinit_array_end = .)

.init_array     0x080080c0        0x0
                0x080080c0                        PROVIDE (__init_array_start = .)
 *(SORT_BY_NAME(.init_array.*))
 *(.init_array*)
                0x080080c0                        PROVIDE (__init_array_end = .)

.fini_array     0x080080c0        0x0
                [!provide]                        PROVIDE (__fini_array_start = .)
 *(SORT_BY_NAME(.fini_array.*))
 *(.fini_array*)
                [!provide]                        PROVIDE (__fini_array_end = .)
                0x08007c00                        . = ORIGIN (CONFIG)

.config
 *(.config)
                0x080080c0                        _sidata = LOADADDR (.data)

.data           0x20000000      0x33c load address 0x080080c0
                0x20000000                        . = ALIGN (0x4)
                0x20000000                        _sdata = .
 *(.data)
 *(.data*)
 .data.indexFile
                0x20000000       0x84 /var/folders/22/3r1y38fj3jv6y45lkqfh11sw0000gn/T//cczrtIqb.ltrans0.ltrans.o
 .data.uwTickPrio
                0x20000084        0x4 /var/folders/22/3r1y38fj3jv6y45lkqfh11sw0000gn/T//cczrtIqb.ltrans0.ltrans.o
 .data.SystemCoreClock
                0x20000088        0x4 /var/folders/22/3r1y38fj3jv6y45lkqfh11sw0000gn/T//cczrtIqb.ltrans0.ltrans.o
 .data._usbd_qdef
                0x2000008c       0x10 /var/folders/22/3r1y38fj3jv6y45lkqfh11sw0000gn/T//cczrtIqb.ltrans0.ltrans.o
 .data._usbd_rhport
                0x2000009c        0x1 /var/folders/22/3r1y38fj3jv6y45lkqfh11sw0000gn/T//cczrtIqb.ltrans0.ltrans.o
 *fill*         0x2000009d        0x3 
 .data.desc_configuration
                0x200000a0       0x20 /var/folders/22/3r1y38fj3jv6y45lkqfh11sw0000gn/T//cczrtIqb.ltrans0.ltrans.o
 .data.desc_device
                0x200000c0       0x12 /var/folders/22/3r1y38fj3jv6y45lkqfh11sw0000gn/T//cczrtIqb.ltrans0.ltrans.o
 .data.first_write.0
                0x200000d2        0x1 /var/folders/22/3r1y38fj3jv6y45lkqfh11sw0000gn/T//cczrtIqb.ltrans0.ltrans.o
 *fill*         0x200000d3        0x1 
 .data.RGB_WRITING
                0x200000d4        0x3 /var/folders/22/3r1y38fj3jv6y45lkqfh11sw0000gn/T//cczrtIqb.ltrans0.ltrans.o
 *fill*         0x200000d7        0x1 
 .data.BootBlock
                0x200000d8       0x3e /var/folders/22/3r1y38fj3jv6y45lkqfh11sw0000gn/T//cczrtIqb.ltrans0.ltrans.o
 *fill*         0x20000116        0x2 
 .data.infoUf2File
                0x20000118      0x180 /var/folders/22/3r1y38fj3jv6y45lkqfh11sw0000gn/T//cczrtIqb.ltrans0.ltrans.o
 .data.info     0x20000298       0x48 /var/folders/22/3r1y38fj3jv6y45lkqfh11sw0000gn/T//cczrtIqb.ltrans0.ltrans.o
 .data._impure_ptr
                0x200002e0        0x4 /Applications/ArmGNUToolchain/14.2.rel1/arm-none-eabi/bin/../lib/gcc/arm-none-eabi/14.2.1/../../../../arm-none-eabi/lib/thumb/v7e-m+fp/hard/libc_nano.a(libc_a-impure.o)
                0x200002e0                _impure_ptr
 .data._impure_data
                0x200002e4       0x4c /Applications/ArmGNUToolchain/14.2.rel1/arm-none-eabi/bin/../lib/gcc/arm-none-eabi/14.2.1/../../../../arm-none-eabi/lib/thumb/v7e-m+fp/hard/libc_nano.a(libc_a-impure.o)
                0x200002e4                _impure_data
 .data.__sglue  0x20000330        0xc /Applications/ArmGNUToolchain/14.2.rel1/arm-none-eabi/bin/../lib/gcc/arm-none-eabi/14.2.1/../../../../arm-none-eabi/lib/thumb/v7e-m+fp/hard/libc_nano.a(libc_a-findfp.o)
                0x20000330                __sglue
                0x2000033c                        . = ALIGN (0x4)
                0x2000033c                        _edata = .

.igot.plt       0x2000033c        0x0 load address 0x080083fc
 .igot.plt      0x2000033c        0x0 _build/stm32f411ce_blackpill/obj/lib/mcu/st/cmsis_device_f4/Source/Templates/gcc/startup_stm32f411xe.o
                0x2000033c                        . = ALIGN (0x4)

.bss            0x2000033c     0x20ec load address 0x080083fc
                0x2000033c                        _sbss = .
                0x2000033c                        __bss_start__ = _sbss
 *(.bss)
 *(.bss*)
 .bss._usbd_qdef_buf
                0x2000033c       0xc0 /var/folders/22/3r1y38fj3jv6y45lkqfh11sw0000gn/T//cczrtIqb.ltrans0.ltrans.o
 .bss.desc_str_serial
                0x200003fc       0x11 /var/folders/22/3r1y38fj3jv6y45lkqfh11sw0000gn/T//cczrtIqb.ltrans0.ltrans.o
 *fill*         0x2000040d        0x3 
 .bss._setup_packet
                0x20000410        0x8 /var/folders/22/3r1y38fj3jv6y45lkqfh11sw0000gn/T//cczrtIqb.ltrans0.ltrans.o
 .bss.ep0_pending
                0x20000418        0x4 /var/folders/22/3r1y38fj3jv6y45lkqfh11sw0000gn/T//cczrtIqb.ltrans0.ltrans.o
 .bss._sof_en   0x2000041c        0x1 /var/folders/22/3r1y38fj3jv6y45lkqfh11sw0000gn/T//cczrtIqb.ltrans0.ltrans.o
 *fill*         0x2000041d        0x3 
 .bss.xfer_status
                0x20000420       0x80 /var/folders/22/3r1y38fj3jv6y45lkqfh11sw0000gn/T//cczrtIqb.ltrans0.ltrans.o
 .bss._allocated_fifo_words_tx
                0x200004a0        0x2 /var/folders/22/3r1y38fj3jv6y45lkqfh11sw0000gn/T//cczrtIqb.ltrans0.ltrans.o
 *fill*         0x200004a2        0x2 
 .bss.SSD1306_Buffer
                0x200004a4      0x400 /var/folders/22/3r1y38fj3jv6y45lkqfh11sw0000gn/T//cczrtIqb.ltrans0.ltrans.o
 .bss.SSD1306   0x200008a4        0x8 /var/folders/22/3r1y38fj3jv6y45lkqfh11sw0000gn/T//cczrtIqb.ltrans0.ltrans.o
 .bss.pFlash    0x200008ac       0x20 /var/folders/22/3r1y38fj3jv6y45lkqfh11sw0000gn/T//cczrtIqb.ltrans0.ltrans.o
 .bss.uwTick    0x200008cc        0x4 /var/folders/22/3r1y38fj3jv6y45lkqfh11sw0000gn/T//cczrtIqb.ltrans0.ltrans.o
 .bss.erased_sectors
                0x200008d0       0x18 /var/folders/22/3r1y38fj3jv6y45lkqfh11sw0000gn/T//cczrtIqb.ltrans0.ltrans.o
 .bss.UartHandle
                0x200008e8       0x40 /var/folders/22/3r1y38fj3jv6y45lkqfh11sw0000gn/T//cczrtIqb.ltrans0.ltrans.o
 .bss.hi2c1     0x20000928       0x54 /var/folders/22/3r1y38fj3jv6y45lkqfh11sw0000gn/T//cczrtIqb.ltrans0.ltrans.o
 .bss._mscd_buf
                0x2000097c     0x1000 /var/folders/22/3r1y38fj3jv6y45lkqfh11sw0000gn/T//cczrtIqb.ltrans0.ltrans.o
 .bss._mscd_itf
                0x2000197c       0x40 /var/folders/22/3r1y38fj3jv6y45lkqfh11sw0000gn/T//cczrtIqb.ltrans0.ltrans.o
 .bss._usbd_ctrl_buf
                0x200019bc       0x40 /var/folders/22/3r1y38fj3jv6y45lkqfh11sw0000gn/T//cczrtIqb.ltrans0.ltrans.o
 .bss._ctrl_xfer
                0x200019fc       0x14 /var/folders/22/3r1y38fj3jv6y45lkqfh11sw0000gn/T//cczrtIqb.ltrans0.ltrans.o
 .bss._app_driver
                0x20001a10        0x4 /var/folders/22/3r1y38fj3jv6y45lkqfh11sw0000gn/T//cczrtIqb.ltrans0.ltrans.o
 .bss._app_driver_count
                0x20001a14        0x1 /var/folders/22/3r1y38fj3jv6y45lkqfh11sw0000gn/T//cczrtIqb.ltrans0.ltrans.o
 *fill*         0x20001a15        0x3 
 .bss._usbd_q   0x20001a18        0x4 /var/folders/22/3r1y38fj3jv6y45lkqfh11sw0000gn/T//cczrtIqb.ltrans0.ltrans.o
 .bss._usbd_queued_setup
                0x20001a1c        0x1 /var/folders/22/3r1y38fj3jv6y45lkqfh11sw0000gn/T//cczrtIqb.ltrans0.ltrans.o
 *fill*         0x20001a1d        0x3 
 .bss._usbd_dev
                0x20001a20       0x2c /var/folders/22/3r1y38fj3jv6y45lkqfh11sw0000gn/T//cczrtIqb.ltrans0.ltrans.o
 .bss._desc_str
                0x20001a4c       0x62 /var/folders/22/3r1y38fj3jv6y45lkqfh11sw0000gn/T//cczrtIqb.ltrans0.ltrans.o
 *fill*         0x20001aae        0x2 
 .bss._wr_state
                0x20001ab0      0x818 /var/folders/22/3r1y38fj3jv6y45lkqfh11sw0000gn/T//cczrtIqb.ltrans0.ltrans.o
 .bss.indicator_rgb
                0x200022c8        0x3 /var/folders/22/3r1y38fj3jv6y45lkqfh11sw0000gn/T//cczrtIqb.ltrans0.ltrans.o
 *fill*         0x200022cb        0x1 
 .bss.indicator_state
                0x200022cc        0x4 /var/folders/22/3r1y38fj3jv6y45lkqfh11sw0000gn/T//cczrtIqb.ltrans0.ltrans.o
 .bss._timer_count
                0x200022d0        0x4 /var/folders/22/3r1y38fj3jv6y45lkqfh11sw0000gn/T//cczrtIqb.ltrans0.ltrans.o
 .bss._flash_size
                0x200022d4        0x4 /var/folders/22/3r1y38fj3jv6y45lkqfh11sw0000gn/T//cczrtIqb.ltrans0.ltrans.o
 .bss.__lock___malloc_recursive_mutex
                0x200022d8        0x1 /Applications/ArmGNUToolchain/14.2.rel1/arm-none-eabi/bin/../lib/gcc/arm-none-eabi/14.2.1/../../../../arm-none-eabi/lib/thumb/v7e-m+fp/hard/libc_nano.a(libc_a-lock.o)
                0x200022d8                __lock___malloc_recursive_mutex
 .bss.__lock___sfp_recursive_mutex
                0x200022d9        0x1 /Applications/ArmGNUToolchain/14.2.rel1/arm-none-eabi/bin/../lib/gcc/arm-none-eabi/14.2.1/../../../../arm-none-eabi/lib/thumb/v7e-m+fp/hard/libc_nano.a(libc_a-lock.o)
                0x200022d9                __lock___sfp_recursive_mutex
 *fill*         0x200022da        0x2 
 .bss.__sf      0x200022dc      0x138 /Applications/ArmGNUToolchain/14.2.rel1/arm-none-eabi/bin/../lib/gcc/arm-none-eabi/14.2.1/../../../../arm-none-eabi/lib/thumb/v7e-m+fp/hard/libc_nano.a(libc_a-findfp.o)
                0x200022dc                __sf
 .bss.__stdio_exit_handler
                0x20002414        0x4 /Applications/ArmGNUToolchain/14.2.rel1/arm-none-eabi/bin/../lib/gcc/arm-none-eabi/14.2.1/../../../../arm-none-eabi/lib/thumb/v7e-m+fp/hard/libc_nano.a(libc_a-findfp.o)
                0x20002414                __stdio_exit_handler
 .bss.errno     0x20002418        0x4 /Applications/ArmGNUToolchain/14.2.rel1/arm-none-eabi/bin/../lib/gcc/arm-none-eabi/14.2.1/../../../../arm-none-eabi/lib/thumb/v7e-m+fp/hard/libc_nano.a(libc_a-reent.o)
                0x20002418                errno
 .bss.__malloc_sbrk_start
                0x2000241c        0x4 /Applications/ArmGNUToolchain/14.2.rel1/arm-none-eabi/bin/../lib/gcc/arm-none-eabi/14.2.1/../../../../arm-none-eabi/lib/thumb/v7e-m+fp/hard/libc_nano.a(libc_a-mallocr.o)
                0x2000241c                __malloc_sbrk_start
 .bss.__malloc_free_list
                0x20002420        0x4 /Applications/ArmGNUToolchain/14.2.rel1/arm-none-eabi/bin/../lib/gcc/arm-none-eabi/14.2.1/../../../../arm-none-eabi/lib/thumb/v7e-m+fp/hard/libc_nano.a(libc_a-mallocr.o)
                0x20002420                __malloc_free_list
 .bss.heap_end.0
                0x20002424        0x4 /Applications/ArmGNUToolchain/14.2.rel1/arm-none-eabi/bin/../lib/gcc/arm-none-eabi/14.2.1/../../../../arm-none-eabi/lib/thumb/v7e-m+fp/hard/libnosys.a(sbrk.o)
 *(COMMON)
                0x20002428                        . = ALIGN (0x4)
                0x20002428                        _ebss = .
                0x20002428                        __bss_end__ = _ebss

._user_heap_stack
                0x20002428      0x600 load address 0x080083fc
                0x20002428                        . = ALIGN (0x8)
                0x20002428                        PROVIDE (end = .)
                [!provide]                        PROVIDE (_end = .)
                0x20002628                        . = (. + _Min_Heap_Size)
 *fill*         0x20002428      0x200 
                0x20002a28                        . = (. + _Min_Stack_Size)
 *fill*         0x20002628      0x400 
                0x20002a28                        . = ALIGN (0x8)

/DISCARD/
 libc.a(*)
 libm.a(*)
 libgcc.a(*)

.ARM.attributes
                0x00000000       0x35
 *(.ARM.attributes)
 .ARM.attributes
                0x00000000       0x21 _build/stm32f411ce_blackpill/obj/lib/mcu/st/cmsis_device_f4/Source/Templates/gcc/startup_stm32f411xe.o
 .ARM.attributes
                0x00000021       0x32 /var/folders/22/3r1y38fj3jv6y45lkqfh11sw0000gn/T//cczrtIqb.ltrans0.ltrans.o
 .ARM.attributes
                0x00000053       0x34 /Applications/ArmGNUToolchain/14.2.rel1/arm-none-eabi/bin/../lib/gcc/arm-none-eabi/14.2.1/../../../../arm-none-eabi/lib/thumb/v7e-m+fp/hard/libc_nano.a(libc_a-init.o)
 .ARM.attributes
                0x00000087       0x34 /Applications/ArmGNUToolchain/14.2.rel1/arm-none-eabi/bin/../lib/gcc/arm-none-eabi/14.2.1/../../../../arm-none-eabi/lib/thumb/v7e-m+fp/hard/libc_nano.a(libc_a-printf.o)
 .ARM.attributes
                0x000000bb       0x34 /Applications/ArmGNUToolchain/14.2.rel1/arm-none-eabi/bin/../lib/gcc/arm-none-eabi/14.2.1/../../../../arm-none-eabi/lib/thumb/v7e-m+fp/hard/libc_nano.a(libc_a-puts.o)
 .ARM.attributes
                0x000000ef       0x34 /Applications/ArmGNUToolchain/14.2.rel1/arm-none-eabi/bin/../lib/gcc/arm-none-eabi/14.2.1/../../../../arm-none-eabi/lib/thumb/v7e-m+fp/hard/libc_nano.a(libc_a-memcmp.o)
 .ARM.attributes
                0x00000123       0x34 /Applications/ArmGNUToolchain/14.2.rel1/arm-none-eabi/bin/../lib/gcc/arm-none-eabi/14.2.1/../../../../arm-none-eabi/lib/thumb/v7e-m+fp/hard/libc_nano.a(libc_a-memmove.o)
 .ARM.attributes
                0x00000157       0x34 /Applications/ArmGNUToolchain/14.2.rel1/arm-none-eabi/bin/../lib/gcc/arm-none-eabi/14.2.1/../../../../arm-none-eabi/lib/thumb/v7e-m+fp/hard/libc_nano.a(libc_a-memset.o)
 .ARM.attributes
                0x0000018b       0x34 /Applications/ArmGNUToolchain/14.2.rel1/arm-none-eabi/bin/../lib/gcc/arm-none-eabi/14.2.1/../../../../arm-none-eabi/lib/thumb/v7e-m+fp/hard/libc_nano.a(libc_a-lock.o)
 .ARM.attributes
                0x000001bf       0x34 /Applications/ArmGNUToolchain/14.2.rel1/arm-none-eabi/bin/../lib/gcc/arm-none-eabi/14.2.1/../../../../arm-none-eabi/lib/thumb/v7e-m+fp/hard/libc_nano.a(libc_a-impure.o)
 .ARM.attributes
                0x000001f3       0x34 /Applications/ArmGNUToolchain/14.2.rel1/arm-none-eabi/bin/../lib/gcc/arm-none-eabi/14.2.1/../../../../arm-none-eabi/lib/thumb/v7e-m+fp/hard/libc_nano.a(libc_a-memcpy-stub.o)
 .ARM.attributes
                0x00000227       0x17 /Applications/ArmGNUToolchain/14.2.rel1/arm-none-eabi/bin/../lib/gcc/arm-none-eabi/14.2.1/../../../../arm-none-eabi/lib/thumb/v7e-m+fp/hard/libc_nano.a(libc_a-strlen.o)
 .ARM.attributes
                0x0000023e       0x34 /Applications/ArmGNUToolchain/14.2.rel1/arm-none-eabi/bin/../lib/gcc/arm-none-eabi/14.2.1/../../../../arm-none-eabi/lib/thumb/v7e-m+fp/hard/libc_nano.a(libc_a-nano-vfprintf.o)
 .ARM.attributes
                0x00000272       0x34 /Applications/ArmGNUToolchain/14.2.rel1/arm-none-eabi/bin/../lib/gcc/arm-none-eabi/14.2.1/../../../../arm-none-eabi/lib/thumb/v7e-m+fp/hard/libc_nano.a(libc_a-nano-vfprintf_i.o)
 .ARM.attributes
                0x000002a6       0x34 /Applications/ArmGNUToolchain/14.2.rel1/arm-none-eabi/bin/../lib/gcc/arm-none-eabi/14.2.1/../../../../arm-none-eabi/lib/thumb/v7e-m+fp/hard/libc_nano.a(libc_a-findfp.o)
 .ARM.attributes
                0x000002da       0x34 /Applications/ArmGNUToolchain/14.2.rel1/arm-none-eabi/bin/../lib/gcc/arm-none-eabi/14.2.1/../../../../arm-none-eabi/lib/thumb/v7e-m+fp/hard/libc_nano.a(libc_a-wbuf.o)
 .ARM.attributes
                0x0000030e       0x34 /Applications/ArmGNUToolchain/14.2.rel1/arm-none-eabi/bin/../lib/gcc/arm-none-eabi/14.2.1/../../../../arm-none-eabi/lib/thumb/v7e-m+fp/hard/libc_nano.a(libc_a-wsetup.o)
 .ARM.attributes
                0x00000342       0x34 /Applications/ArmGNUToolchain/14.2.rel1/arm-none-eabi/bin/../lib/gcc/arm-none-eabi/14.2.1/../../../../arm-none-eabi/lib/thumb/v7e-m+fp/hard/libc_nano.a(libc_a-fwalk.o)
 .ARM.attributes
                0x00000376       0x34 /Applications/ArmGNUToolchain/14.2.rel1/arm-none-eabi/bin/../lib/gcc/arm-none-eabi/14.2.1/../../../../arm-none-eabi/lib/thumb/v7e-m+fp/hard/libc_nano.a(libc_a-makebuf.o)
 .ARM.attributes
                0x000003aa       0x34 /Applications/ArmGNUToolchain/14.2.rel1/arm-none-eabi/bin/../lib/gcc/arm-none-eabi/14.2.1/../../../../arm-none-eabi/lib/thumb/v7e-m+fp/hard/libc_nano.a(libc_a-isattyr.o)
 .ARM.attributes
                0x000003de       0x34 /Applications/ArmGNUToolchain/14.2.rel1/arm-none-eabi/bin/../lib/gcc/arm-none-eabi/14.2.1/../../../../arm-none-eabi/lib/thumb/v7e-m+fp/hard/libc_nano.a(libc_a-reent.o)
 .ARM.attributes
                0x00000412       0x34 /Applications/ArmGNUToolchain/14.2.rel1/arm-none-eabi/bin/../lib/gcc/arm-none-eabi/14.2.1/../../../../arm-none-eabi/lib/thumb/v7e-m+fp/hard/libc_nano.a(libc_a-fstatr.o)
 .ARM.attributes
                0x00000446       0x1c /Applications/ArmGNUToolchain/14.2.rel1/arm-none-eabi/bin/../lib/gcc/arm-none-eabi/14.2.1/../../../../arm-none-eabi/lib/thumb/v7e-m+fp/hard/libc_nano.a(libc_a-memchr.o)
 .ARM.attributes
                0x00000462       0x34 /Applications/ArmGNUToolchain/14.2.rel1/arm-none-eabi/bin/../lib/gcc/arm-none-eabi/14.2.1/../../../../arm-none-eabi/lib/thumb/v7e-m+fp/hard/libc_nano.a(libc_a-freer.o)
 .ARM.attributes
                0x00000496       0x34 /Applications/ArmGNUToolchain/14.2.rel1/arm-none-eabi/bin/../lib/gcc/arm-none-eabi/14.2.1/../../../../arm-none-eabi/lib/thumb/v7e-m+fp/hard/libc_nano.a(libc_a-mallocr.o)
 .ARM.attributes
                0x000004ca       0x34 /Applications/ArmGNUToolchain/14.2.rel1/arm-none-eabi/bin/../lib/gcc/arm-none-eabi/14.2.1/../../../../arm-none-eabi/lib/thumb/v7e-m+fp/hard/libc_nano.a(libc_a-fflush.o)
 .ARM.attributes
                0x000004fe       0x34 /Applications/ArmGNUToolchain/14.2.rel1/arm-none-eabi/bin/../lib/gcc/arm-none-eabi/14.2.1/../../../../arm-none-eabi/lib/thumb/v7e-m+fp/hard/libc_nano.a(libc_a-mlock.o)
 .ARM.attributes
                0x00000532       0x34 /Applications/ArmGNUToolchain/14.2.rel1/arm-none-eabi/bin/../lib/gcc/arm-none-eabi/14.2.1/../../../../arm-none-eabi/lib/thumb/v7e-m+fp/hard/libc_nano.a(libc_a-stdio.o)
 .ARM.attributes
                0x00000566       0x34 /Applications/ArmGNUToolchain/14.2.rel1/arm-none-eabi/bin/../lib/gcc/arm-none-eabi/14.2.1/../../../../arm-none-eabi/lib/thumb/v7e-m+fp/hard/libc_nano.a(libc_a-lseekr.o)
 .ARM.attributes
                0x0000059a       0x34 /Applications/ArmGNUToolchain/14.2.rel1/arm-none-eabi/bin/../lib/gcc/arm-none-eabi/14.2.1/../../../../arm-none-eabi/lib/thumb/v7e-m+fp/hard/libc_nano.a(libc_a-readr.o)
 .ARM.attributes
                0x000005ce       0x34 /Applications/ArmGNUToolchain/14.2.rel1/arm-none-eabi/bin/../lib/gcc/arm-none-eabi/14.2.1/../../../../arm-none-eabi/lib/thumb/v7e-m+fp/hard/libc_nano.a(libc_a-sbrkr.o)
 .ARM.attributes
                0x00000602       0x34 /Applications/ArmGNUToolchain/14.2.rel1/arm-none-eabi/bin/../lib/gcc/arm-none-eabi/14.2.1/../../../../arm-none-eabi/lib/thumb/v7e-m+fp/hard/libc_nano.a(libc_a-writer.o)
 .ARM.attributes
                0x00000636       0x34 /Applications/ArmGNUToolchain/14.2.rel1/arm-none-eabi/bin/../lib/gcc/arm-none-eabi/14.2.1/../../../../arm-none-eabi/lib/thumb/v7e-m+fp/hard/libc_nano.a(libc_a-closer.o)
 .ARM.attributes
                0x0000066a       0x22 /Applications/ArmGNUToolchain/14.2.rel1/arm-none-eabi/bin/../lib/gcc/arm-none-eabi/14.2.1/thumb/v7e-m+fp/hard/libgcc.a(_aeabi_uldivmod.o)
 .ARM.attributes
                0x0000068c       0x34 /Applications/ArmGNUToolchain/14.2.rel1/arm-none-eabi/bin/../lib/gcc/arm-none-eabi/14.2.1/thumb/v7e-m+fp/hard/libgcc.a(_udivmoddi4.o)
 .ARM.attributes
                0x000006c0       0x22 /Applications/ArmGNUToolchain/14.2.rel1/arm-none-eabi/bin/../lib/gcc/arm-none-eabi/14.2.1/thumb/v7e-m+fp/hard/libgcc.a(_dvmd_tls.o)
 .ARM.attributes
                0x000006e2       0x34 /Applications/ArmGNUToolchain/14.2.rel1/arm-none-eabi/bin/../lib/gcc/arm-none-eabi/14.2.1/../../../../arm-none-eabi/lib/thumb/v7e-m+fp/hard/libnosys.a(close.o)
 .ARM.attributes
                0x00000716       0x34 /Applications/ArmGNUToolchain/14.2.rel1/arm-none-eabi/bin/../lib/gcc/arm-none-eabi/14.2.1/../../../../arm-none-eabi/lib/thumb/v7e-m+fp/hard/libnosys.a(fstat.o)
 .ARM.attributes
                0x0000074a       0x34 /Applications/ArmGNUToolchain/14.2.rel1/arm-none-eabi/bin/../lib/gcc/arm-none-eabi/14.2.1/../../../../arm-none-eabi/lib/thumb/v7e-m+fp/hard/libnosys.a(isatty.o)
 .ARM.attributes
                0x0000077e       0x34 /Applications/ArmGNUToolchain/14.2.rel1/arm-none-eabi/bin/../lib/gcc/arm-none-eabi/14.2.1/../../../../arm-none-eabi/lib/thumb/v7e-m+fp/hard/libnosys.a(lseek.o)
 .ARM.attributes
                0x000007b2       0x34 /Applications/ArmGNUToolchain/14.2.rel1/arm-none-eabi/bin/../lib/gcc/arm-none-eabi/14.2.1/../../../../arm-none-eabi/lib/thumb/v7e-m+fp/hard/libnosys.a(read.o)
 .ARM.attributes
                0x000007e6       0x34 /Applications/ArmGNUToolchain/14.2.rel1/arm-none-eabi/bin/../lib/gcc/arm-none-eabi/14.2.1/../../../../arm-none-eabi/lib/thumb/v7e-m+fp/hard/libnosys.a(sbrk.o)
LOAD _build/stm32f411ce_blackpill/obj/lib/mcu/st/cmsis_device_f4/Source/Templates/gcc/startup_stm32f411xe.o
LOAD _build/stm32f411ce_blackpill/obj/src/ghostfat.o
LOAD /var/folders/22/3r1y38fj3jv6y45lkqfh11sw0000gn/T//cczrtIqb.ltrans0.ltrans.o
LOAD /var/folders/22/3r1y38fj3jv6y45lkqfh11sw0000gn/T//cclAwCrY.debug.temp.o
LOAD /var/folders/22/3r1y38fj3jv6y45lkqfh11sw0000gn/T//cc0Y7MDa.debug.temp.o
LOAD /var/folders/22/3r1y38fj3jv6y45lkqfh11sw0000gn/T//ccAfOHAn.debug.temp.o
LOAD /var/folders/22/3r1y38fj3jv6y45lkqfh11sw0000gn/T//ccetgRen.debug.temp.o
LOAD /var/folders/22/3r1y38fj3jv6y45lkqfh11sw0000gn/T//cc2zNmi1.debug.temp.o
LOAD /var/folders/22/3r1y38fj3jv6y45lkqfh11sw0000gn/T//ccRu6qDY.debug.temp.o
LOAD /var/folders/22/3r1y38fj3jv6y45lkqfh11sw0000gn/T//ccwqMtKA.debug.temp.o
LOAD /var/folders/22/3r1y38fj3jv6y45lkqfh11sw0000gn/T//ccoO1Pq9.debug.temp.o
LOAD /var/folders/22/3r1y38fj3jv6y45lkqfh11sw0000gn/T//ccIht9GK.debug.temp.o
LOAD /var/folders/22/3r1y38fj3jv6y45lkqfh11sw0000gn/T//ccOIf3Jv.debug.temp.o
LOAD /var/folders/22/3r1y38fj3jv6y45lkqfh11sw0000gn/T//cc3auHko.debug.temp.o
LOAD /var/folders/22/3r1y38fj3jv6y45lkqfh11sw0000gn/T//ccM2Tfiz.debug.temp.o
LOAD /var/folders/22/3r1y38fj3jv6y45lkqfh11sw0000gn/T//ccgxnOpk.debug.temp.o
LOAD /var/folders/22/3r1y38fj3jv6y45lkqfh11sw0000gn/T//cc12zH6B.debug.temp.o
LOAD /var/folders/22/3r1y38fj3jv6y45lkqfh11sw0000gn/T//ccSErTC5.debug.temp.o
LOAD /var/folders/22/3r1y38fj3jv6y45lkqfh11sw0000gn/T//ccYGRKRl.debug.temp.o
LOAD /var/folders/22/3r1y38fj3jv6y45lkqfh11sw0000gn/T//cc7DEwVI.debug.temp.o
LOAD /var/folders/22/3r1y38fj3jv6y45lkqfh11sw0000gn/T//ccId1X2l.debug.temp.o
LOAD /var/folders/22/3r1y38fj3jv6y45lkqfh11sw0000gn/T//ccWfKit4.debug.temp.o
LOAD /var/folders/22/3r1y38fj3jv6y45lkqfh11sw0000gn/T//cc8gTGeH.debug.temp.o
LOAD /var/folders/22/3r1y38fj3jv6y45lkqfh11sw0000gn/T//ccGIJvDH.debug.temp.o
LOAD /var/folders/22/3r1y38fj3jv6y45lkqfh11sw0000gn/T//ccPYy57A.debug.temp.o
LOAD /var/folders/22/3r1y38fj3jv6y45lkqfh11sw0000gn/T//ccgu0WHN.debug.temp.o
LOAD /var/folders/22/3r1y38fj3jv6y45lkqfh11sw0000gn/T//ccq6XU4k.debug.temp.o
LOAD /var/folders/22/3r1y38fj3jv6y45lkqfh11sw0000gn/T//ccgXiseD.debug.temp.o
LOAD /var/folders/22/3r1y38fj3jv6y45lkqfh11sw0000gn/T//ccJdWLIM.debug.temp.o
LOAD /var/folders/22/3r1y38fj3jv6y45lkqfh11sw0000gn/T//ccvmvpp8.debug.temp.o
LOAD /var/folders/22/3r1y38fj3jv6y45lkqfh11sw0000gn/T//ccmkVz6p.debug.temp.o
LOAD /var/folders/22/3r1y38fj3jv6y45lkqfh11sw0000gn/T//ccOTjy0O.debug.temp.o
LOAD _build/stm32f411ce_blackpill/obj/src/images.o
LOAD _build/stm32f411ce_blackpill/obj/src/main.o
LOAD _build/stm32f411ce_blackpill/obj/src/msc.o
LOAD _build/stm32f411ce_blackpill/obj/src/screen.o
LOAD _build/stm32f411ce_blackpill/obj/src/usb_descriptors.o
LOAD _build/stm32f411ce_blackpill/obj/lib/tinyusb/src/tusb.o
LOAD _build/stm32f411ce_blackpill/obj/lib/tinyusb/src/common/tusb_fifo.o
LOAD _build/stm32f411ce_blackpill/obj/lib/tinyusb/src/device/usbd.o
LOAD _build/stm32f411ce_blackpill/obj/lib/tinyusb/src/device/usbd_control.o
LOAD _build/stm32f411ce_blackpill/obj/lib/tinyusb/src/class/cdc/cdc_device.o
LOAD _build/stm32f411ce_blackpill/obj/lib/tinyusb/src/class/dfu/dfu_rt_device.o
LOAD _build/stm32f411ce_blackpill/obj/lib/tinyusb/src/class/hid/hid_device.o
LOAD _build/stm32f411ce_blackpill/obj/lib/tinyusb/src/class/msc/msc_device.o
LOAD _build/stm32f411ce_blackpill/obj/lib/tinyusb/src/class/vendor/vendor_device.o
LOAD _build/stm32f411ce_blackpill/obj/ports/stm32f4/boards.o
LOAD _build/stm32f411ce_blackpill/obj/ports/stm32f4/board_flash.o
LOAD _build/stm32f411ce_blackpill/obj/lib/mcu/st/cmsis_device_f4/Source/Templates/system_stm32f4xx.o
LOAD _build/stm32f411ce_blackpill/obj/lib/mcu/st/stm32f4xx_hal_driver/Src/stm32f4xx_hal.o
LOAD _build/stm32f411ce_blackpill/obj/lib/mcu/st/stm32f4xx_hal_driver/Src/stm32f4xx_hal_cortex.o
LOAD _build/stm32f411ce_blackpill/obj/lib/mcu/st/stm32f4xx_hal_driver/Src/stm32f4xx_hal_rcc.o
LOAD _build/stm32f411ce_blackpill/obj/lib/mcu/st/stm32f4xx_hal_driver/Src/stm32f4xx_hal_gpio.o
LOAD _build/stm32f411ce_blackpill/obj/lib/mcu/st/stm32f4xx_hal_driver/Src/stm32f4xx_hal_flash.o
LOAD _build/stm32f411ce_blackpill/obj/lib/mcu/st/stm32f4xx_hal_driver/Src/stm32f4xx_hal_flash_ex.o
LOAD _build/stm32f411ce_blackpill/obj/lib/mcu/st/stm32f4xx_hal_driver/Src/stm32f4xx_hal_uart.o
LOAD _build/stm32f411ce_blackpill/obj/lib/mcu/st/stm32f4xx_hal_driver/Src/stm32f4xx_hal_i2c.o
LOAD _build/stm32f411ce_blackpill/obj/lib/ssd1306/ssd1306.o
LOAD _build/stm32f411ce_blackpill/obj/lib/ssd1306/fonts.o
LOAD _build/stm32f411ce_blackpill/obj/lib/tinyusb/src/portable/synopsys/dwc2/dcd_dwc2.o
START GROUP
LOAD /Applications/ArmGNUToolchain/14.2.rel1/arm-none-eabi/bin/../lib/gcc/arm-none-eabi/14.2.1/thumb/v7e-m+fp/hard/libgcc.a
LOAD /Applications/ArmGNUToolchain/14.2.rel1/arm-none-eabi/bin/../lib/gcc/arm-none-eabi/14.2.1/../../../../arm-none-eabi/lib/thumb/v7e-m+fp/hard/libm.a
LOAD /Applications/ArmGNUToolchain/14.2.rel1/arm-none-eabi/bin/../lib/gcc/arm-none-eabi/14.2.1/../../../../arm-none-eabi/lib/thumb/v7e-m+fp/hard/libc_nano.a
LOAD /Applications/ArmGNUToolchain/14.2.rel1/arm-none-eabi/bin/../lib/gcc/arm-none-eabi/14.2.1/../../../../arm-none-eabi/lib/thumb/v7e-m+fp/hard/libnosys.a
END GROUP
OUTPUT(_build/stm32f411ce_blackpill/tinyuf2-stm32f411ce_blackpill.elf elf32-littlearm)
LOAD linker stubs
LOAD /Applications/ArmGNUToolchain/14.2.rel1/arm-none-eabi/bin/../lib/gcc/arm-none-eabi/14.2.1/../../../../arm-none-eabi/lib/thumb/v7e-m+fp/hard/libc.a
LOAD /Applications/ArmGNUToolchain/14.2.rel1/arm-none-eabi/bin/../lib/gcc/arm-none-eabi/14.2.1/../../../../arm-none-eabi/lib/thumb/v7e-m+fp/hard/libm.a
LOAD /Applications/ArmGNUToolchain/14.2.rel1/arm-none-eabi/bin/../lib/gcc/arm-none-eabi/14.2.1/thumb/v7e-m+fp/hard/libgcc.a

.debug_line     0x00000000     0xa14f
 .debug_line    0x00000000       0x78 _build/stm32f411ce_blackpill/obj/lib/mcu/st/cmsis_device_f4/Source/Templates/gcc/startup_stm32f411xe.o
 .debug_line    0x00000078     0x95cd /var/folders/22/3r1y38fj3jv6y45lkqfh11sw0000gn/T//cczrtIqb.ltrans0.ltrans.o
 .debug_line    0x00009645       0x68 /var/folders/22/3r1y38fj3jv6y45lkqfh11sw0000gn/T//cclAwCrY.debug.temp.o
 .debug_line    0x000096ad       0x71 /var/folders/22/3r1y38fj3jv6y45lkqfh11sw0000gn/T//ccAfOHAn.debug.temp.o
 .debug_line    0x0000971e       0x72 /var/folders/22/3r1y38fj3jv6y45lkqfh11sw0000gn/T//ccetgRen.debug.temp.o
 .debug_line    0x00009790       0x75 /var/folders/22/3r1y38fj3jv6y45lkqfh11sw0000gn/T//ccRu6qDY.debug.temp.o
 .debug_line    0x00009805       0x97 /var/folders/22/3r1y38fj3jv6y45lkqfh11sw0000gn/T//ccwqMtKA.debug.temp.o
 .debug_line    0x0000989c       0x5f /var/folders/22/3r1y38fj3jv6y45lkqfh11sw0000gn/T//ccoO1Pq9.debug.temp.o
 .debug_line    0x000098fb       0x98 /var/folders/22/3r1y38fj3jv6y45lkqfh11sw0000gn/T//ccIht9GK.debug.temp.o
 .debug_line    0x00009993       0x7b /var/folders/22/3r1y38fj3jv6y45lkqfh11sw0000gn/T//ccOIf3Jv.debug.temp.o
 .debug_line    0x00009a0e       0x8e /var/folders/22/3r1y38fj3jv6y45lkqfh11sw0000gn/T//cc12zH6B.debug.temp.o
 .debug_line    0x00009a9c       0xcb /var/folders/22/3r1y38fj3jv6y45lkqfh11sw0000gn/T//ccYGRKRl.debug.temp.o
 .debug_line    0x00009b67       0x6d /var/folders/22/3r1y38fj3jv6y45lkqfh11sw0000gn/T//cc7DEwVI.debug.temp.o
 .debug_line    0x00009bd4       0x63 /var/folders/22/3r1y38fj3jv6y45lkqfh11sw0000gn/T//ccId1X2l.debug.temp.o
 .debug_line    0x00009c37       0x7b /var/folders/22/3r1y38fj3jv6y45lkqfh11sw0000gn/T//ccWfKit4.debug.temp.o
 .debug_line    0x00009cb2       0x71 /var/folders/22/3r1y38fj3jv6y45lkqfh11sw0000gn/T//cc8gTGeH.debug.temp.o
 .debug_line    0x00009d23       0x7c /var/folders/22/3r1y38fj3jv6y45lkqfh11sw0000gn/T//ccGIJvDH.debug.temp.o
 .debug_line    0x00009d9f       0x68 /var/folders/22/3r1y38fj3jv6y45lkqfh11sw0000gn/T//ccPYy57A.debug.temp.o
 .debug_line    0x00009e07       0x7b /var/folders/22/3r1y38fj3jv6y45lkqfh11sw0000gn/T//ccgu0WHN.debug.temp.o
 .debug_line    0x00009e82       0x6d /var/folders/22/3r1y38fj3jv6y45lkqfh11sw0000gn/T//ccq6XU4k.debug.temp.o
 .debug_line    0x00009eef       0x77 /var/folders/22/3r1y38fj3jv6y45lkqfh11sw0000gn/T//ccgXiseD.debug.temp.o
 .debug_line    0x00009f66       0x7c /var/folders/22/3r1y38fj3jv6y45lkqfh11sw0000gn/T//ccJdWLIM.debug.temp.o
 .debug_line    0x00009fe2       0x80 /var/folders/22/3r1y38fj3jv6y45lkqfh11sw0000gn/T//ccvmvpp8.debug.temp.o
 .debug_line    0x0000a062       0x51 /var/folders/22/3r1y38fj3jv6y45lkqfh11sw0000gn/T//ccmkVz6p.debug.temp.o
 .debug_line    0x0000a0b3       0x9c /var/folders/22/3r1y38fj3jv6y45lkqfh11sw0000gn/T//ccOTjy0O.debug.temp.o

.debug_line_str
                0x00000000     0x1ba0
 .debug_line_str
                0x00000000     0x1ba0 _build/stm32f411ce_blackpill/obj/lib/mcu/st/cmsis_device_f4/Source/Templates/gcc/startup_stm32f411xe.o
                                0x134 (size before relaxing)
 .debug_line_str
                0x00001ba0      0x306 /var/folders/22/3r1y38fj3jv6y45lkqfh11sw0000gn/T//cclAwCrY.debug.temp.o
 .debug_line_str
                0x00001ba0      0x38b /var/folders/22/3r1y38fj3jv6y45lkqfh11sw0000gn/T//ccAfOHAn.debug.temp.o
 .debug_line_str
                0x00001ba0      0x33d /var/folders/22/3r1y38fj3jv6y45lkqfh11sw0000gn/T//ccetgRen.debug.temp.o
 .debug_line_str
                0x00001ba0      0x432 /var/folders/22/3r1y38fj3jv6y45lkqfh11sw0000gn/T//ccRu6qDY.debug.temp.o
 .debug_line_str
                0x00001ba0      0x4fb /var/folders/22/3r1y38fj3jv6y45lkqfh11sw0000gn/T//ccwqMtKA.debug.temp.o
 .debug_line_str
                0x00001ba0      0x2d2 /var/folders/22/3r1y38fj3jv6y45lkqfh11sw0000gn/T//ccoO1Pq9.debug.temp.o
 .debug_line_str
                0x00001ba0      0x4ba /var/folders/22/3r1y38fj3jv6y45lkqfh11sw0000gn/T//ccIht9GK.debug.temp.o
 .debug_line_str
                0x00001ba0      0x3dd /var/folders/22/3r1y38fj3jv6y45lkqfh11sw0000gn/T//ccOIf3Jv.debug.temp.o
 .debug_line_str
                0x00001ba0      0x480 /var/folders/22/3r1y38fj3jv6y45lkqfh11sw0000gn/T//cc12zH6B.debug.temp.o
 .debug_line_str
                0x00001ba0      0x706 /var/folders/22/3r1y38fj3jv6y45lkqfh11sw0000gn/T//ccYGRKRl.debug.temp.o
 .debug_line_str
                0x00001ba0      0x30b /var/folders/22/3r1y38fj3jv6y45lkqfh11sw0000gn/T//cc7DEwVI.debug.temp.o
 .debug_line_str
                0x00001ba0      0x3e9 /var/folders/22/3r1y38fj3jv6y45lkqfh11sw0000gn/T//ccId1X2l.debug.temp.o
 .debug_line_str
                0x00001ba0      0x4ae /var/folders/22/3r1y38fj3jv6y45lkqfh11sw0000gn/T//ccWfKit4.debug.temp.o
 .debug_line_str
                0x00001ba0      0x491 /var/folders/22/3r1y38fj3jv6y45lkqfh11sw0000gn/T//cc8gTGeH.debug.temp.o
 .debug_line_str
                0x00001ba0      0x445 /var/folders/22/3r1y38fj3jv6y45lkqfh11sw0000gn/T//ccGIJvDH.debug.temp.o
 .debug_line_str
                0x00001ba0      0x3f9 /var/folders/22/3r1y38fj3jv6y45lkqfh11sw0000gn/T//ccPYy57A.debug.temp.o
 .debug_line_str
                0x00001ba0      0x4c0 /var/folders/22/3r1y38fj3jv6y45lkqfh11sw0000gn/T//ccgu0WHN.debug.temp.o
 .debug_line_str
                0x00001ba0      0x41b /var/folders/22/3r1y38fj3jv6y45lkqfh11sw0000gn/T//ccq6XU4k.debug.temp.o
 .debug_line_str
                0x00001ba0      0x431 /var/folders/22/3r1y38fj3jv6y45lkqfh11sw0000gn/T//ccgXiseD.debug.temp.o
 .debug_line_str
                0x00001ba0      0x441 /var/folders/22/3r1y38fj3jv6y45lkqfh11sw0000gn/T//ccJdWLIM.debug.temp.o
 .debug_line_str
                0x00001ba0      0x428 /var/folders/22/3r1y38fj3jv6y45lkqfh11sw0000gn/T//ccvmvpp8.debug.temp.o
 .debug_line_str
                0x00001ba0      0x24d /var/folders/22/3r1y38fj3jv6y45lkqfh11sw0000gn/T//ccmkVz6p.debug.temp.o
 .debug_line_str
                0x00001ba0      0x58c /var/folders/22/3r1y38fj3jv6y45lkqfh11sw0000gn/T//ccOTjy0O.debug.temp.o
 .debug_line_str
                0x00001ba0       0xf4 /Applications/ArmGNUToolchain/14.2.rel1/arm-none-eabi/bin/../lib/gcc/arm-none-eabi/14.2.1/../../../../arm-none-eabi/lib/thumb/v7e-m+fp/hard/libc_nano.a(libc_a-strlen.o)
 .debug_line_str
                0x00001ba0       0xea /Applications/ArmGNUToolchain/14.2.rel1/arm-none-eabi/bin/../lib/gcc/arm-none-eabi/14.2.1/../../../../arm-none-eabi/lib/thumb/v7e-m+fp/hard/libc_nano.a(libc_a-memchr.o)
 .debug_line_str
                0x00001ba0       0xd2 /Applications/ArmGNUToolchain/14.2.rel1/arm-none-eabi/bin/../lib/gcc/arm-none-eabi/14.2.1/thumb/v7e-m+fp/hard/libgcc.a(_aeabi_uldivmod.o)
 .debug_line_str