Archive member included to satisfy reference by file (symbol)

/Applications/ArmGNUToolchain/14.2.rel1/arm-none-eabi/bin/../lib/gcc/arm-none-eabi/14.2.1/../../../../arm-none-eabi/lib/thumb/v7e-m+fp/hard/libm.a(libm_a-s_cos.o)
                              _build/stm32f411ce_blackpill/obj/lib/ssd1306/ssd1306.o (symbol from plugin) (cos)
/Applications/ArmGNUToolchain/14.2.rel1/arm-none-eabi/bin/../lib/gcc/arm-none-eabi/14.2.1/../../../../arm-none-eabi/lib/thumb/v7e-m+fp/hard/libm.a(libm_a-s_sin.o)
                              _build/stm32f411ce_blackpill/obj/lib/ssd1306/ssd1306.o (symbol from plugin) (sin)
/Applications/ArmGNUToolchain/14.2.rel1/arm-none-eabi/bin/../lib/gcc/arm-none-eabi/14.2.1/../../../../arm-none-eabi/lib/thumb/v7e-m+fp/hard/libm.a(libm_a-e_rem_pio2.o)
                              /Applications/ArmGNUToolchain/14.2.rel1/arm-none-eabi/bin/../lib/gcc/arm-none-eabi/14.2.1/../../../../arm-none-eabi/lib/thumb/v7e-m+fp/hard/libm.a(libm_a-s_cos.o) (__ieee754_rem_pio2)
/Applications/ArmGNUToolchain/14.2.rel1/arm-none-eabi/bin/../lib/gcc/arm-none-eabi/14.2.1/../../../../arm-none-eabi/lib/thumb/v7e-m+fp/hard/libm.a(libm_a-k_rem_pio2.o)
                              /Applications/ArmGNUToolchain/14.2.rel1/arm-none-eabi/bin/../lib/gcc/arm-none-eabi/14.2.1/../../../../arm-none-eabi/lib/thumb/v7e-m+fp/hard/libm.a(libm_a-e_rem_pio2.o) (__kernel_rem_pio2)
/Applications/ArmGNUToolchain/14.2.rel1/arm-none-eabi/bin/../lib/gcc/arm-none-eabi/14.2.1/../../../../arm-none-eabi/lib/thumb/v7e-m+fp/hard/libm.a(libm_a-k_cos.o)
                              /Applications/ArmGNUToolchain/14.2.rel1/arm-none-eabi/bin/../lib/gcc/arm-none-eabi/14.2.1/../../../../arm-none-eabi/lib/thumb/v7e-m+fp/hard/libm.a(libm_a-s_cos.o) (__kernel_cos)
/Applications/ArmGNUToolchain/14.2.rel1/arm-none-eabi/bin/../lib/gcc/arm-none-eabi/14.2.1/../../../../arm-none-eabi/lib/thumb/v7e-m+fp/hard/libm.a(libm_a-k_sin.o)
                              /Applications/ArmGNUToolchain/14.2.rel1/arm-none-eabi/bin/../lib/gcc/arm-none-eabi/14.2.1/../../../../arm-none-eabi/lib/thumb/v7e-m+fp/hard/libm.a(libm_a-s_cos.o) (__kernel_sin)
/Applications/ArmGNUToolchain/14.2.rel1/arm-none-eabi/bin/../lib/gcc/arm-none-eabi/14.2.1/../../../../arm-none-eabi/lib/thumb/v7e-m+fp/hard/libm.a(libm_a-s_fabs.o)
                              /Applications/ArmGNUToolchain/14.2.rel1/arm-none-eabi/bin/../lib/gcc/arm-none-eabi/14.2.1/../../../../arm-none-eabi/lib/thumb/v7e-m+fp/hard/libm.a(libm_a-e_rem_pio2.o) (fabs)
/Applications/ArmGNUToolchain/14.2.rel1/arm-none-eabi/bin/../lib/gcc/arm-none-eabi/14.2.1/../../../../arm-none-eabi/lib/thumb/v7e-m+fp/hard/libm.a(libm_a-s_scalbn.o)
                              /Applications/ArmGNUToolchain/14.2.rel1/arm-none-eabi/bin/../lib/gcc/arm-none-eabi/14.2.1/../../../../arm-none-eabi/lib/thumb/v7e-m+fp/hard/libm.a(libm_a-k_rem_pio2.o) (scalbn)
/Applications/ArmGNUToolchain/14.2.rel1/arm-none-eabi/bin/../lib/gcc/arm-none-eabi/14.2.1/../../../../arm-none-eabi/lib/thumb/v7e-m+fp/hard/libm.a(libm_a-s_floor.o)
                              /Applications/ArmGNUToolchain/14.2.rel1/arm-none-eabi/bin/../lib/gcc/arm-none-eabi/14.2.1/../../../../arm-none-eabi/lib/thumb/v7e-m+fp/hard/libm.a(libm_a-k_rem_pio2.o) (floor)
/Applications/ArmGNUToolchain/14.2.rel1/arm-none-eabi/bin/../lib/gcc/arm-none-eabi/14.2.1/../../../../arm-none-eabi/lib/thumb/v7e-m+fp/hard/libc_nano.a(libc_a-init.o)
                              _build/stm32f411ce_blackpill/obj/lib/mcu/st/cmsis_device_f4/Source/Templates/gcc/startup_stm32f411xe.o (__libc_init_array)
/Applications/ArmGNUToolchain/14.2.rel1/arm-none-eabi/bin/../lib/gcc/arm-none-eabi/14.2.1/../../../../arm-none-eabi/lib/thumb/v7e-m+fp/hard/libc_nano.a(libc_a-ctype_.o)
                              _build/stm32f411ce_blackpill/obj/lib/tinyusb/src/tusb.o (symbol from plugin) (_ctype_)
/Applications/ArmGNUToolchain/14.2.rel1/arm-none-eabi/bin/../lib/gcc/arm-none-eabi/14.2.1/thumb/v7e-m+fp/hard/libgcc.a(_arm_muldf3.o)
                              /Applications/ArmGNUToolchain/14.2.rel1/arm-none-eabi/bin/../lib/gcc/arm-none-eabi/14.2.1/../../../../arm-none-eabi/lib/thumb/v7e-m+fp/hard/libm.a(libm_a-e_rem_pio2.o) (__aeabi_dmul)
/Applications/ArmGNUToolchain/14.2.rel1/arm-none-eabi/bin/../lib/gcc/arm-none-eabi/14.2.1/thumb/v7e-m+fp/hard/libgcc.a(_arm_addsubdf3.o)
                              /Applications/ArmGNUToolchain/14.2.rel1/arm-none-eabi/bin/../lib/gcc/arm-none-eabi/14.2.1/../../../../arm-none-eabi/lib/thumb/v7e-m+fp/hard/libm.a(libm_a-s_cos.o) (__aeabi_dsub)
/Applications/ArmGNUToolchain/14.2.rel1/arm-none-eabi/bin/../lib/gcc/arm-none-eabi/14.2.1/thumb/v7e-m+fp/hard/libgcc.a(_arm_cmpdf2.o)
                              /Applications/ArmGNUToolchain/14.2.rel1/arm-none-eabi/bin/../lib/gcc/arm-none-eabi/14.2.1/../../../../arm-none-eabi/lib/thumb/v7e-m+fp/hard/libm.a(libm_a-e_rem_pio2.o) (__aeabi_dcmpeq)
[...]
Memory Configuration

Name             Origin             Length             Attributes
RAM              0x20000000         0x0000fffc         xrw
FLASH            0x08000000         0x0000c000         xr
CONFIG           0x08007c00         0x00000400         xr
*default*        0x00000000         0xffffffff

Linker script and memory map

                0x2000fffc                        _estack = (ORIGIN (RAM) + LENGTH (RAM))
                0x2000fffc                        _board_dfu_dbl_tap = _estack
                0x00000200                        _Min_Heap_Size = 0x200
                0x00000400                        _Min_Stack_Size = 0x400

.isr_vector     0x08000000      0x198
                0x08000000                        . = ALIGN (0x4)
 *(.isr_vector)
 .isr_vector    0x08000000      0x198 _build/stm32f411ce_blackpill/obj/lib/mcu/st/cmsis_device_f4/Source/Templates/gcc/startup_stm32f411xe.o
                0x08000000                g_pfnVectors
                0x08000198                        . = ALIGN (0x4)

.text           0x080001a0     0x750c
                0x080001a0                        . = ALIGN (0x4)
 *(.text)
 .text          0x080001a0       0x10 /Applications/ArmGNUToolchain/14.2.rel1/arm-none-eabi/bin/../lib/gcc/arm-none-eabi/14.2.1/../../../../arm-none-eabi/lib/thumb/v7e-m+fp/hard/libc_nano.a(libc_a-strlen.o)
                0x080001a0                strlen
 .text          0x080001b0       0xa0 /Applications/ArmGNUToolchain/14.2.rel1/arm-none-eabi/bin/../lib/gcc/arm-none-eabi/14.2.1/../../../../arm-none-eabi/lib/thumb/v7e-m+fp/hard/libc_nano.a(libc_a-memchr.o)
                0x080001b0                memchr
 .text          0x08000250       0x30 /Applications/ArmGNUToolchain/14.2.rel1/arm-none-eabi/bin/../lib/gcc/arm-none-eabi/14.2.1/thumb/v7e-m+fp/hard/libgcc.a(_aeabi_uldivmod.o)
                0x08000250                __aeabi_uldivmod
 .text          0x08000280        0x4 /Applications/ArmGNUToolchain/14.2.rel1/arm-none-eabi/bin/../lib/gcc/arm-none-eabi/14.2.1/thumb/v7e-m+fp/hard/libgcc.a(_dvmd_tls.o)
                0x08000280                __aeabi_ldiv0
                0x08000280                __aeabi_idiv0
 *(.text*)
 .text.Reset_Handler
                0x08000284       0x50 _build/stm32f411ce_blackpill/obj/lib/mcu/st/cmsis_device_f4/Source/Templates/gcc/startup_stm32f411xe.o
                0x08000284                Reset_Handler
 .text.Default_Handler
                0x080002d4        0x2 _build/stm32f411ce_blackpill/obj/lib/mcu/st/cmsis_device_f4/Source/Templates/gcc/startup_stm32f411xe.o
                0x080002d4                DMA1_Stream3_IRQHandler
                0x080002d4                EXTI2_IRQHandler
                0x080002d4                DebugMon_Handler
                0x080002d4                SPI4_IRQHandler
                0x080002d4                TIM1_CC_IRQHandler
                0x080002d4                DMA2_Stream5_IRQHandler
                0x080002d4                HardFault_Handler
                0x080002d4                DMA1_Stream5_IRQHandler
                0x080002d4                PVD_IRQHandler
                0x080002d4                SDIO_IRQHandler
                0x080002d4                TAMP_STAMP_IRQHandler
                0x080002d4                PendSV_Handler
                0x080002d4                NMI_Handler
                0x080002d4                EXTI3_IRQHandler
                0x080002d4                TIM1_UP_TIM10_IRQHandler
                0x080002d4                I2C3_ER_IRQHandler
                0x080002d4                EXTI0_IRQHandler
                0x080002d4                I2C2_EV_IRQHandler
                0x080002d4                DMA1_Stream2_IRQHandler
                0x080002d4                FPU_IRQHandler
                0x080002d4                UsageFault_Handler
                0x080002d4                DMA2_Stream2_IRQHandler
                0x080002d4                SPI1_IRQHandler
                0x080002d4                TIM1_BRK_TIM9_IRQHandler
                0x080002d4                DMA2_Stream3_IRQHandler
                0x080002d4                USART6_IRQHandler
                0x080002d4                DMA2_Stream0_IRQHandler
                0x080002d4                TIM4_IRQHandler
                0x080002d4                I2C1_EV_IRQHandler
                0x080002d4                DMA1_Stream6_IRQHandler
                0x080002d4                DMA1_Stream1_IRQHandler
                0x080002d4                TIM3_IRQHandler
                0x080002d4                RCC_IRQHandler
                0x080002d4                Default_Handler
                0x080002d4                EXTI15_10_IRQHandler
                0x080002d4                ADC_IRQHandler
                0x080002d4                DMA1_Stream7_IRQHandler
                0x080002d4                SPI5_IRQHandler
                0x080002d4                TIM5_IRQHandler
                0x080002d4                DMA2_Stream7_IRQHandler
                0x080002d4                I2C3_EV_IRQHandler
                0x080002d4                EXTI9_5_IRQHandler
                0x080002d4                RTC_WKUP_IRQHandler
                0x080002d4                SPI2_IRQHandler
                0x080002d4                MemManage_Handler
                0x080002d4                DMA1_Stream0_IRQHandler
                0x080002d4                SVC_Handler
                0x080002d4                EXTI4_IRQHandler
                0x080002d4                WWDG_IRQHandler
                0x080002d4                TIM2_IRQHandler
                0x080002d4                OTG_FS_WKUP_IRQHandler
                0x080002d4                TIM1_TRG_COM_TIM11_IRQHandler
                0x080002d4                EXTI1_IRQHandler
                0x080002d4                USART2_IRQHandler
                0x080002d4                I2C2_ER_IRQHandler
                0x080002d4                DMA2_Stream1_IRQHandler
                0x080002d4                FLASH_IRQHandler
                0x080002d4                DMA2_Stream4_IRQHandler
                0x080002d4                BusFault_Handler
                0x080002d4                USART1_IRQHandler
                0x080002d4                SPI3_IRQHandler
                0x080002d4                DMA1_Stream4_IRQHandler
                0x080002d4                I2C1_ER_IRQHandler
                0x080002d4                DMA2_Stream6_IRQHandler
                0x080002d4                RTC_Alarm_IRQHandler
 *fill*         0x080002d6        0x2 
 .text.is_uf2_block
                0x080002d8       0x54 /var/folders/22/3r1y38fj3jv6y45lkqfh11sw0000gn/T//ccfasBin.ltrans0.ltrans.o
 .text.init_starting_clusters
                0x0800032c       0x54 /var/folders/22/3r1y38fj3jv6y45lkqfh11sw0000gn/T//ccfasBin.ltrans0.ltrans.o
 .text.info_index_of
                0x08000380       0x40 /var/folders/22/3r1y38fj3jv6y45lkqfh11sw0000gn/T//ccfasBin.ltrans0.ltrans.o
 .text.u32_to_hexstr
                0x080003c0       0x48 /var/folders/22/3r1y38fj3jv6y45lkqfh11sw0000gn/T//ccfasBin.ltrans0.ltrans.o
 .text.padded_memcpy
                0x08000408       0x2a /var/folders/22/3r1y38fj3jv6y45lkqfh11sw0000gn/T//ccfasBin.ltrans0.ltrans.o
 .text.tud_msc_test_unit_ready_cb
                0x08000432        0x4 /var/folders/22/3r1y38fj3jv6y45lkqfh11sw0000gn/T//ccfasBin.ltrans0.ltrans.o
 *fill*         0x08000436        0x2 
 .text.tud_msc_capacity_cb
                0x08000438       0x10 /var/folders/22/3r1y38fj3jv6y45lkqfh11sw0000gn/T//ccfasBin.ltrans0.ltrans.o
 .text.tud_msc_start_stop_cb
                0x08000448        0x4 /var/folders/22/3r1y38fj3jv6y45lkqfh11sw0000gn/T//ccfasBin.ltrans0.ltrans.o
 .text.tud_descriptor_device_cb
                0x0800044c        0x8 /var/folders/22/3r1y38fj3jv6y45lkqfh11sw0000gn/T//ccfasBin.ltrans0.ltrans.o
 .text.tud_descriptor_configuration_cb
                0x08000454        0x8 /var/folders/22/3r1y38fj3jv6y45lkqfh11sw0000gn/T//ccfasBin.ltrans0.ltrans.o
 .text.tu_edpt_bind_driver
                0x0800045c       0x4a /var/folders/22/3r1y38fj3jv6y45lkqfh11sw0000gn/T//ccfasBin.ltrans0.ltrans.o
 .text.advance_index
                0x080004a6       0x1a /var/folders/22/3r1y38fj3jv6y45lkqfh11sw0000gn/T//ccfasBin.ltrans0.ltrans.o
 .text.tu_fifo_full
                0x080004c0       0x28 /var/folders/22/3r1y38fj3jv6y45lkqfh11sw0000gn/T//ccfasBin.ltrans0.ltrans.o
 .text.tu_fifo_clear
                0x080004e8        0xa /var/folders/22/3r1y38fj3jv6y45lkqfh11sw0000gn/T//ccfasBin.ltrans0.ltrans.o
 .text.tud_descriptor_bos_cb
                0x080004f2        0x4 /var/folders/22/3r1y38fj3jv6y45lkqfh11sw0000gn/T//ccfasBin.ltrans0.ltrans.o
 .text.tud_descriptor_device_qualifier_cb
                0x080004f6        0x4 /var/folders/22/3r1y38fj3jv6y45lkqfh11sw0000gn/T//ccfasBin.ltrans0.ltrans.o
 .text.tud_descriptor_other_speed_configuration_cb
                0x080004fa        0x4 /var/folders/22/3r1y38fj3jv6y45lkqfh11sw0000gn/T//ccfasBin.ltrans0.ltrans.o
 .text.tud_vendor_control_xfer_cb
                0x080004fe        0x4 /var/folders/22/3r1y38fj3jv6y45lkqfh11sw0000gn/T//ccfasBin.ltrans0.ltrans.o
 *fill*         0x08000502        0x2 
 .text.tud_inited
                0x08000504       0x10 /var/folders/22/3r1y38fj3jv6y45lkqfh11sw0000gn/T//ccfasBin.ltrans0.ltrans.o
 .text.usbd_edpt_busy
                0x08000514       0x1c /var/folders/22/3r1y38fj3jv6y45lkqfh11sw0000gn/T//ccfasBin.ltrans0.ltrans.o
 .text.usbd_edpt_stalled
                0x08000530       0x1c /var/folders/22/3r1y38fj3jv6y45lkqfh11sw0000gn/T//ccfasBin.ltrans0.ltrans.o
 .text.usbd_control_set_complete_callback
                0x0800054c        0xc /var/folders/22/3r1y38fj3jv6y45lkqfh11sw0000gn/T//ccfasBin.ltrans0.ltrans.o
 .text.invoke_class_control
                0x08000558       0x1a /var/folders/22/3r1y38fj3jv6y45lkqfh11sw0000gn/T//ccfasBin.ltrans0.ltrans.o
 *fill*         0x08000572        0x2 
 .text.usbd_control_set_request
                0x08000574       0x1c /var/folders/22/3r1y38fj3jv6y45lkqfh11sw0000gn/T//ccfasBin.ltrans0.ltrans.o
 .text.tud_msc_set_sense
                0x08000590       0x18 /var/folders/22/3r1y38fj3jv6y45lkqfh11sw0000gn/T//ccfasBin.ltrans0.ltrans.o
 .text.tud_msc_scsi_cb
                0x080005a8       0x1c /var/folders/22/3r1y38fj3jv6y45lkqfh11sw0000gn/T//ccfasBin.ltrans0.ltrans.o
 .text.proc_bot_reset
                0x080005c4       0x18 /var/folders/22/3r1y38fj3jv6y45lkqfh11sw0000gn/T//ccfasBin.ltrans0.ltrans.o
 .text.__NVIC_SystemReset
                0x080005dc       0x24 /var/folders/22/3r1y38fj3jv6y45lkqfh11sw0000gn/T//ccfasBin.ltrans0.ltrans.o
 .text.board_dfu_complete
                0x08000600        0x6 /var/folders/22/3r1y38fj3jv6y45lkqfh11sw0000gn/T//ccfasBin.ltrans0.ltrans.o
 *fill*         0x08000606        0x2 
 .text.board_usb_get_serial
                0x08000608       0x1c /var/folders/22/3r1y38fj3jv6y45lkqfh11sw0000gn/T//ccfasBin.ltrans0.ltrans.o
 .text.board_timer_start
                0x08000624       0x3c /var/folders/22/3r1y38fj3jv6y45lkqfh11sw0000gn/T//ccfasBin.ltrans0.ltrans.o
 .text.board_timer_stop
                0x08000660        0xe /var/folders/22/3r1y38fj3jv6y45lkqfh11sw0000gn/T//ccfasBin.ltrans0.ltrans.o
 *fill*         0x0800066e        0x2 
 .text.indicator_set
                0x08000670       0x6c /var/folders/22/3r1y38fj3jv6y45lkqfh11sw0000gn/T//ccfasBin.ltrans0.ltrans.o
 .text.tud_mount_cb
                0x080006dc        0xa /var/folders/22/3r1y38fj3jv6y45lkqfh11sw0000gn/T//ccfasBin.ltrans0.ltrans.o
 .text.tud_umount_cb
                0x080006e6        0xa /var/folders/22/3r1y38fj3jv6y45lkqfh11sw0000gn/T//ccfasBin.ltrans0.ltrans.o
 .text.is_blank
                0x080006f0       0x1a /var/folders/22/3r1y38fj3jv6y45lkqfh11sw0000gn/T//ccfasBin.ltrans0.ltrans.o
 .text.board_flash_size
                0x0800070a        0x6 /var/folders/22/3r1y38fj3jv6y45lkqfh11sw0000gn/T//ccfasBin.ltrans0.ltrans.o
 .text.SystemCoreClockUpdate
                0x08000710       0xa0 /var/folders/22/3r1y38fj3jv6y45lkqfh11sw0000gn/T//ccfasBin.ltrans0.ltrans.o
 .text.HAL_IncTick
                0x080007b0       0x10 /var/folders/22/3r1y38fj3jv6y45lkqfh11sw0000gn/T//ccfasBin.ltrans0.ltrans.o
 .text.HAL_GetTick
                0x080007c0        0xc /var/folders/22/3r1y38fj3jv6y45lkqfh11sw0000gn/T//ccfasBin.ltrans0.ltrans.o
 .text.__NVIC_EnableIRQ.lto_priv.0
                0x080007cc       0x1c /var/folders/22/3r1y38fj3jv6y45lkqfh11sw0000gn/T//ccfasBin.ltrans0.ltrans.o
 .text.__NVIC_SetPriority
                0x080007e8       0x28 /var/folders/22/3r1y38fj3jv6y45lkqfh11sw0000gn/T//ccfasBin.ltrans0.ltrans.o
 .text.NVIC_EncodePriority
                0x08000810       0x3e /var/folders/22/3r1y38fj3jv6y45lkqfh11sw0000gn/T//ccfasBin.ltrans0.ltrans.o
 *fill*         0x0800084e        0x2 
 .text.HAL_NVIC_SetPriority
                0x08000850       0x20 /var/folders/22/3r1y38fj3jv6y45lkqfh11sw0000gn/T//ccfasBin.ltrans0.ltrans.o
 .text.HAL_NVIC_EnableIRQ
                0x08000870        0x8 /var/folders/22/3r1y38fj3jv6y45lkqfh11sw0000gn/T//ccfasBin.ltrans0.ltrans.o
 .text.HAL_SYSTICK_Config
                0x08000878       0x28 /var/folders/22/3r1y38fj3jv6y45lkqfh11sw0000gn/T//ccfasBin.ltrans0.ltrans.o
 .text.HAL_InitTick
                0x080008a0       0x44 /var/folders/22/3r1y38fj3jv6y45lkqfh11sw0000gn/T//ccfasBin.ltrans0.ltrans.o
 .text.HAL_RCC_OscConfig
                0x080008e4      0x3ec /var/folders/22/3r1y38fj3jv6y45lkqfh11sw0000gn/T//ccfasBin.ltrans0.ltrans.o
 .text.HAL_RCC_GetSysClockFreq
                0x08000cd0       0x74 /var/folders/22/3r1y38fj3jv6y45lkqfh11sw0000gn/T//ccfasBin.ltrans0.ltrans.o
 .text.HAL_RCC_ClockConfig
                0x08000d44      0x160 /var/folders/22/3r1y38fj3jv6y45lkqfh11sw0000gn/T//ccfasBin.ltrans0.ltrans.o
 .text.clock_init
                0x08000ea4       0x84 /var/folders/22/3r1y38fj3jv6y45lkqfh11sw0000gn/T//ccfasBin.ltrans0.ltrans.o
 .text.HAL_RCC_GetHCLKFreq
                0x08000f28        0xc /var/folders/22/3r1y38fj3jv6y45lkqfh11sw0000gn/T//ccfasBin.ltrans0.ltrans.o
 .text.HAL_RCC_GetPCLK1Freq
                0x08000f34       0x20 /var/folders/22/3r1y38fj3jv6y45lkqfh11sw0000gn/T//ccfasBin.ltrans0.ltrans.o
 .text.HAL_RCC_GetPCLK2Freq
                0x08000f54       0x20 /var/folders/22/3r1y38fj3jv6y45lkqfh11sw0000gn/T//ccfasBin.ltrans0.ltrans.o
 .text.HAL_GPIO_Init
                0x08000f74      0x1ac /var/folders/22/3r1y38fj3jv6y45lkqfh11sw0000gn/T//ccfasBin.ltrans0.ltrans.o
 .text.gpioInitSmartDisk
                0x08001120      0x120 /var/folders/22/3r1y38fj3jv6y45lkqfh11sw0000gn/T//ccfasBin.ltrans0.ltrans.o
 .text.HAL_GPIO_DeInit
                0x08001240      0x110 /var/folders/22/3r1y38fj3jv6y45lkqfh11sw0000gn/T//ccfasBin.ltrans0.ltrans.o
 .text.HAL_GPIO_WritePin
                0x08001350        0xc /var/folders/22/3r1y38fj3jv6y45lkqfh11sw0000gn/T//ccfasBin.ltrans0.ltrans.o
 .text.board_led_write
                0x0800135c       0x18 /var/folders/22/3r1y38fj3jv6y45lkqfh11sw0000gn/T//ccfasBin.ltrans0.ltrans.o
 .text.board_timer_handler
                0x08001374       0x4c /var/folders/22/3r1y38fj3jv6y45lkqfh11sw0000gn/T//ccfasBin.ltrans0.ltrans.o
 .text.HAL_FLASH_Unlock
                0x080013c0       0x30 /var/folders/22/3r1y38fj3jv6y45lkqfh11sw0000gn/T//ccfasBin.ltrans0.ltrans.o
 .text.HAL_FLASH_Lock
                0x080013f0       0x14 /var/folders/22/3r1y38fj3jv6y45lkqfh11sw0000gn/T//ccfasBin.ltrans0.ltrans.o
 .text.HAL_FLASH_OB_Unlock
                0x08001404       0x28 /var/folders/22/3r1y38fj3jv6y45lkqfh11sw0000gn/T//ccfasBin.ltrans0.ltrans.o
 .text.HAL_FLASH_OB_Lock
                0x0800142c       0x14 /var/folders/22/3r1y38fj3jv6y45lkqfh11sw0000gn/T//ccfasBin.ltrans0.ltrans.o
 .text.FLASH_Program_DoubleWord
                0x08001440       0x30 /var/folders/22/3r1y38fj3jv6y45lkqfh11sw0000gn/T//ccfasBin.ltrans0.ltrans.o
 .text.FLASH_Program_Word
                0x08001470       0x24 /var/folders/22/3r1y38fj3jv6y45lkqfh11sw0000gn/T//ccfasBin.ltrans0.ltrans.o
 .text.FLASH_Program_HalfWord
                0x08001494       0x24 /var/folders/22/3r1y38fj3jv6y45lkqfh11sw0000gn/T//ccfasBin.ltrans0.ltrans.o
 .text.FLASH_Program_Byte
                0x080014b8       0x20 /var/folders/22/3r1y38fj3jv6y45lkqfh11sw0000gn/T//ccfasBin.ltrans0.ltrans.o
 .text.FLASH_SetErrorCode
                0x080014d8       0xa8 /var/folders/22/3r1y38fj3jv6y45lkqfh11sw0000gn/T//ccfasBin.ltrans0.ltrans.o
 .text.FLASH_WaitForLastOperation
                0x08001580       0x60 /var/folders/22/3r1y38fj3jv6y45lkqfh11sw0000gn/T//ccfasBin.ltrans0.ltrans.o
 .text.HAL_FLASH_Program
                0x080015e0       0x7c /var/folders/22/3r1y38fj3jv6y45lkqfh11sw0000gn/T//ccfasBin.ltrans0.ltrans.o
 .text.HAL_FLASH_OB_Launch
                0x0800165c       0x1c /var/folders/22/3r1y38fj3jv6y45lkqfh11sw0000gn/T//ccfasBin.ltrans0.ltrans.o
 .text.FLASH_Erase_Sector
                0x08001678       0x4c /var/folders/22/3r1y38fj3jv6y45lkqfh11sw0000gn/T//ccfasBin.ltrans0.ltrans.o
 .text.FLASH_OB_EnableWRP
                0x080016c4       0x20 /var/folders/22/3r1y38fj3jv6y45lkqfh11sw0000gn/T//ccfasBin.ltrans0.ltrans.o
 .text.FLASH_OB_DisableWRP
                0x080016e4       0x20 /var/folders/22/3r1y38fj3jv6y45lkqfh11sw0000gn/T//ccfasBin.ltrans0.ltrans.o
 .text.FLASH_OB_RDP_LevelConfig
                0x08001704       0x18 /var/folders/22/3r1y38fj3jv6y45lkqfh11sw0000gn/T//ccfasBin.ltrans0.ltrans.o
 .text.FLASH_OB_UserConfig
                0x0800171c       0x2c /var/folders/22/3r1y38fj3jv6y45lkqfh11sw0000gn/T//ccfasBin.ltrans0.ltrans.o
 .text.FLASH_OB_BOR_LevelConfig
                0x08001748       0x18 /var/folders/22/3r1y38fj3jv6y45lkqfh11sw0000gn/T//ccfasBin.ltrans0.ltrans.o
 .text.HAL_FLASHEx_OBProgram
                0x08001760       0x84 /var/folders/22/3r1y38fj3jv6y45lkqfh11sw0000gn/T//ccfasBin.ltrans0.ltrans.o
 .text.FLASH_OB_GetUser
                0x080017e4       0x10 /var/folders/22/3r1y38fj3jv6y45lkqfh11sw0000gn/T//ccfasBin.ltrans0.ltrans.o
 .text.FLASH_OB_GetWRP
                0x080017f4        0xc /var/folders/22/3r1y38fj3jv6y45lkqfh11sw0000gn/T//ccfasBin.ltrans0.ltrans.o
 .text.FLASH_OB_GetRDP
                0x08001800       0x1c /var/folders/22/3r1y38fj3jv6y45lkqfh11sw0000gn/T//ccfasBin.ltrans0.ltrans.o
 .text.FLASH_OB_GetBOR
                0x0800181c       0x10 /var/folders/22/3r1y38fj3jv6y45lkqfh11sw0000gn/T//ccfasBin.ltrans0.ltrans.o
 .text.HAL_FLASHEx_OBGetConfig
                0x0800182c       0x22 /var/folders/22/3r1y38fj3jv6y45lkqfh11sw0000gn/T//ccfasBin.ltrans0.ltrans.o
 .text.HAL_UART_DeInit
                0x0800184e       0x2a /var/folders/22/3r1y38fj3jv6y45lkqfh11sw0000gn/T//ccfasBin.ltrans0.ltrans.o
 .text.board_app_jump
                0x08001878       0x98 /var/folders/22/3r1y38fj3jv6y45lkqfh11sw0000gn/T//ccfasBin.ltrans0.ltrans.o
 .text.UART_WaitOnFlagUntilTimeout
                0x08001910       0x68 /var/folders/22/3r1y38fj3jv6y45lkqfh11sw0000gn/T//ccfasBin.ltrans0.ltrans.o
 .text.HAL_UART_Transmit
                0x08001978       0xde /var/folders/22/3r1y38fj3jv6y45lkqfh11sw0000gn/T//ccfasBin.ltrans0.ltrans.o
 *fill*         0x08001a56        0x2 
 .text.board_uart_write
                0x08001a58       0x1c /var/folders/22/3r1y38fj3jv6y45lkqfh11sw0000gn/T//ccfasBin.ltrans0.ltrans.o
 .text.UART_SetConfig
                0x08001a74      0x15c /var/folders/22/3r1y38fj3jv6y45lkqfh11sw0000gn/T//ccfasBin.ltrans0.ltrans.o
 .text.HAL_UART_Init
                0x08001bd0       0x5a /var/folders/22/3r1y38fj3jv6y45lkqfh11sw0000gn/T//ccfasBin.ltrans0.ltrans.o
 *fill*         0x08001c2a        0x2 
 .text.HAL_I2C_Init
                0x08001c2c      0x1ac /var/folders/22/3r1y38fj3jv6y45lkqfh11sw0000gn/T//ccfasBin.ltrans0.ltrans.o
 .text.I2C_WaitOnFlagUntilTimeout
                0x08001dd8       0x7c /var/folders/22/3r1y38fj3jv6y45lkqfh11sw0000gn/T//ccfasBin.ltrans0.ltrans.o
 .text.HAL_I2C_IsDeviceReady
                0x08001e54      0x18c /var/folders/22/3r1y38fj3jv6y45lkqfh11sw0000gn/T//ccfasBin.ltrans0.ltrans.o
 .text.I2C_WaitOnMasterAddressFlagUntilTimeout
                0x08001fe0       0xaa /var/folders/22/3r1y38fj3jv6y45lkqfh11sw0000gn/T//ccfasBin.ltrans0.ltrans.o
 .text.I2C_IsAcknowledgeFailed
                0x0800208a       0x32 /var/folders/22/3r1y38fj3jv6y45lkqfh11sw0000gn/T//ccfasBin.ltrans0.ltrans.o
 .text.I2C_WaitOnTXEFlagUntilTimeout
                0x080020bc       0x54 /var/folders/22/3r1y38fj3jv6y45lkqfh11sw0000gn/T//ccfasBin.ltrans0.ltrans.o
 .text.I2C_RequestMemoryWrite
                0x08002110       0xd8 /var/folders/22/3r1y38fj3jv6y45lkqfh11sw0000gn/T//ccfasBin.ltrans0.ltrans.o
 .text.I2C_WaitOnBTFFlagUntilTimeout
                0x080021e8       0x54 /var/folders/22/3r1y38fj3jv6y45lkqfh11sw0000gn/T//ccfasBin.ltrans0.ltrans.o
 .text.HAL_I2C_Mem_Write
                0x0800223c      0x160 /var/folders/22/3r1y38fj3jv6y45lkqfh11sw0000gn/T//ccfasBin.ltrans0.ltrans.o
 .text.width    0x0800239c        0x4 /var/folders/22/3r1y38fj3jv6y45lkqfh11sw0000gn/T//ccfasBin.ltrans0.ltrans.o
 .text.height   0x080023a0        0x4 /var/folders/22/3r1y38fj3jv6y45lkqfh11sw0000gn/T//ccfasBin.ltrans0.ltrans.o
 .text.ssd1306_GetWidth
                0x080023a4        0x4 /var/folders/22/3r1y38fj3jv6y45lkqfh11sw0000gn/T//ccfasBin.ltrans0.ltrans.o
 .text.ssd1306_GetHeight
                0x080023a8        0x4 /var/folders/22/3r1y38fj3jv6y45lkqfh11sw0000gn/T//ccfasBin.ltrans0.ltrans.o
 .text.ssd1306_SetColor
                0x080023ac        0xc /var/folders/22/3r1y38fj3jv6y45lkqfh11sw0000gn/T//ccfasBin.ltrans0.ltrans.o
 .text.ssd1306_DrawPixel
                0x080023b8       0x70 /var/folders/22/3r1y38fj3jv6y45lkqfh11sw0000gn/T//ccfasBin.ltrans0.ltrans.o
 .text.ssd1306_WriteChar
                0x08002428       0xb4 /var/folders/22/3r1y38fj3jv6y45lkqfh11sw0000gn/T//ccfasBin.ltrans0.ltrans.o
 .text.ssd1306_WriteString
                0x080024dc       0x2a /var/folders/22/3r1y38fj3jv6y45lkqfh11sw0000gn/T//ccfasBin.ltrans0.ltrans.o
 *fill*         0x08002506        0x2 
 .text.ssd1306_SetCursor
                0x08002508        0xc /var/folders/22/3r1y38fj3jv6y45lkqfh11sw0000gn/T//ccfasBin.ltrans0.ltrans.o
 .text.ssd1306_WriteCommand
                0x08002514       0x2c /var/folders/22/3r1y38fj3jv6y45lkqfh11sw0000gn/T//ccfasBin.ltrans0.ltrans.o
 .text.ssd1306_WriteData
                0x08002540       0x24 /var/folders/22/3r1y38fj3jv6y45lkqfh11sw0000gn/T//ccfasBin.ltrans0.ltrans.o
 .text.ssd1306_UpdateScreen
                0x08002564       0x3c /var/folders/22/3r1y38fj3jv6y45lkqfh11sw0000gn/T//ccfasBin.ltrans0.ltrans.o
 .text.__NVIC_EnableIRQ.lto_priv.1
                0x080025a0       0x1c /var/folders/22/3r1y38fj3jv6y45lkqfh11sw0000gn/T//ccfasBin.ltrans0.ltrans.o
 .text.__NVIC_DisableIRQ
                0x080025bc       0x24 /var/folders/22/3r1y38fj3jv6y45lkqfh11sw0000gn/T//ccfasBin.ltrans0.ltrans.o
 .text.dwc2_phy_update
                0x080025e0       0x9c /var/folders/22/3r1y38fj3jv6y45lkqfh11sw0000gn/T//ccfasBin.ltrans0.ltrans.o
 .text.edpt_activate
                0x0800267c       0x94 /var/folders/22/3r1y38fj3jv6y45lkqfh11sw0000gn/T//ccfasBin.ltrans0.ltrans.o
 .text.edpt_disable
                0x08002710       0xf8 /var/folders/22/3r1y38fj3jv6y45lkqfh11sw0000gn/T//ccfasBin.ltrans0.ltrans.o
 .text.edpt_schedule_packets
                0x08002808      0x114 /var/folders/22/3r1y38fj3jv6y45lkqfh11sw0000gn/T//ccfasBin.ltrans0.ltrans.o
 .text.reset_core
                0x0800291c       0x18 /var/folders/22/3r1y38fj3jv6y45lkqfh11sw0000gn/T//ccfasBin.ltrans0.ltrans.o
 .text.phy_hs_supported
                0x08002934        0x4 /var/folders/22/3r1y38fj3jv6y45lkqfh11sw0000gn/T//ccfasBin.ltrans0.ltrans.o
 .text.phy_fs_init
                0x08002938       0x3a /var/folders/22/3r1y38fj3jv6y45lkqfh11sw0000gn/T//ccfasBin.ltrans0.ltrans.o
 .text.phy_hs_init
                0x08002972       0x98 /var/folders/22/3r1y38fj3jv6y45lkqfh11sw0000gn/T//ccfasBin.ltrans0.ltrans.o
 *fill*         0x08002a0a        0x2 
 .text.dcd_int_enable
                0x08002a0c       0x18 /var/folders/22/3r1y38fj3jv6y45lkqfh11sw0000gn/T//ccfasBin.ltrans0.ltrans.o
 .text.dcd_int_disable
                0x08002a24       0x18 /var/folders/22/3r1y38fj3jv6y45lkqfh11sw0000gn/T//ccfasBin.ltrans0.ltrans.o
 .text.usbd_int_set
                0x08002a3c       0x1c /var/folders/22/3r1y38fj3jv6y45lkqfh11sw0000gn/T//ccfasBin.ltrans0.ltrans.o
 .text.dcd_connect
                0x08002a58       0x18 /var/folders/22/3r1y38fj3jv6y45lkqfh11sw0000gn/T//ccfasBin.ltrans0.ltrans.o
 .text.dcd_disconnect
                0x08002a70       0x18 /var/folders/22/3r1y38fj3jv6y45lkqfh11sw0000gn/T//ccfasBin.ltrans0.ltrans.o
 .text.dcd_sof_enable
                0x08002a88       0x2c /var/folders/22/3r1y38fj3jv6y45lkqfh11sw0000gn/T//ccfasBin.ltrans0.ltrans.o
 .text.dcd_edpt_close_all
                0x08002ab4       0xb0 /var/folders/22/3r1y38fj3jv6y45lkqfh11sw0000gn/T//ccfasBin.ltrans0.ltrans.o
 .text.dcd_edpt_xfer
                0x08002b64       0x7c /var/folders/22/3r1y38fj3jv6y45lkqfh11sw0000gn/T//ccfasBin.ltrans0.ltrans.o
 .text.dcd_set_address
                0x08002be0       0x28 /var/folders/22/3r1y38fj3jv6y45lkqfh11sw0000gn/T//ccfasBin.ltrans0.ltrans.o
 .text.dcd_edpt_stall
                0x08002c08        0xa /var/folders/22/3r1y38fj3jv6y45lkqfh11sw0000gn/T//ccfasBin.ltrans0.ltrans.o
 *fill*         0x08002c12        0x2 
 .text.usbd_edpt_stall
                0x08002c14       0x3c /var/folders/22/3r1y38fj3jv6y45lkqfh11sw0000gn/T//ccfasBin.ltrans0.ltrans.o
 .text.fail_scsi_op
                0x08002c50       0x50 /var/folders/22/3r1y38fj3jv6y45lkqfh11sw0000gn/T//ccfasBin.ltrans0.ltrans.o
 .text.dcd_edpt_clear_stall
                0x08002ca0       0x40 /var/folders/22/3r1y38fj3jv6y45lkqfh11sw0000gn/T//ccfasBin.ltrans0.ltrans.o
 .text.usbd_edpt_clear_stall
                0x08002ce0       0x3c /var/folders/22/3r1y38fj3jv6y45lkqfh11sw0000gn/T//ccfasBin.ltrans0.ltrans.o
 .text.read_fifo_packet
                0x08002d1c       0x50 /var/folders/22/3r1y38fj3jv6y45lkqfh11sw0000gn/T//ccfasBin.ltrans0.ltrans.o
 .text.write_fifo_packet
                0x08002d6c       0x54 /var/folders/22/3r1y38fj3jv6y45lkqfh11sw0000gn/T//ccfasBin.ltrans0.ltrans.o
 .text.tud_msc_inquiry_cb
                0x08002dc0       0x78 /var/folders/22/3r1y38fj3jv6y45lkqfh11sw0000gn/T//ccfasBin.ltrans0.ltrans.o
 .text._ff_push_const_addr
                0x08002e38       0x2e /var/folders/22/3r1y38fj3jv6y45lkqfh11sw0000gn/T//ccfasBin.ltrans0.ltrans.o
 .text._ff_pull_const_addr
                0x08002e66       0x34 /var/folders/22/3r1y38fj3jv6y45lkqfh11sw0000gn/T//ccfasBin.ltrans0.ltrans.o
 .text._ff_push_n
                0x08002e9a      0x102 /var/folders/22/3r1y38fj3jv6y45lkqfh11sw0000gn/T//ccfasBin.ltrans0.ltrans.o
 .text._tu_fifo_write_n
                0x08002f9c       0xdc /var/folders/22/3r1y38fj3jv6y45lkqfh11sw0000gn/T//ccfasBin.ltrans0.ltrans.o
 .text.tu_fifo_write_n_const_addr_full_words
                0x08003078        0xa /var/folders/22/3r1y38fj3jv6y45lkqfh11sw0000gn/T//ccfasBin.ltrans0.ltrans.o
 *fill*         0x08003082        0x2 
 .text.handle_rxflvl_irq
                0x08003084      0x118 /var/folders/22/3r1y38fj3jv6y45lkqfh11sw0000gn/T//ccfasBin.ltrans0.ltrans.o
 .text._ff_pull_n
                0x0800319c      0x106 /var/folders/22/3r1y38fj3jv6y45lkqfh11sw0000gn/T//ccfasBin.ltrans0.ltrans.o
 .text._tu_fifo_peek_n
                0x080032a2       0x6a /var/folders/22/3r1y38fj3jv6y45lkqfh11sw0000gn/T//ccfasBin.ltrans0.ltrans.o
 .text._tu_fifo_read_n
                0x0800330c       0x30 /var/folders/22/3r1y38fj3jv6y45lkqfh11sw0000gn/T//ccfasBin.ltrans0.ltrans.o
 .text.tu_fifo_read_n_const_addr_full_words
                0x0800333c        0xa /var/folders/22/3r1y38fj3jv6y45lkqfh11sw0000gn/T//ccfasBin.ltrans0.ltrans.o
 .text._tu_fifo_peek
                0x08003346       0x62 /var/folders/22/3r1y38fj3jv6y45lkqfh11sw0000gn/T//ccfasBin.ltrans0.ltrans.o
 .text.tu_fifo_read
                0x080033a8       0x24 /var/folders/22/3r1y38fj3jv6y45lkqfh11sw0000gn/T//ccfasBin.ltrans0.ltrans.o
 .text.tu_fifo_write
                0x080033cc       0x46 /var/folders/22/3r1y38fj3jv6y45lkqfh11sw0000gn/T//ccfasBin.ltrans0.ltrans.o
 .text.board_flash_read
                0x08003412        0xe /var/folders/22/3r1y38fj3jv6y45lkqfh11sw0000gn/T//ccfasBin.ltrans0.ltrans.o
 .text.uf2_init
                0x08003420       0x74 /var/folders/22/3r1y38fj3jv6y45lkqfh11sw0000gn/T//ccfasBin.ltrans0.ltrans.o
 .text.tud_descriptor_string_cb
                0x08003494       0xd0 /var/folders/22/3r1y38fj3jv6y45lkqfh11sw0000gn/T//ccfasBin.ltrans0.ltrans.o
 .text.uf2_read_block
                0x08003564      0x224 /var/folders/22/3r1y38fj3jv6y45lkqfh11sw0000gn/T//ccfasBin.ltrans0.ltrans.o
 .text.usbd_control_reset
                0x08003788       0x14 /var/folders/22/3r1y38fj3jv6y45lkqfh11sw0000gn/T//ccfasBin.ltrans0.ltrans.o
 .text.mscd_init
                0x0800379c       0x14 /var/folders/22/3r1y38fj3jv6y45lkqfh11sw0000gn/T//ccfasBin.ltrans0.ltrans.o
 .text.mscd_reset
                0x080037b0       0x14 /var/folders/22/3r1y38fj3jv6y45lkqfh11sw0000gn/T//ccfasBin.ltrans0.ltrans.o
 .text.ssd1306_Clear
                0x080037c4       0x14 /var/folders/22/3r1y38fj3jv6y45lkqfh11sw0000gn/T//ccfasBin.ltrans0.ltrans.o
 .text.ssd1306_Init
                0x080037d8       0xdc /var/folders/22/3r1y38fj3jv6y45lkqfh11sw0000gn/T//ccfasBin.ltrans0.ltrans.o
 .text.bus_reset
                0x080038b4       0xe4 /var/folders/22/3r1y38fj3jv6y45lkqfh11sw0000gn/T//ccfasBin.ltrans0.ltrans.o
 .text.tud_msc_write10_complete_cb
                0x08003998       0x50 /var/folders/22/3r1y38fj3jv6y45lkqfh11sw0000gn/T//ccfasBin.ltrans0.ltrans.o
 .text.board_init
                0x080039e8      0x1e4 /var/folders/22/3r1y38fj3jv6y45lkqfh11sw0000gn/T//ccfasBin.ltrans0.ltrans.o
 .text.tud_msc_read10_cb
                0x08003bcc       0x58 /var/folders/22/3r1y38fj3jv6y45lkqfh11sw0000gn/T//ccfasBin.ltrans0.ltrans.o
 .text.tu_edpt_validate
                0x08003c24       0xe0 /var/folders/22/3r1y38fj3jv6y45lkqfh11sw0000gn/T//ccfasBin.ltrans0.ltrans.o
 .text.configuration_reset
                0x08003d04       0x88 /var/folders/22/3r1y38fj3jv6y45lkqfh11sw0000gn/T//ccfasBin.ltrans0.ltrans.o
 .text.usbd_reset
                0x08003d8c        0xc /var/folders/22/3r1y38fj3jv6y45lkqfh11sw0000gn/T//ccfasBin.ltrans0.ltrans.o
 .text.process_set_config
                0x08003d98      0x198 /var/folders/22/3r1y38fj3jv6y45lkqfh11sw0000gn/T//ccfasBin.ltrans0.ltrans.o
 .text.dcd_event_handler
                0x08003f30      0x1dc /var/folders/22/3r1y38fj3jv6y45lkqfh11sw0000gn/T//ccfasBin.ltrans0.ltrans.o
 .text.handle_epout_irq
                0x0800410c       0xfc /var/folders/22/3r1y38fj3jv6y45lkqfh11sw0000gn/T//ccfasBin.ltrans0.ltrans.o
 .text.handle_epin_irq
                0x08004208      0x158 /var/folders/22/3r1y38fj3jv6y45lkqfh11sw0000gn/T//ccfasBin.ltrans0.ltrans.o
 .text.dcd_int_handler
                0x08004360      0x16c /var/folders/22/3r1y38fj3jv6y45lkqfh11sw0000gn/T//ccfasBin.ltrans0.ltrans.o
 .text.usbd_edpt_xfer
                0x080044cc       0x94 /var/folders/22/3r1y38fj3jv6y45lkqfh11sw0000gn/T//ccfasBin.ltrans0.ltrans.o
 .text._status_stage_xact
                0x08004560       0x1a /var/folders/22/3r1y38fj3jv6y45lkqfh11sw0000gn/T//ccfasBin.ltrans0.ltrans.o
 *fill*         0x0800457a        0x2 
 .text.tud_control_status
                0x0800457c       0x28 /var/folders/22/3r1y38fj3jv6y45lkqfh11sw0000gn/T//ccfasBin.ltrans0.ltrans.o
 .text._data_stage_xact
                0x080045a4       0x5c /var/folders/22/3r1y38fj3jv6y45lkqfh11sw0000gn/T//ccfasBin.ltrans0.ltrans.o
 .text.send_csw
                0x08004600       0x20 /var/folders/22/3r1y38fj3jv6y45lkqfh11sw0000gn/T//ccfasBin.ltrans0.ltrans.o
 .text.tud_control_xfer
                0x08004620       0xac /var/folders/22/3r1y38fj3jv6y45lkqfh11sw0000gn/T//ccfasBin.ltrans0.ltrans.o
 .text.process_get_descriptor
                0x080046cc       0xf8 /var/folders/22/3r1y38fj3jv6y45lkqfh11sw0000gn/T//ccfasBin.ltrans0.ltrans.o
 .text.process_control_request
                0x080047c4      0x3fc /var/folders/22/3r1y38fj3jv6y45lkqfh11sw0000gn/T//ccfasBin.ltrans0.ltrans.o
 .text.usbd_control_xfer_cb
                0x08004bc0      0x104 /var/folders/22/3r1y38fj3jv6y45lkqfh11sw0000gn/T//ccfasBin.ltrans0.ltrans.o
 .text.tud_task_ext
                0x08004cc4      0x204 /var/folders/22/3r1y38fj3jv6y45lkqfh11sw0000gn/T//ccfasBin.ltrans0.ltrans.o
 .text.mscd_control_xfer_cb
                0x08004ec8      0x164 /var/folders/22/3r1y38fj3jv6y45lkqfh11sw0000gn/T//ccfasBin.ltrans0.ltrans.o
 .text.proc_write10_cmd
                0x0800502c       0x7c /var/folders/22/3r1y38fj3jv6y45lkqfh11sw0000gn/T//ccfasBin.ltrans0.ltrans.o
 .text.board_app_valid
                0x080050a8       0x48 /var/folders/22/3r1y38fj3jv6y45lkqfh11sw0000gn/T//ccfasBin.ltrans0.ltrans.o
 .text.check_dfu_mode
                0x080050f0       0xdc /var/folders/22/3r1y38fj3jv6y45lkqfh11sw0000gn/T//ccfasBin.ltrans0.ltrans.o
 .text.flash_erase
                0x080051cc       0xc4 /var/folders/22/3r1y38fj3jv6y45lkqfh11sw0000gn/T//ccfasBin.ltrans0.ltrans.o
 .text.board_flash_protect_bootloader
                0x08005290       0x84 /var/folders/22/3r1y38fj3jv6y45lkqfh11sw0000gn/T//ccfasBin.ltrans0.ltrans.o
 .text.fifo_alloc
                0x08005314       0xec /var/folders/22/3r1y38fj3jv6y45lkqfh11sw0000gn/T//ccfasBin.ltrans0.ltrans.o
 .text.check_dwc2
                0x08005400       0x58 /var/folders/22/3r1y38fj3jv6y45lkqfh11sw0000gn/T//ccfasBin.ltrans0.ltrans.o
 .text.dcd_init
                0x08005458       0xb8 /var/folders/22/3r1y38fj3jv6y45lkqfh11sw0000gn/T//ccfasBin.ltrans0.ltrans.o
 .text.tud_init
                0x08005510       0xc8 /var/folders/22/3r1y38fj3jv6y45lkqfh11sw0000gn/T//ccfasBin.ltrans0.ltrans.o
 .text.dcd_edpt_open
                0x080055d8       0x48 /var/folders/22/3r1y38fj3jv6y45lkqfh11sw0000gn/T//ccfasBin.ltrans0.ltrans.o
 .text.usbd_edpt_open
                0x08005620       0x7c /var/folders/22/3r1y38fj3jv6y45lkqfh11sw0000gn/T//ccfasBin.ltrans0.ltrans.o
 .text.usbd_open_edpt_pair
                0x0800569c       0xa4 /var/folders/22/3r1y38fj3jv6y45lkqfh11sw0000gn/T//ccfasBin.ltrans0.ltrans.o
 .text.mscd_open
                0x08005740       0xd4 /var/folders/22/3r1y38fj3jv6y45lkqfh11sw0000gn/T//ccfasBin.ltrans0.ltrans.o
 .text.rdwr10_validate_cmd
                0x08005814       0x74 /var/folders/22/3r1y38fj3jv6y45lkqfh11sw0000gn/T//ccfasBin.ltrans0.ltrans.o
 .text.proc_builtin_scsi
                0x08005888      0x330 /var/folders/22/3r1y38fj3jv6y45lkqfh11sw0000gn/T//ccfasBin.ltrans0.ltrans.o
 .text.proc_read10_cmd
                0x08005bb8       0xc0 /var/folders/22/3r1y38fj3jv6y45lkqfh11sw0000gn/T//ccfasBin.ltrans0.ltrans.o
 .text.printdfu
                0x08005c78       0xa4 /var/folders/22/3r1y38fj3jv6y45lkqfh11sw0000gn/T//ccfasBin.ltrans0.ltrans.o
 .text.board_dfu_init
                0x08005d1c       0x84 /var/folders/22/3r1y38fj3jv6y45lkqfh11sw0000gn/T//ccfasBin.ltrans0.ltrans.o
 .text.flash_write
                0x08005da0       0x78 /var/folders/22/3r1y38fj3jv6y45lkqfh11sw0000gn/T//ccfasBin.ltrans0.ltrans.o
 .text.board_flash_write
                0x08005e18       0x1e /var/folders/22/3r1y38fj3jv6y45lkqfh11sw0000gn/T//ccfasBin.ltrans0.ltrans.o
 *fill*         0x08005e36        0x2 
 .text.uf2_write_block
                0x08005e38       0x90 /var/folders/22/3r1y38fj3jv6y45lkqfh11sw0000gn/T//ccfasBin.ltrans0.ltrans.o
 .text.tud_msc_write10_cb
                0x08005ec8       0x30 /var/folders/22/3r1y38fj3jv6y45lkqfh11sw0000gn/T//ccfasBin.ltrans0.ltrans.o
 .text.proc_write10_new_data
                0x08005ef8       0xc0 /var/folders/22/3r1y38fj3jv6y45lkqfh11sw0000gn/T//ccfasBin.ltrans0.ltrans.o
 .text.mscd_xfer_cb
                0x08005fb8      0x35c /var/folders/22/3r1y38fj3jv6y45lkqfh11sw0000gn/T//ccfasBin.ltrans0.ltrans.o
 .text.main     0x08006314       0x84 /var/folders/22/3r1y38fj3jv6y45lkqfh11sw0000gn/T//ccfasBin.ltrans0.ltrans.o
                0x08006314                main
 .text._write   0x08006398        0xc /var/folders/22/3r1y38fj3jv6y45lkqfh11sw0000gn/T//ccfasBin.ltrans0.ltrans.o
                0x08006398                _write
 .text.SysTick_Handler
                0x080063a4        0xc /var/folders/22/3r1y38fj3jv6y45lkqfh11sw0000gn/T//ccfasBin.ltrans0.ltrans.o
                0x080063a4                SysTick_Handler
 .text.OTG_FS_IRQHandler
                0x080063b0        0xa /var/folders/22/3r1y38fj3jv6y45lkqfh11sw0000gn/T//ccfasBin.ltrans0.ltrans.o
                0x080063b0                OTG_FS_IRQHandler
 .text._init    0x080063ba        0x2 /var/folders/22/3r1y38fj3jv6y45lkqfh11sw0000gn/T//ccfasBin.ltrans0.ltrans.o
                0x080063ba                _init
 .text.SystemInit
                0x080063bc       0x1c /var/folders/22/3r1y38fj3jv6y45lkqfh11sw0000gn/T//ccfasBin.ltrans0.ltrans.o
                0x080063bc                SystemInit
 .text.__libc_init_array
                0x080063d8       0x48 /Applications/ArmGNUToolchain/14.2.rel1/arm-none-eabi/bin/../lib/gcc/arm-none-eabi/14.2.1/../../../../arm-none-eabi/lib/thumb/v7e-m+fp/hard/libc_nano.a(libc_a-init.o)
                0x080063d8                __libc_init_array
 .text.printf   0x08006420       0x24 /Applications/ArmGNUToolchain/14.2.rel1/arm-none-eabi/bin/../lib/gcc/arm-none-eabi/14.2.1/../../../../arm-none-eabi/lib/thumb/v7e-m+fp/hard/libc_nano.a(libc_a-printf.o)
                0x08006420                printf
                0x08006420                iprintf
 .text._puts_r  0x08006444       0xaa /Applications/ArmGNUToolchain/14.2.rel1/arm-none-eabi/bin/../lib/gcc/arm-none-eabi/14.2.1/../../../../arm-none-eabi/lib/thumb/v7e-m+fp/hard/libc_nano.a(libc_a-puts.o)
                0x08006444                _puts_r
 *fill*         0x080064ee        0x2 
 .text.puts     0x080064f0       0x10 /Applications/ArmGNUToolchain/14.2.rel1/arm-none-eabi/bin/../lib/gcc/arm-none-eabi/14.2.1/../../../../arm-none-eabi/lib/thumb/v7e-m+fp/hard/libc_nano.a(libc_a-puts.o)
                0x080064f0                puts
 .text.memcmp   0x08006500       0x20 /Applications/ArmGNUToolchain/14.2.rel1/arm-none-eabi/bin/../lib/gcc/arm-none-eabi/14.2.1/../../../../arm-none-eabi/lib/thumb/v7e-m+fp/hard/libc_nano.a(libc_a-memcmp.o)
                0x08006500                memcmp
 .text.memmove  0x08006520       0x32 /Applications/ArmGNUToolchain/14.2.rel1/arm-none-eabi/bin/../lib/gcc/arm-none-eabi/14.2.1/../../../../arm-none-eabi/lib/thumb/v7e-m+fp/hard/libc_nano.a(libc_a-memmove.o)
                0x08006520                memmove
 .text.memset   0x08006552       0x10 /Applications/ArmGNUToolchain/14.2.rel1/arm-none-eabi/bin/../lib/gcc/arm-none-eabi/14.2.1/../../../../arm-none-eabi/lib/thumb/v7e-m+fp/hard/libc_nano.a(libc_a-memset.o)
                0x08006552                memset
 .text.__retarget_lock_init_recursive
                0x08006562        0x2 /Applications/ArmGNUToolchain/14.2.rel1/arm-none-eabi/bin/../lib/gcc/arm-none-eabi/14.2.1/../../../../arm-none-eabi/lib/thumb/v7e-m+fp/hard/libc_nano.a(libc_a-lock.o)
                0x08006562                __retarget_lock_init_recursive
 .text.__retarget_lock_acquire_recursive
                0x08006564        0x2 /Applications/ArmGNUToolchain/14.2.rel1/arm-none-eabi/bin/../lib/gcc/arm-none-eabi/14.2.1/../../../../arm-none-eabi/lib/thumb/v7e-m+fp/hard/libc_nano.a(libc_a-lock.o)
                0x08006564                __retarget_lock_acquire_recursive
 .text.__retarget_lock_release_recursive
                0x08006566        0x2 /Applications/ArmGNUToolchain/14.2.rel1/arm-none-eabi/bin/../lib/gcc/arm-none-eabi/14.2.1/../../../../arm-none-eabi/lib/thumb/v7e-m+fp/hard/libc_nano.a(libc_a-lock.o)
                0x08006566                __retarget_lock_release_recursive
 .text.memcpy   0x08006568       0x1c /Applications/ArmGNUToolchain/14.2.rel1/arm-none-eabi/bin/../lib/gcc/arm-none-eabi/14.2.1/../../../../arm-none-eabi/lib/thumb/v7e-m+fp/hard/libc_nano.a(libc_a-memcpy-stub.o)
                0x08006568                memcpy
 .text.__sfputc_r
                0x08006584       0x2e /Applications/ArmGNUToolchain/14.2.rel1/arm-none-eabi/bin/../lib/gcc/arm-none-eabi/14.2.1/../../../../arm-none-eabi/lib/thumb/v7e-m+fp/hard/libc_nano.a(libc_a-nano-vfprintf.o)
 .text.__sfputs_r
                0x080065b2       0x24 /Applications/ArmGNUToolchain/14.2.rel1/arm-none-eabi/bin/../lib/gcc/arm-none-eabi/14.2.1/../../../../arm-none-eabi/lib/thumb/v7e-m+fp/hard/libc_nano.a(libc_a-nano-vfprintf.o)
                0x080065b2                __sfputs_r
 *fill*         0x080065d6        0x2 
 .text._vfprintf_r
                0x080065d8      0x230 /Applications/ArmGNUToolchain/14.2.rel1/arm-none-eabi/bin/../lib/gcc/arm-none-eabi/14.2.1/../../../../arm-none-eabi/lib/thumb/v7e-m+fp/hard/libc_nano.a(libc_a-nano-vfprintf.o)
                0x080065d8                _vfiprintf_r
                0x080065d8                _vfprintf_r
 .text._printf_common
                0x08006808       0xda /Applications/ArmGNUToolchain/14.2.rel1/arm-none-eabi/bin/../lib/gcc/arm-none-eabi/14.2.1/../../../../arm-none-eabi/lib/thumb/v7e-m+fp/hard/libc_nano.a(libc_a-nano-vfprintf_i.o)
                0x08006808                _printf_common
 *fill*         0x080068e2        0x2 
 .text._printf_i
                0x080068e4      0x240 /Applications/ArmGNUToolchain/14.2.rel1/arm-none-eabi/bin/../lib/gcc/arm-none-eabi/14.2.1/../../../../arm-none-eabi/lib/thumb/v7e-m+fp/hard/libc_nano.a(libc_a-nano-vfprintf_i.o)
                0x080068e4                _printf_i
 .text.std      0x08006b24       0x6c /Applications/ArmGNUToolchain/14.2.rel1/arm-none-eabi/bin/../lib/gcc/arm-none-eabi/14.2.1/../../../../arm-none-eabi/lib/thumb/v7e-m+fp/hard/libc_nano.a(libc_a-findfp.o)
 .text.stdio_exit_handler
                0x08006b90       0x18 /Applications/ArmGNUToolchain/14.2.rel1/arm-none-eabi/bin/../lib/gcc/arm-none-eabi/14.2.1/../../../../arm-none-eabi/lib/thumb/v7e-m+fp/hard/libc_nano.a(libc_a-findfp.o)
 .text.cleanup_stdio
                0x08006ba8       0x40 /Applications/ArmGNUToolchain/14.2.rel1/arm-none-eabi/bin/../lib/gcc/arm-none-eabi/14.2.1/../../../../arm-none-eabi/lib/thumb/v7e-m+fp/hard/libc_nano.a(libc_a-findfp.o)
 .text.global_stdio_init.part.0
                0x08006be8       0x40 /Applications/ArmGNUToolchain/14.2.rel1/arm-none-eabi/bin/../lib/gcc/arm-none-eabi/14.2.1/../../../../arm-none-eabi/lib/thumb/v7e-m+fp/hard/libc_nano.a(libc_a-findfp.o)
 .text.__sfp_lock_acquire
                0x08006c28        0xc /Applications/ArmGNUToolchain/14.2.rel1/arm-none-eabi/bin/../lib/gcc/arm-none-eabi/14.2.1/../../../../arm-none-eabi/lib/thumb/v7e-m+fp/hard/libc_nano.a(libc_a-findfp.o)
                0x08006c28                __sfp_lock_acquire
 .text.__sfp_lock_release
                0x08006c34        0xc /Applications/ArmGNUToolchain/14.2.rel1/arm-none-eabi/bin/../lib/gcc/arm-none-eabi/14.2.1/../../../../arm-none-eabi/lib/thumb/v7e-m+fp/hard/libc_nano.a(libc_a-findfp.o)
                0x08006c34                __sfp_lock_release
 .text.__sinit  0x08006c40       0x30 /Applications/ArmGNUToolchain/14.2.rel1/arm-none-eabi/bin/../lib/gcc/arm-none-eabi/14.2.1/../../../../arm-none-eabi/lib/thumb/v7e-m+fp/hard/libc_nano.a(libc_a-findfp.o)
                0x08006c40                __sinit
 .text.__swbuf_r
                0x08006c70       0x7c /Applications/ArmGNUToolchain/14.2.rel1/arm-none-eabi/bin/../lib/gcc/arm-none-eabi/14.2.1/../../../../arm-none-eabi/lib/thumb/v7e-m+fp/hard/libc_nano.a(libc_a-wbuf.o)
                0x08006c70                __swbuf_r
 .text.__swsetup_r
                0x08006cec       0xa8 /Applications/ArmGNUToolchain/14.2.rel1/arm-none-eabi/bin/../lib/gcc/arm-none-eabi/14.2.1/../../../../arm-none-eabi/lib/thumb/v7e-m+fp/hard/libc_nano.a(libc_a-wsetup.o)
                0x08006cec                __swsetup_r
 .text._fwalk_sglue
                0x08006d94       0x3c /Applications/ArmGNUToolchain/14.2.rel1/arm-none-eabi/bin/../lib/gcc/arm-none-eabi/14.2.1/../../../../arm-none-eabi/lib/thumb/v7e-m+fp/hard/libc_nano.a(libc_a-fwalk.o)
                0x08006d94                _fwalk_sglue
 .text.__swhatbuf_r
                0x08006dd0       0x48 /Applications/ArmGNUToolchain/14.2.rel1/arm-none-eabi/bin/../lib/gcc/arm-none-eabi/14.2.1/../../../../arm-none-eabi/lib/thumb/v7e-m+fp/hard/libc_nano.a(libc_a-makebuf.o)
                0x08006dd0                __swhatbuf_r
 .text.__smakebuf_r
                0x08006e18       0x72 /Applications/ArmGNUToolchain/14.2.rel1/arm-none-eabi/bin/../lib/gcc/arm-none-eabi/14.2.1/../../../../arm-none-eabi/lib/thumb/v7e-m+fp/hard/libc_nano.a(libc_a-makebuf.o)
                0x08006e18                __smakebuf_r
 *fill*         0x08006e8a        0x2 
 .text._isatty_r
                0x08006e8c       0x20 /Applications/ArmGNUToolchain/14.2.rel1/arm-none-eabi/bin/../lib/gcc/arm-none-eabi/14.2.1/../../../../arm-none-eabi/lib/thumb/v7e-m+fp/hard/libc_nano.a(libc_a-isattyr.o)
                0x08006e8c                _isatty_r
 .text._fstat_r
                0x08006eac       0x24 /Applications/ArmGNUToolchain/14.2.rel1/arm-none-eabi/bin/../lib/gcc/arm-none-eabi/14.2.1/../../../../arm-none-eabi/lib/thumb/v7e-m+fp/hard/libc_nano.a(libc_a-fstatr.o)
                0x08006eac                _fstat_r
 .text._free_r  0x08006ed0       0x94 /Applications/ArmGNUToolchain/14.2.rel1/arm-none-eabi/bin/../lib/gcc/arm-none-eabi/14.2.1/../../../../arm-none-eabi/lib/thumb/v7e-m+fp/hard/libc_nano.a(libc_a-freer.o)
                0x08006ed0                _free_r
 .text.sbrk_aligned
                0x08006f64       0x44 /Applications/ArmGNUToolchain/14.2.rel1/arm-none-eabi/bin/../lib/gcc/arm-none-eabi/14.2.1/../../../../arm-none-eabi/lib/thumb/v7e-m+fp/hard/libc_nano.a(libc_a-mallocr.o)
 .text._malloc_r
                0x08006fa8      0x100 /Applications/ArmGNUToolchain/14.2.rel1/arm-none-eabi/bin/../lib/gcc/arm-none-eabi/14.2.1/../../../../arm-none-eabi/lib/thumb/v7e-m+fp/hard/libc_nano.a(libc_a-mallocr.o)
                0x08006fa8                _malloc_r
 .text.__sflush_r
                0x080070a8      0x104 /Applications/ArmGNUToolchain/14.2.rel1/arm-none-eabi/bin/../lib/gcc/arm-none-eabi/14.2.1/../../../../arm-none-eabi/lib/thumb/v7e-m+fp/hard/libc_nano.a(libc_a-fflush.o)
                0x080070a8                __sflush_r
 .text._fflush_r
                0x080071ac       0x50 /Applications/ArmGNUToolchain/14.2.rel1/arm-none-eabi/bin/../lib/gcc/arm-none-eabi/14.2.1/../../../../arm-none-eabi/lib/thumb/v7e-m+fp/hard/libc_nano.a(libc_a-fflush.o)
                0x080071ac                _fflush_r
 .text.__malloc_lock
                0x080071fc        0xc /Applications/ArmGNUToolchain/14.2.rel1/arm-none-eabi/bin/../lib/gcc/arm-none-eabi/14.2.1/../../../../arm-none-eabi/lib/thumb/v7e-m+fp/hard/libc_nano.a(libc_a-mlock.o)
                0x080071fc                __malloc_lock
 .text.__malloc_unlock
                0x08007208        0xc /Applications/ArmGNUToolchain/14.2.rel1/arm-none-eabi/bin/../lib/gcc/arm-none-eabi/14.2.1/../../../../arm-none-eabi/lib/thumb/v7e-m+fp/hard/libc_nano.a(libc_a-mlock.o)
                0x08007208                __malloc_unlock
 .text.__sread  0x08007214       0x22 /Applications/ArmGNUToolchain/14.2.rel1/arm-none-eabi/bin/../lib/gcc/arm-none-eabi/14.2.1/../../../../arm-none-eabi/lib/thumb/v7e-m+fp/hard/libc_nano.a(libc_a-stdio.o)
                0x08007214                __sread
 .text.__swrite
                0x08007236       0x38 /Applications/ArmGNUToolchain/14.2.rel1/arm-none-eabi/bin/../lib/gcc/arm-none-eabi/14.2.1/../../../../arm-none-eabi/lib/thumb/v7e-m+fp/hard/libc_nano.a(libc_a-stdio.o)
                0x08007236                __swrite
 .text.__sseek  0x0800726e       0x26 /Applications/ArmGNUToolchain/14.2.rel1/arm-none-eabi/bin/../lib/gcc/arm-none-eabi/14.2.1/../../../../arm-none-eabi/lib/thumb/v7e-m+fp/hard/libc_nano.a(libc_a-stdio.o)
                0x0800726e                __sseek
 .text.__sclose
                0x08007294        0x8 /Applications/ArmGNUToolchain/14.2.rel1/arm-none-eabi/bin/../lib/gcc/arm-none-eabi/14.2.1/../../../../arm-none-eabi/lib/thumb/v7e-m+fp/hard/libc_nano.a(libc_a-stdio.o)
                0x08007294                __sclose
 .text._lseek_r
                0x0800729c       0x24 /Applications/ArmGNUToolchain/14.2.rel1/arm-none-eabi/bin/../lib/gcc/arm-none-eabi/14.2.1/../../../../arm-none-eabi/lib/thumb/v7e-m+fp/hard/libc_nano.a(libc_a-lseekr.o)
                0x0800729c                _lseek_r
 .text._read_r  0x080072c0       0x24 /Applications/ArmGNUToolchain/14.2.rel1/arm-none-eabi/bin/../lib/gcc/arm-none-eabi/14.2.1/../../../../arm-none-eabi/lib/thumb/v7e-m+fp/hard/libc_nano.a(libc_a-readr.o)
                0x080072c0                _read_r
 .text._sbrk_r  0x080072e4       0x20 /Applications/ArmGNUToolchain/14.2.rel1/arm-none-eabi/bin/../lib/gcc/arm-none-eabi/14.2.1/../../../../arm-none-eabi/lib/thumb/v7e-m+fp/hard/libc_nano.a(libc_a-sbrkr.o)
                0x080072e4                _sbrk_r
 .text._write_r
                0x08007304       0x24 /Applications/ArmGNUToolchain/14.2.rel1/arm-none-eabi/bin/../lib/gcc/arm-none-eabi/14.2.1/../../../../arm-none-eabi/lib/thumb/v7e-m+fp/hard/libc_nano.a(libc_a-writer.o)
                0x08007304                _write_r
 .text._close_r
                0x08007328       0x20 /Applications/ArmGNUToolchain/14.2.rel1/arm-none-eabi/bin/../lib/gcc/arm-none-eabi/14.2.1/../../../../arm-none-eabi/lib/thumb/v7e-m+fp/hard/libc_nano.a(libc_a-closer.o)
                0x08007328                _close_r
 .text.__udivmoddi4
                0x08007348      0x2f8 /Applications/ArmGNUToolchain/14.2.rel1/arm-none-eabi/bin/../lib/gcc/arm-none-eabi/14.2.1/thumb/v7e-m+fp/hard/libgcc.a(_udivmoddi4.o)
                0x08007348                __udivmoddi4
 .text._close   0x08007640       0x10 /Applications/ArmGNUToolchain/14.2.rel1/arm-none-eabi/bin/../lib/gcc/arm-none-eabi/14.2.1/../../../../arm-none-eabi/lib/thumb/v7e-m+fp/hard/libnosys.a(close.o)
                0x08007640                _close
 .text._fstat   0x08007650       0x10 /Applications/ArmGNUToolchain/14.2.rel1/arm-none-eabi/bin/../lib/gcc/arm-none-eabi/14.2.1/../../../../arm-none-eabi/lib/thumb/v7e-m+fp/hard/libnosys.a(fstat.o)
                0x08007650                _fstat
 .text._isatty  0x08007660       0x10 /Applications/ArmGNUToolchain/14.2.rel1/arm-none-eabi/bin/../lib/gcc/arm-none-eabi/14.2.1/../../../../arm-none-eabi/lib/thumb/v7e-m+fp/hard/libnosys.a(isatty.o)
                0x08007660                _isatty
 .text._lseek   0x08007670       0x10 /Applications/ArmGNUToolchain/14.2.rel1/arm-none-eabi/bin/../lib/gcc/arm-none-eabi/14.2.1/../../../../arm-none-eabi/lib/thumb/v7e-m+fp/hard/libnosys.a(lseek.o)
                0x08007670                _lseek
 .text._read    0x08007680       0x10 /Applications/ArmGNUToolchain/14.2.rel1/arm-none-eabi/bin/../lib/gcc/arm-none-eabi/14.2.1/../../../../arm-none-eabi/lib/thumb/v7e-m+fp/hard/libnosys.a(read.o)
                0x08007680                _read
 .text._sbrk    0x08007690       0x1c /Applications/ArmGNUToolchain/14.2.rel1/arm-none-eabi/bin/../lib/gcc/arm-none-eabi/14.2.1/../../../../arm-none-eabi/lib/thumb/v7e-m+fp/hard/libnosys.a(sbrk.o)
                0x08007690                _sbrk
 *(.glue_7)
 .glue_7        0x080076ac        0x0 linker stubs
 *(.glue_7t)
 .glue_7t       0x080076ac        0x0 linker stubs
 *(.eh_frame)
 *(.init)
 *(.fini)
                0x080076ac                        . = ALIGN (0x4)
                0x080076ac                        _etext = .

.vfp11_veneer   0x080076ac        0x0
 .vfp11_veneer  0x080076ac        0x0 linker stubs

.v4_bx          0x080076ac        0x0
 .v4_bx         0x080076ac        0x0 linker stubs

.iplt           0x080076ac        0x0
 .iplt          0x080076ac        0x0 _build/stm32f411ce_blackpill/obj/lib/mcu/st/cmsis_device_f4/Source/Templates/gcc/startup_stm32f411xe.o

.rodata         0x080076ac      0xb2c
                0x080076ac                        . = ALIGN (0x4)
 *(.rodata)
 *(.rodata*)
 .rodata.u32_to_hexstr.str1.4
                0x080076ac      0x2a4 /var/folders/22/3r1y38fj3jv6y45lkqfh11sw0000gn/T//ccfasBin.ltrans0.ltrans.o
                                 0x11 (size before relaxing)
 .rodata.tud_msc_inquiry_cb.str1.4
                0x08007950       0x1b /var/folders/22/3r1y38fj3jv6y45lkqfh11sw0000gn/T//ccfasBin.ltrans0.ltrans.o
 .rodata.uf2_init.str1.4
                0x08007950        0x7 /var/folders/22/3r1y38fj3jv6y45lkqfh11sw0000gn/T//ccfasBin.ltrans0.ltrans.o
 .rodata.tud_descriptor_string_cb.str1.4
                0x08007950       0x11 /var/folders/22/3r1y38fj3jv6y45lkqfh11sw0000gn/T//ccfasBin.ltrans0.ltrans.o
 .rodata.tud_msc_write10_complete_cb.str1.4
                0x08007950       0x12 /var/folders/22/3r1y38fj3jv6y45lkqfh11sw0000gn/T//ccfasBin.ltrans0.ltrans.o
 .rodata.board_init.str1.4
                0x08007950       0x1f /var/folders/22/3r1y38fj3jv6y45lkqfh11sw0000gn/T//ccfasBin.ltrans0.ltrans.o
 .rodata.tud_msc_read10_cb.str1.4
                0x08007950       0x17 /var/folders/22/3r1y38fj3jv6y45lkqfh11sw0000gn/T//ccfasBin.ltrans0.ltrans.o
 .rodata.board_app_valid.str1.4
                0x08007950       0x24 /var/folders/22/3r1y38fj3jv6y45lkqfh11sw0000gn/T//ccfasBin.ltrans0.ltrans.o
 .rodata.check_dfu_mode.str1.4
                0x08007950       0x63 /var/folders/22/3r1y38fj3jv6y45lkqfh11sw0000gn/T//ccfasBin.ltrans0.ltrans.o
 .rodata.flash_erase.str1.4
                0x08007950       0x24 /var/folders/22/3r1y38fj3jv6y45lkqfh11sw0000gn/T//ccfasBin.ltrans0.ltrans.o
 .rodata.board_flash_protect_bootloader.str1.4
                0x08007950       0x29 /var/folders/22/3r1y38fj3jv6y45lkqfh11sw0000gn/T//ccfasBin.ltrans0.ltrans.o
 .rodata.printdfu.str1.4
                0x08007950       0x2a /var/folders/22/3r1y38fj3jv6y45lkqfh11sw0000gn/T//ccfasBin.ltrans0.ltrans.o
 .rodata.flash_write.str1.4
                0x08007950       0x81 /var/folders/22/3r1y38fj3jv6y45lkqfh11sw0000gn/T//ccfasBin.ltrans0.ltrans.o
 .rodata.mscd_xfer_cb.str1.4
                0x08007950       0x38 /var/folders/22/3r1y38fj3jv6y45lkqfh11sw0000gn/T//ccfasBin.ltrans0.ltrans.o
 .rodata.main.str1.4
                0x08007950       0x44 /var/folders/22/3r1y38fj3jv6y45lkqfh11sw0000gn/T//ccfasBin.ltrans0.ltrans.o
 .rodata.Font6x8
                0x08007950      0x5f0 /var/folders/22/3r1y38fj3jv6y45lkqfh11sw0000gn/T//ccfasBin.ltrans0.ltrans.o
 .rodata.__compound_literal.0
                0x08007f40        0x2 /var/folders/22/3r1y38fj3jv6y45lkqfh11sw0000gn/T//ccfasBin.ltrans0.ltrans.o
 *fill*         0x08007f42        0x2 
 .rodata.__func__.3.lto_priv.3
                0x08007f44        0xe /var/folders/22/3r1y38fj3jv6y45lkqfh11sw0000gn/T//ccfasBin.ltrans0.ltrans.o
 *fill*         0x08007f52        0x2 
 .rodata.__func__.4.lto_priv.2
                0x08007f54        0xb /var/folders/22/3r1y38fj3jv6y45lkqfh11sw0000gn/T//ccfasBin.ltrans0.ltrans.o
 *fill*         0x08007f5f        0x1 
 .rodata.__func__.2.lto_priv.1
                0x08007f60        0xb /var/folders/22/3r1y38fj3jv6y45lkqfh11sw0000gn/T//ccfasBin.ltrans0.ltrans.o
 *fill*         0x08007f6b        0x1 
 .rodata._dwc2_controller
                0x08007f6c       0x10 /var/folders/22/3r1y38fj3jv6y45lkqfh11sw0000gn/T//ccfasBin.ltrans0.ltrans.o
 .rodata.APBPrescTable
                0x08007f7c        0x8 /var/folders/22/3r1y38fj3jv6y45lkqfh11sw0000gn/T//ccfasBin.ltrans0.ltrans.o
 .rodata.AHBPrescTable
                0x08007f84       0x10 /var/folders/22/3r1y38fj3jv6y45lkqfh11sw0000gn/T//ccfasBin.ltrans0.ltrans.o
 .rodata.sector_size
                0x08007f94       0x60 /var/folders/22/3r1y38fj3jv6y45lkqfh11sw0000gn/T//ccfasBin.ltrans0.ltrans.o
 .rodata.__func__.0.lto_priv.2
                0x08007ff4        0xc /var/folders/22/3r1y38fj3jv6y45lkqfh11sw0000gn/T//ccfasBin.ltrans0.ltrans.o
 .rodata.Font_6x8
                0x08008000        0x8 /var/folders/22/3r1y38fj3jv6y45lkqfh11sw0000gn/T//ccfasBin.ltrans0.ltrans.o
 .rodata.__func__.1.lto_priv.2
                0x08008008       0x11 /var/folders/22/3r1y38fj3jv6y45lkqfh11sw0000gn/T//ccfasBin.ltrans0.ltrans.o
 *fill*         0x08008019        0x3 
 .rodata.__func__.0.lto_priv.1
                0x0800801c       0x10 /var/folders/22/3r1y38fj3jv6y45lkqfh11sw0000gn/T//ccfasBin.ltrans0.ltrans.o
 .rodata.__func__.2.lto_priv.0
                0x0800802c        0xd /var/folders/22/3r1y38fj3jv6y45lkqfh11sw0000gn/T//ccfasBin.ltrans0.ltrans.o
 *fill*         0x08008039        0x3 
 .rodata.__func__.3.lto_priv.2
                0x0800803c       0x15 /var/folders/22/3r1y38fj3jv6y45lkqfh11sw0000gn/T//ccfasBin.ltrans0.ltrans.o
 *fill*         0x08008051        0x3 
 .rodata.__func__.4.lto_priv.1
                0x08008054        0xa /var/folders/22/3r1y38fj3jv6y45lkqfh11sw0000gn/T//ccfasBin.ltrans0.ltrans.o
 *fill*         0x0800805e        0x2 
 .rodata.__func__.0.lto_priv.0
                0x08008060       0x15 /var/folders/22/3r1y38fj3jv6y45lkqfh11sw0000gn/T//ccfasBin.ltrans0.ltrans.o
 *fill*         0x08008075        0x3 
 .rodata.__func__.1.lto_priv.1
                0x08008078       0x11 /var/folders/22/3r1y38fj3jv6y45lkqfh11sw0000gn/T//ccfasBin.ltrans0.ltrans.o
 *fill*         0x08008089        0x3 
 .rodata.__func__.3.lto_priv.1
                0x0800808c        0xf /var/folders/22/3r1y38fj3jv6y45lkqfh11sw0000gn/T//ccfasBin.ltrans0.ltrans.o
 *fill*         0x0800809b        0x1 
 .rodata.__func__.4.lto_priv.0
                0x0800809c        0xf /var/folders/22/3r1y38fj3jv6y45lkqfh11sw0000gn/T//ccfasBin.ltrans0.ltrans.o
 *fill*         0x080080ab        0x1 
 .rodata.__func__.5
                0x080080ac       0x14 /var/folders/22/3r1y38fj3jv6y45lkqfh11sw0000gn/T//ccfasBin.ltrans0.ltrans.o
 .rodata.__func__.6
                0x080080c0        0xc /var/folders/22/3r1y38fj3jv6y45lkqfh11sw0000gn/T//ccfasBin.ltrans0.ltrans.o
 .rodata.__func__.7
                0x080080cc       0x17 /var/folders/22/3r1y38fj3jv6y45lkqfh11sw0000gn/T//ccfasBin.ltrans0.ltrans.o
 *fill*         0x080080e3        0x1 
 .rodata.__func__.8
                0x080080e4       0x13 /var/folders/22/3r1y38fj3jv6y45lkqfh11sw0000gn/T//ccfasBin.ltrans0.ltrans.o
 *fill*         0x080080f7        0x1 
 .rodata.__func__.9
                0x080080f8       0x18 /var/folders/22/3r1y38fj3jv6y45lkqfh11sw0000gn/T//ccfasBin.ltrans0.ltrans.o
 .rodata.__func__.11
                0x08008110        0xd /var/folders/22/3r1y38fj3jv6y45lkqfh11sw0000gn/T//ccfasBin.ltrans0.ltrans.o
 *fill*         0x0800811d        0x3 
 .rodata.__func__.10
                0x08008120       0x14 /var/folders/22/3r1y38fj3jv6y45lkqfh11sw0000gn/T//ccfasBin.ltrans0.ltrans.o
 .rodata.__func__.12
                0x08008134        0x9 /var/folders/22/3r1y38fj3jv6y45lkqfh11sw0000gn/T//ccfasBin.ltrans0.ltrans.o
 *fill*         0x0800813d        0x3 
 .rodata._usbd_driver
                0x08008140       0x20 /var/folders/22/3r1y38fj3jv6y45lkqfh11sw0000gn/T//ccfasBin.ltrans0.ltrans.o
 .rodata.__func__.3.lto_priv.0
                0x08008160       0x11 /var/folders/22/3r1y38fj3jv6y45lkqfh11sw0000gn/T//ccfasBin.ltrans0.ltrans.o
 .rodata.str1.4
                0x08008171       0x1c /var/folders/22/3r1y38fj3jv6y45lkqfh11sw0000gn/T//ccfasBin.ltrans0.ltrans.o
 *fill*         0x08008171        0x3 
 .rodata.string_desc_arr
                0x08008174       0x14 /var/folders/22/3r1y38fj3jv6y45lkqfh11sw0000gn/T//ccfasBin.ltrans0.ltrans.o
 .rodata.__func__.1.lto_priv.0
                0x08008188       0x12 /var/folders/22/3r1y38fj3jv6y45lkqfh11sw0000gn/T//ccfasBin.ltrans0.ltrans.o
 *fill*         0x0800819a        0x2 
 .rodata.RGB_USB_MOUNTED
                0x0800819c        0x3 /var/folders/22/3r1y38fj3jv6y45lkqfh11sw0000gn/T//ccfasBin.ltrans0.ltrans.o
 *fill*         0x0800819f        0x1 
 .rodata.RGB_USB_UNMOUNTED
                0x080081a0        0x3 /var/folders/22/3r1y38fj3jv6y45lkqfh11sw0000gn/T//ccfasBin.ltrans0.ltrans.o
 .rodata._vfprintf_r.str1.1
                0x080081a3       0x33 /Applications/ArmGNUToolchain/14.2.rel1/arm-none-eabi/bin/../lib/gcc/arm-none-eabi/14.2.1/../../../../arm-none-eabi/lib/thumb/v7e-m+fp/hard/libc_nano.a(libc_a-nano-vfprintf.o)
                                 0x11 (size before relaxing)
 .rodata._printf_i.str1.1
                0x080081d6       0x22 /Applications/ArmGNUToolchain/14.2.rel1/arm-none-eabi/bin/../lib/gcc/arm-none-eabi/14.2.1/../../../../arm-none-eabi/lib/thumb/v7e-m+fp/hard/libc_nano.a(libc_a-nano-vfprintf_i.o)
                0x080081f8                        . = ALIGN (0x4)
 *fill*         0x080081d6        0x2 

.ARM.extab
 *(.ARM.extab* .gnu.linkonce.armextab.*)

.ARM            0x080081d8        0x8
                0x080081d8                        __exidx_start = .
 *(.ARM.exidx*)
 .ARM.exidx     0x080081d8        0x8 /Applications/ArmGNUToolchain/14.2.rel1/arm-none-eabi/bin/../lib/gcc/arm-none-eabi/14.2.1/../../../../arm-none-eabi/lib/thumb/v7e-m+fp/hard/libc_nano.a(libc_a-strlen.o)
 .ARM.exidx     0x080081e0        0x0 /Applications/ArmGNUToolchain/14.2.rel1/arm-none-eabi/bin/../lib/gcc/arm-none-eabi/14.2.1/../../../../arm-none-eabi/lib/thumb/v7e-m+fp/hard/libc_nano.a(libc_a-memchr.o)
                                  0x8 (size before relaxing)
 .ARM.exidx.text.__udivmoddi4
                0x080081e0        0x0 /Applications/ArmGNUToolchain/14.2.rel1/arm-none-eabi/bin/../lib/gcc/arm-none-eabi/14.2.1/thumb/v7e-m+fp/hard/libgcc.a(_udivmoddi4.o)
                                  0x8 (size before relaxing)
                0x080081e0                        __exidx_end = .

.rel.dyn        0x080081e0        0x0
 .rel.iplt      0x080081e0        0x0 _build/stm32f411ce_blackpill/obj/lib/mcu/st/cmsis_device_f4/Source/Templates/gcc/startup_stm32f411xe.o

.preinit_array  0x080081e0        0x0
                0x080081e0                        PROVIDE (__preinit_array_start = .)
 *(.preinit_array*)
                0x080081e0                        PROVIDE (__preinit_array_end = .)

.init_array     0x080081e0        0x0
                0x080081e0                        PROVIDE (__init_array_start = .)
 *(SORT_BY_NAME(.init_array.*))
 *(.init_array*)
                0x080081e0                        PROVIDE (__init_array_end = .)

.fini_array     0x080081e0        0x0
                [!provide]                        PROVIDE (__fini_array_start = .)
 *(SORT_BY_NAME(.fini_array.*))
 *(.fini_array*)
                [!provide]                        PROVIDE (__fini_array_end = .)
                0x08007c00                        . = ORIGIN (CONFIG)

.config
 *(.config)
                0x080081e0                        _sidata = LOADADDR (.data)

.data           0x20000000      0x33c load address 0x080081e0
                0x20000000                        . = ALIGN (0x4)
                0x20000000                        _sdata = .
 *(.data)
 *(.data*)
 .data.indexFile
                0x20000000       0x84 /var/folders/22/3r1y38fj3jv6y45lkqfh11sw0000gn/T//ccfasBin.ltrans0.ltrans.o
 .data.uwTickPrio
                0x20000084        0x4 /var/folders/22/3r1y38fj3jv6y45lkqfh11sw0000gn/T//ccfasBin.ltrans0.ltrans.o
 .data.SystemCoreClock
                0x20000088        0x4 /var/folders/22/3r1y38fj3jv6y45lkqfh11sw0000gn/T//ccfasBin.ltrans0.ltrans.o
 .data._usbd_qdef
                0x2000008c       0x10 /var/folders/22/3r1y38fj3jv6y45lkqfh11sw0000gn/T//ccfasBin.ltrans0.ltrans.o
 .data._usbd_rhport
                0x2000009c        0x1 /var/folders/22/3r1y38fj3jv6y45lkqfh11sw0000gn/T//ccfasBin.ltrans0.ltrans.o
 *fill*         0x2000009d        0x3 
 .data.desc_configuration
                0x200000a0       0x20 /var/folders/22/3r1y38fj3jv6y45lkqfh11sw0000gn/T//ccfasBin.ltrans0.ltrans.o
 .data.desc_device
                0x200000c0       0x12 /var/folders/22/3r1y38fj3jv6y45lkqfh11sw0000gn/T//ccfasBin.ltrans0.ltrans.o
 .data.first_write.0
                0x200000d2        0x1 /var/folders/22/3r1y38fj3jv6y45lkqfh11sw0000gn/T//ccfasBin.ltrans0.ltrans.o
 *fill*         0x200000d3        0x1 
 .data.RGB_WRITING
                0x200000d4        0x3 /var/folders/22/3r1y38fj3jv6y45lkqfh11sw0000gn/T//ccfasBin.ltrans0.ltrans.o
 *fill*         0x200000d7        0x1 
 .data.BootBlock
                0x200000d8       0x3e /var/folders/22/3r1y38fj3jv6y45lkqfh11sw0000gn/T//ccfasBin.ltrans0.ltrans.o
 *fill*         0x20000116        0x2 
 .data.infoUf2File
                0x20000118      0x180 /var/folders/22/3r1y38fj3jv6y45lkqfh11sw0000gn/T//ccfasBin.ltrans0.ltrans.o
 .data.info     0x20000298       0x48 /var/folders/22/3r1y38fj3jv6y45lkqfh11sw0000gn/T//ccfasBin.ltrans0.ltrans.o
 .data._impure_ptr
                0x200002e0        0x4 /Applications/ArmGNUToolchain/14.2.rel1/arm-none-eabi/bin/../lib/gcc/arm-none-eabi/14.2.1/../../../../arm-none-eabi/lib/thumb/v7e-m+fp/hard/libc_nano.a(libc_a-impure.o)
                0x200002e0                _impure_ptr
 .data._impure_data
                0x200002e4       0x4c /Applications/ArmGNUToolchain/14.2.rel1/arm-none-eabi/bin/../lib/gcc/arm-none-eabi/14.2.1/../../../../arm-none-eabi/lib/thumb/v7e-m+fp/hard/libc_nano.a(libc_a-impure.o)
                0x200002e4                _impure_data
 .data.__sglue  0x20000330        0xc /Applications/ArmGNUToolchain/14.2.rel1/arm-none-eabi/bin/../lib/gcc/arm-none-eabi/14.2.1/../../../../arm-none-eabi/lib/thumb/v7e-m+fp/hard/libc_nano.a(libc_a-findfp.o)
                0x20000330                __sglue
                0x2000033c                        . = ALIGN (0x4)
                0x2000033c                        _edata = .

.igot.plt       0x2000033c        0x0 load address 0x0800851c
 .igot.plt      0x2000033c        0x0 _build/stm32f411ce_blackpill/obj/lib/mcu/st/cmsis_device_f4/Source/Templates/gcc/startup_stm32f411xe.o
                0x2000033c                        . = ALIGN (0x4)

.bss            0x2000033c     0x20ec load address 0x0800851c
                0x2000033c                        _sbss = .
                0x2000033c                        __bss_start__ = _sbss
 *(.bss)
 *(.bss*)
 .bss._usbd_qdef_buf
                0x2000033c       0xc0 /var/folders/22/3r1y38fj3jv6y45lkqfh11sw0000gn/T//ccfasBin.ltrans0.ltrans.o
 .bss.desc_str_serial
                0x200003fc       0x11 /var/folders/22/3r1y38fj3jv6y45lkqfh11sw0000gn/T//ccfasBin.ltrans0.ltrans.o
 *fill*         0x2000040d        0x3 
 .bss._setup_packet
                0x20000410        0x8 /var/folders/22/3r1y38fj3jv6y45lkqfh11sw0000gn/T//ccfasBin.ltrans0.ltrans.o
 .bss.ep0_pending
                0x20000418        0x4 /var/folders/22/3r1y38fj3jv6y45lkqfh11sw0000gn/T//ccfasBin.ltrans0.ltrans.o
 .bss._sof_en   0x2000041c        0x1 /var/folders/22/3r1y38fj3jv6y45lkqfh11sw0000gn/T//ccfasBin.ltrans0.ltrans.o
 *fill*         0x2000041d        0x3 
 .bss.xfer_status
                0x20000420       0x80 /var/folders/22/3r1y38fj3jv6y45lkqfh11sw0000gn/T//ccfasBin.ltrans0.ltrans.o
 .bss._allocated_fifo_words_tx
                0x200004a0        0x2 /var/folders/22/3r1y38fj3jv6y45lkqfh11sw0000gn/T//ccfasBin.ltrans0.ltrans.o
 *fill*         0x200004a2        0x2 
 .bss.SSD1306_Buffer
                0x200004a4      0x400 /var/folders/22/3r1y38fj3jv6y45lkqfh11sw0000gn/T//ccfasBin.ltrans0.ltrans.o
 .bss.SSD1306   0x200008a4        0x8 /var/folders/22/3r1y38fj3jv6y45lkqfh11sw0000gn/T//ccfasBin.ltrans0.ltrans.o
 .bss.pFlash    0x200008ac       0x20 /var/folders/22/3r1y38fj3jv6y45lkqfh11sw0000gn/T//ccfasBin.ltrans0.ltrans.o
 .bss.uwTick    0x200008cc        0x4 /var/folders/22/3r1y38fj3jv6y45lkqfh11sw0000gn/T//ccfasBin.ltrans0.ltrans.o
 .bss.erased_sectors
                0x200008d0       0x18 /var/folders/22/3r1y38fj3jv6y45lkqfh11sw0000gn/T//ccfasBin.ltrans0.ltrans.o
 .bss.UartHandle
                0x200008e8       0x40 /var/folders/22/3r1y38fj3jv6y45lkqfh11sw0000gn/T//ccfasBin.ltrans0.ltrans.o
 .bss.hi2c1     0x20000928       0x54 /var/folders/22/3r1y38fj3jv6y45lkqfh11sw0000gn/T//ccfasBin.ltrans0.ltrans.o
 .bss._mscd_buf
                0x2000097c     0x1000 /var/folders/22/3r1y38fj3jv6y45lkqfh11sw0000gn/T//ccfasBin.ltrans0.ltrans.o
 .bss._mscd_itf
                0x2000197c       0x40 /var/folders/22/3r1y38fj3jv6y45lkqfh11sw0000gn/T//ccfasBin.ltrans0.ltrans.o
 .bss._usbd_ctrl_buf
                0x200019bc       0x40 /var/folders/22/3r1y38fj3jv6y45lkqfh11sw0000gn/T//ccfasBin.ltrans0.ltrans.o
 .bss._ctrl_xfer
                0x200019fc       0x14 /var/folders/22/3r1y38fj3jv6y45lkqfh11sw0000gn/T//ccfasBin.ltrans0.ltrans.o
 .bss._app_driver
                0x20001a10        0x4 /var/folders/22/3r1y38fj3jv6y45lkqfh11sw0000gn/T//ccfasBin.ltrans0.ltrans.o
 .bss._app_driver_count
                0x20001a14        0x1 /var/folders/22/3r1y38fj3jv6y45lkqfh11sw0000gn/T//ccfasBin.ltrans0.ltrans.o
 *fill*         0x20001a15        0x3 
 .bss._usbd_q   0x20001a18        0x4 /var/folders/22/3r1y38fj3jv6y45lkqfh11sw0000gn/T//ccfasBin.ltrans0.ltrans.o
 .bss._usbd_queued_setup
                0x20001a1c        0x1 /var/folders/22/3r1y38fj3jv6y45lkqfh11sw0000gn/T//ccfasBin.ltrans0.ltrans.o
 *fill*         0x20001a1d        0x3 
 .bss._usbd_dev
                0x20001a20       0x2c /var/folders/22/3r1y38fj3jv6y45lkqfh11sw0000gn/T//ccfasBin.ltrans0.ltrans.o
 .bss._desc_str
                0x20001a4c       0x62 /var/folders/22/3r1y38fj3jv6y45lkqfh11sw0000gn/T//ccfasBin.ltrans0.ltrans.o
 *fill*         0x20001aae        0x2 
 .bss._wr_state
                0x20001ab0      0x818 /var/folders/22/3r1y38fj3jv6y45lkqfh11sw0000gn/T//ccfasBin.ltrans0.ltrans.o
 .bss.indicator_rgb
                0x200022c8        0x3 /var/folders/22/3r1y38fj3jv6y45lkqfh11sw0000gn/T//ccfasBin.ltrans0.ltrans.o
 *fill*         0x200022cb        0x1 
 .bss.indicator_state
                0x200022cc        0x4 /var/folders/22/3r1y38fj3jv6y45lkqfh11sw0000gn/T//ccfasBin.ltrans0.ltrans.o
 .bss._timer_count
                0x200022d0        0x4 /var/folders/22/3r1y38fj3jv6y45lkqfh11sw0000gn/T//ccfasBin.ltrans0.ltrans.o
 .bss._flash_size
                0x200022d4        0x4 /var/folders/22/3r1y38fj3jv6y45lkqfh11sw0000gn/T//ccfasBin.ltrans0.ltrans.o
 .bss.__lock___malloc_recursive_mutex
                0x200022d8        0x1 /Applications/ArmGNUToolchain/14.2.rel1/arm-none-eabi/bin/../lib/gcc/arm-none-eabi/14.2.1/../../../../arm-none-eabi/lib/thumb/v7e-m+fp/hard/libc_nano.a(libc_a-lock.o)
                0x200022d8                __lock___malloc_recursive_mutex
 .bss.__lock___sfp_recursive_mutex
                0x200022d9        0x1 /Applications/ArmGNUToolchain/14.2.rel1/arm-none-eabi/bin/../lib/gcc/arm-none-eabi/14.2.1/../../../../arm-none-eabi/lib/thumb/v7e-m+fp/hard/libc_nano.a(libc_a-lock.o)
                0x200022d9                __lock___sfp_recursive_mutex
 *fill*         0x200022da        0x2 
 .bss.__sf      0x200022dc      0x138 /Applications/ArmGNUToolchain/14.2.rel1/arm-none-eabi/bin/../lib/gcc/arm-none-eabi/14.2.1/../../../../arm-none-eabi/lib/thumb/v7e-m+fp/hard/libc_nano.a(libc_a-findfp.o)
                0x200022dc                __sf
 .bss.__stdio_exit_handler
                0x20002414        0x4 /Applications/ArmGNUToolchain/14.2.rel1/arm-none-eabi/bin/../lib/gcc/arm-none-eabi/14.2.1/../../../../arm-none-eabi/lib/thumb/v7e-m+fp/hard/libc_nano.a(libc_a-findfp.o)
                0x20002414                __stdio_exit_handler
 .bss.errno     0x20002418        0x4 /Applications/ArmGNUToolchain/14.2.rel1/arm-none-eabi/bin/../lib/gcc/arm-none-eabi/14.2.1/../../../../arm-none-eabi/lib/thumb/v7e-m+fp/hard/libc_nano.a(libc_a-reent.o)
                0x20002418                errno
 .bss.__malloc_sbrk_start
                0x2000241c        0x4 /Applications/ArmGNUToolchain/14.2.rel1/arm-none-eabi/bin/../lib/gcc/arm-none-eabi/14.2.1/../../../../arm-none-eabi/lib/thumb/v7e-m+fp/hard/libc_nano.a(libc_a-mallocr.o)
                0x2000241c                __malloc_sbrk_start
 .bss.__malloc_free_list
                0x20002420        0x4 /Applications/ArmGNUToolchain/14.2.rel1/arm-none-eabi/bin/../lib/gcc/arm-none-eabi/14.2.1/../../../../arm-none-eabi/lib/thumb/v7e-m+fp/hard/libc_nano.a(libc_a-mallocr.o)
                0x20002420                __malloc_free_list
 .bss.heap_end.0
                0x20002424        0x4 /Applications/ArmGNUToolchain/14.2.rel1/arm-none-eabi/bin/../lib/gcc/arm-none-eabi/14.2.1/../../../../arm-none-eabi/lib/thumb/v7e-m+fp/hard/libnosys.a(sbrk.o)
 *(COMMON)
                0x20002428                        . = ALIGN (0x4)
                0x20002428                        _ebss = .
                0x20002428                        __bss_end__ = _ebss

._user_heap_stack
                0x20002428      0x600 load address 0x0800851c
                0x20002428                        . = ALIGN (0x8)
                0x20002428                        PROVIDE (end = .)
                [!provide]                        PROVIDE (_end = .)
                0x20002628                        . = (. + _Min_Heap_Size)
 *fill*         0x20002428      0x200 
                0x20002a28                        . = (. + _Min_Stack_Size)
 *fill*         0x20002628      0x400 
                0x20002a28                        . = ALIGN (0x8)

/DISCARD/
 libc.a(*)
 libm.a(*)
 libgcc.a(*)

.ARM.attributes
                0x00000000       0x35
 *(.ARM.attributes)
 .ARM.attributes
                0x00000000       0x21 _build/stm32f411ce_blackpill/obj/lib/mcu/st/cmsis_device_f4/Source/Templates/gcc/startup_stm32f411xe.o
 .ARM.attributes
                0x00000021       0x32 /var/folders/22/3r1y38fj3jv6y45lkqfh11sw0000gn/T//ccfasBin.ltrans0.ltrans.o
 .ARM.attributes
                0x00000053       0x34 /Applications/ArmGNUToolchain/14.2.rel1/arm-none-eabi/bin/../lib/gcc/arm-none-eabi/14.2.1/../../../../arm-none-eabi/lib/thumb/v7e-m+fp/hard/libc_nano.a(libc_a-init.o)
 .ARM.attributes
                0x00000087       0x34 /Applications/ArmGNUToolchain/14.2.rel1/arm-none-eabi/bin/../lib/gcc/arm-none-eabi/14.2.1/../../../../arm-none-eabi/lib/thumb/v7e-m+fp/hard/libc_nano.a(libc_a-printf.o)
 .ARM.attributes
                0x000000bb       0x34 /Applications/ArmGNUToolchain/14.2.rel1/arm-none-eabi/bin/../lib/gcc/arm-none-eabi/14.2.1/../../../../arm-none-eabi/lib/thumb/v7e-m+fp/hard/libc_nano.a(libc_a-puts.o)
 .ARM.attributes
                0x000000ef       0x34 /Applications/ArmGNUToolchain/14.2.rel1/arm-none-eabi/bin/../lib/gcc/arm-none-eabi/14.2.1/../../../../arm-none-eabi/lib/thumb/v7e-m+fp/hard/libc_nano.a(libc_a-memcmp.o)
 .ARM.attributes
                0x00000123       0x34 /Applications/ArmGNUToolchain/14.2.rel1/arm-none-eabi/bin/../lib/gcc/arm-none-eabi/14.2.1/../../../../arm-none-eabi/lib/thumb/v7e-m+fp/hard/libc_nano.a(libc_a-memmove.o)
 .ARM.attributes
                0x00000157       0x34 /Applications/ArmGNUToolchain/14.2.rel1/arm-none-eabi/bin/../lib/gcc/arm-none-eabi/14.2.1/../../../../arm-none-eabi/lib/thumb/v7e-m+fp/hard/libc_nano.a(libc_a-memset.o)
 .ARM.attributes
                0x0000018b       0x34 /Applications/ArmGNUToolchain/14.2.rel1/arm-none-eabi/bin/../lib/gcc/arm-none-eabi/14.2.1/../../../../arm-none-eabi/lib/thumb/v7e-m+fp/hard/libc_nano.a(libc_a-lock.o)
 .ARM.attributes
                0x000001bf       0x34 /Applications/ArmGNUToolchain/14.2.rel1/arm-none-eabi/bin/../lib/gcc/arm-none-eabi/14.2.1/../../../../arm-none-eabi/lib/thumb/v7e-m+fp/hard/libc_nano.a(libc_a-impure.o)
 .ARM.attributes
                0x000001f3       0x34 /Applications/ArmGNUToolchain/14.2.rel1/arm-none-eabi/bin/../lib/gcc/arm-none-eabi/14.2.1/../../../../arm-none-eabi/lib/thumb/v7e-m+fp/hard/libc_nano.a(libc_a-memcpy-stub.o)
 .ARM.attributes
                0x00000227       0x17 /Applications/ArmGNUToolchain/14.2.rel1/arm-none-eabi/bin/../lib/gcc/arm-none-eabi/14.2.1/../../../../arm-none-eabi/lib/thumb/v7e-m+fp/hard/libc_nano.a(libc_a-strlen.o)
 .ARM.attributes
                0x0000023e       0x34 /Applications/ArmGNUToolchain/14.2.rel1/arm-none-eabi/bin/../lib/gcc/arm-none-eabi/14.2.1/../../../../arm-none-eabi/lib/thumb/v7e-m+fp/hard/libc_nano.a(libc_a-nano-vfprintf.o)
 .ARM.attributes
                0x00000272       0x34 /Applications/ArmGNUToolchain/14.2.rel1/arm-none-eabi/bin/../lib/gcc/arm-none-eabi/14.2.1/../../../../arm-none-eabi/lib/thumb/v7e-m+fp/hard/libc_nano.a(libc_a-nano-vfprintf_i.o)
 .ARM.attributes
                0x000002a6       0x34 /Applications/ArmGNUToolchain/14.2.rel1/arm-none-eabi/bin/../lib/gcc/arm-none-eabi/14.2.1/../../../../arm-none-eabi/lib/thumb/v7e-m+fp/hard/libc_nano.a(libc_a-findfp.o)
 .ARM.attributes
                0x000002da       0x34 /Applications/ArmGNUToolchain/14.2.rel1/arm-none-eabi/bin/../lib/gcc/arm-none-eabi/14.2.1/../../../../arm-none-eabi/lib/thumb/v7e-m+fp/hard/libc_nano.a(libc_a-wbuf.o)
 .ARM.attributes
                0x0000030e       0x34 /Applications/ArmGNUToolchain/14.2.rel1/arm-none-eabi/bin/../lib/gcc/arm-none-eabi/14.2.1/../../../../arm-none-eabi/lib/thumb/v7e-m+fp/hard/libc_nano.a(libc_a-wsetup.o)
 .ARM.attributes
                0x00000342       0x34 /Applications/ArmGNUToolchain/14.2.rel1/arm-none-eabi/bin/../lib/gcc/arm-none-eabi/14.2.1/../../../../arm-none-eabi/lib/thumb/v7e-m+fp/hard/libc_nano.a(libc_a-fwalk.o)
 .ARM.attributes
                0x00000376       0x34 /Applications/ArmGNUToolchain/14.2.rel1/arm-none-eabi/bin/../lib/gcc/arm-none-eabi/14.2.1/../../../../arm-none-eabi/lib/thumb/v7e-m+fp/hard/libc_nano.a(libc_a-makebuf.o)
 .ARM.attributes
                0x000003aa       0x34 /Applications/ArmGNUToolchain/14.2.rel1/arm-none-eabi/bin/../lib/gcc/arm-none-eabi/14.2.1/../../../../arm-none-eabi/lib/thumb/v7e-m+fp/hard/libc_nano.a(libc_a-isattyr.o)
 .ARM.attributes
                0x000003de       0x34 /Applications/ArmGNUToolchain/14.2.rel1/arm-none-eabi/bin/../lib/gcc/arm-none-eabi/14.2.1/../../../../arm-none-eabi/lib/thumb/v7e-m+fp/hard/libc_nano.a(libc_a-reent.o)
 .ARM.attributes
                0x00000412       0x34 /Applications/ArmGNUToolchain/14.2.rel1/arm-none-eabi/bin/../lib/gcc/arm-none-eabi/14.2.1/../../../../arm-none-eabi/lib/thumb/v7e-m+fp/hard/libc_nano.a(libc_a-fstatr.o)
 .ARM.attributes
                0x00000446       0x1c /Applications/ArmGNUToolchain/14.2.rel1/arm-none-eabi/bin/../lib/gcc/arm-none-eabi/14.2.1/../../../../arm-none-eabi/lib/thumb/v7e-m+fp/hard/libc_nano.a(libc_a-memchr.o)
 .ARM.attributes
                0x00000462       0x34 /Applications/ArmGNUToolchain/14.2.rel1/arm-none-eabi/bin/../lib/gcc/arm-none-eabi/14.2.1/../../../../arm-none-eabi/lib/thumb/v7e-m+fp/hard/libc_nano.a(libc_a-freer.o)
 .ARM.attributes
                0x00000496       0x34 /Applications/ArmGNUToolchain/14.2.rel1/arm-none-eabi/bin/../lib/gcc/arm-none-eabi/14.2.1/../../../../arm-none-eabi/lib/thumb/v7e-m+fp/hard/libc_nano.a(libc_a-mallocr.o)
 .ARM.attributes
                0x000004ca       0x34 /Applications/ArmGNUToolchain/14.2.rel1/arm-none-eabi/bin/../lib/gcc/arm-none-eabi/14.2.1/../../../../arm-none-eabi/lib/thumb/v7e-m+fp/hard/libc_nano.a(libc_a-fflush.o)
 .ARM.attributes
                0x000004fe       0x34 /Applications/ArmGNUToolchain/14.2.rel1/arm-none-eabi/bin/../lib/gcc/arm-none-eabi/14.2.1/../../../../arm-none-eabi/lib/thumb/v7e-m+fp/hard/libc_nano.a(libc_a-mlock.o)
 .ARM.attributes
                0x00000532       0x34 /Applications/ArmGNUToolchain/14.2.rel1/arm-none-eabi/bin/../lib/gcc/arm-none-eabi/14.2.1/../../../../arm-none-eabi/lib/thumb/v7e-m+fp/hard/libc_nano.a(libc_a-stdio.o)
 .ARM.attributes
                0x00000566       0x34 /Applications/ArmGNUToolchain/14.2.rel1/arm-none-eabi/bin/../lib/gcc/arm-none-eabi/14.2.1/../../../../arm-none-eabi/lib/thumb/v7e-m+fp/hard/libc_nano.a(libc_a-lseekr.o)
 .ARM.attributes
                0x0000059a       0x34 /Applications/ArmGNUToolchain/14.2.rel1/arm-none-eabi/bin/../lib/gcc/arm-none-eabi/14.2.1/../../../../arm-none-eabi/lib/thumb/v7e-m+fp/hard/libc_nano.a(libc_a-readr.o)
 .ARM.attributes
                0x000005ce       0x34 /Applications/ArmGNUToolchain/14.2.rel1/arm-none-eabi/bin/../lib/gcc/arm-none-eabi/14.2.1/../../../../arm-none-eabi/lib/thumb/v7e-m+fp/hard/libc_nano.a(libc_a-sbrkr.o)
 .ARM.attributes
                0x00000602       0x34 /Applications/ArmGNUToolchain/14.2.rel1/arm-none-eabi/bin/../lib/gcc/arm-none-eabi/14.2.1/../../../../arm-none-eabi/lib/thumb/v7e-m+fp/hard/libc_nano.a(libc_a-writer.o)
 .ARM.attributes
                0x00000636       0x34 /Applications/ArmGNUToolchain/14.2.rel1/arm-none-eabi/bin/../lib/gcc/arm-none-eabi/14.2.1/../../../../arm-none-eabi/lib/thumb/v7e-m+fp/hard/libc_nano.a(libc_a-closer.o)
 .ARM.attributes
                0x0000066a       0x22 /Applications/ArmGNUToolchain/14.2.rel1/arm-none-eabi/bin/../lib/gcc/arm-none-eabi/14.2.1/thumb/v7e-m+fp/hard/libgcc.a(_aeabi_uldivmod.o)
 .ARM.attributes
                0x0000068c       0x34 /Applications/ArmGNUToolchain/14.2.rel1/arm-none-eabi/bin/../lib/gcc/arm-none-eabi/14.2.1/thumb/v7e-m+fp/hard/libgcc.a(_udivmoddi4.o)
 .ARM.attributes
                0x000006c0       0x22 /Applications/ArmGNUToolchain/14.2.rel1/arm-none-eabi/bin/../lib/gcc/arm-none-eabi/14.2.1/thumb/v7e-m+fp/hard/libgcc.a(_dvmd_tls.o)
 .ARM.attributes
                0x000006e2       0x34 /Applications/ArmGNUToolchain/14.2.rel1/arm-none-eabi/bin/../lib/gcc/arm-none-eabi/14.2.1/../../../../arm-none-eabi/lib/thumb/v7e-m+fp/hard/libnosys.a(close.o)
 .ARM.attributes
                0x00000716       0x34 /Applications/ArmGNUToolchain/14.2.rel1/arm-none-eabi/bin/../lib/gcc/arm-none-eabi/14.2.1/../../../../arm-none-eabi/lib/thumb/v7e-m+fp/hard/libnosys.a(fstat.o)
 .ARM.attributes
                0x0000074a       0x34 /Applications/ArmGNUToolchain/14.2.rel1/arm-none-eabi/bin/../lib/gcc/arm-none-eabi/14.2.1/../../../../arm-none-eabi/lib/thumb/v7e-m+fp/hard/libnosys.a(isatty.o)
 .ARM.attributes
                0x0000077e       0x34 /Applications/ArmGNUToolchain/14.2.rel1/arm-none-eabi/bin/../lib/gcc/arm-none-eabi/14.2.1/../../../../arm-none-eabi/lib/thumb/v7e-m+fp/hard/libnosys.a(lseek.o)
 .ARM.attributes
                0x000007b2       0x34 /Applications/ArmGNUToolchain/14.2.rel1/arm-none-eabi/bin/../lib/gcc/arm-none-eabi/14.2.1/../../../../arm-none-eabi/lib/thumb/v7e-m+fp/hard/libnosys.a(read.o)
 .ARM.attributes
                0x000007e6       0x34 /Applications/ArmGNUToolchain/14.2.rel1/arm-none-eabi/bin/../lib/gcc/arm-none-eabi/14.2.1/../../../../arm-none-eabi/lib/thumb/v7e-m+fp/hard/libnosys.a(sbrk.o)
LOAD _build/stm32f411ce_blackpill/obj/lib/mcu/st/cmsis_device_f4/Source/Templates/gcc/startup_stm32f411xe.o
LOAD _build/stm32f411ce_blackpill/obj/src/ghostfat.o
LOAD /var/folders/22/3r1y38fj3jv6y45lkqfh11sw0000gn/T//ccfasBin.ltrans0.ltrans.o
LOAD /var/folders/22/3r1y38fj3jv6y45lkqfh11sw0000gn/T//ccp4pydb.debug.temp.o
LOAD /var/folders/22/3r1y38fj3jv6y45lkqfh11sw0000gn/T//ccnSazI0.debug.temp.o
LOAD /var/folders/22/3r1y38fj3jv6y45lkqfh11sw0000gn/T//ccaWjWTh.debug.temp.o
LOAD /var/folders/22/3r1y38fj3jv6y45lkqfh11sw0000gn/T//ccG8g1bi.debug.temp.o
LOAD /var/folders/22/3r1y38fj3jv6y45lkqfh11sw0000gn/T//ccJ7lAze.debug.temp.o
LOAD /var/folders/22/3r1y38fj3jv6y45lkqfh11sw0000gn/T//ccbnk8Qb.debug.temp.o
LOAD /var/folders/22/3r1y38fj3jv6y45lkqfh11sw0000gn/T//ccPJOFW1.debug.temp.o
LOAD /var/folders/22/3r1y38fj3jv6y45lkqfh11sw0000gn/T//cciDKpLo.debug.temp.o
LOAD /var/folders/22/3r1y38fj3jv6y45lkqfh11sw0000gn/T//ccU6vTGu.debug.temp.o
LOAD /var/folders/22/3r1y38fj3jv6y45lkqfh11sw0000gn/T//ccE8kEGy.debug.temp.o
LOAD /var/folders/22/3r1y38fj3jv6y45lkqfh11sw0000gn/T//cclI2VmL.debug.temp.o
LOAD /var/folders/22/3r1y38fj3jv6y45lkqfh11sw0000gn/T//ccgaEsg3.debug.temp.o
LOAD /var/folders/22/3r1y38fj3jv6y45lkqfh11sw0000gn/T//ccLcksxa.debug.temp.o
LOAD /var/folders/22/3r1y38fj3jv6y45lkqfh11sw0000gn/T//cc3NcIj9.debug.temp.o
LOAD /var/folders/22/3r1y38fj3jv6y45lkqfh11sw0000gn/T//cciLm3fe.debug.temp.o
LOAD /var/folders/22/3r1y38fj3jv6y45lkqfh11sw0000gn/T//cckD6HQf.debug.temp.o
LOAD /var/folders/22/3r1y38fj3jv6y45lkqfh11sw0000gn/T//cckpcGLh.debug.temp.o
LOAD /var/folders/22/3r1y38fj3jv6y45lkqfh11sw0000gn/T//cc4uoVtQ.debug.temp.o
LOAD /var/folders/22/3r1y38fj3jv6y45lkqfh11sw0000gn/T//ccMNtNpI.debug.temp.o
LOAD /var/folders/22/3r1y38fj3jv6y45lkqfh11sw0000gn/T//ccjBsuKb.debug.temp.o
LOAD /var/folders/22/3r1y38fj3jv6y45lkqfh11sw0000gn/T//cc1TI0KP.debug.temp.o
LOAD /var/folders/22/3r1y38fj3jv6y45lkqfh11sw0000gn/T//ccDV8TzF.debug.temp.o
LOAD /var/folders/22/3r1y38fj3jv6y45lkqfh11sw0000gn/T//ccDQCsL0.debug.temp.o
LOAD /var/folders/22/3r1y38fj3jv6y45lkqfh11sw0000gn/T//cc4O6oyE.debug.temp.o
LOAD /var/folders/22/3r1y38fj3jv6y45lkqfh11sw0000gn/T//ccOy3LQp.debug.temp.o
LOAD /var/folders/22/3r1y38fj3jv6y45lkqfh11sw0000gn/T//ccYhvTYi.debug.temp.o
LOAD /var/folders/22/3r1y38fj3jv6y45lkqfh11sw0000gn/T//ccDlrVPF.debug.temp.o
LOAD /var/folders/22/3r1y38fj3jv6y45lkqfh11sw0000gn/T//ccMAOPQm.debug.temp.o
LOAD /var/folders/22/3r1y38fj3jv6y45lkqfh11sw0000gn/T//ccwDggpa.debug.temp.o
LOAD _build/stm32f411ce_blackpill/obj/src/images.o
LOAD _build/stm32f411ce_blackpill/obj/src/main.o
LOAD _build/stm32f411ce_blackpill/obj/src/msc.o
LOAD _build/stm32f411ce_blackpill/obj/src/screen.o
LOAD _build/stm32f411ce_blackpill/obj/src/usb_descriptors.o
LOAD _build/stm32f411ce_blackpill/obj/lib/tinyusb/src/tusb.o
LOAD _build/stm32f411ce_blackpill/obj/lib/tinyusb/src/common/tusb_fifo.o
LOAD _build/stm32f411ce_blackpill/obj/lib/tinyusb/src/device/usbd.o
LOAD _build/stm32f411ce_blackpill/obj/lib/tinyusb/src/device/usbd_control.o
LOAD _build/stm32f411ce_blackpill/obj/lib/tinyusb/src/class/cdc/cdc_device.o
LOAD _build/stm32f411ce_blackpill/obj/lib/tinyusb/src/class/dfu/dfu_rt_device.o
LOAD _build/stm32f411ce_blackpill/obj/lib/tinyusb/src/class/hid/hid_device.o
LOAD _build/stm32f411ce_blackpill/obj/lib/tinyusb/src/class/msc/msc_device.o
LOAD _build/stm32f411ce_blackpill/obj/lib/tinyusb/src/class/vendor/vendor_device.o
LOAD _build/stm32f411ce_blackpill/obj/ports/stm32f4/boards.o
LOAD _build/stm32f411ce_blackpill/obj/ports/stm32f4/board_flash.o
LOAD _build/stm32f411ce_blackpill/obj/lib/mcu/st/cmsis_device_f4/Source/Templates/system_stm32f4xx.o
LOAD _build/stm32f411ce_blackpill/obj/lib/mcu/st/stm32f4xx_hal_driver/Src/stm32f4xx_hal.o
LOAD _build/stm32f411ce_blackpill/obj/lib/mcu/st/stm32f4xx_hal_driver/Src/stm32f4xx_hal_cortex.o
LOAD _build/stm32f411ce_blackpill/obj/lib/mcu/st/stm32f4xx_hal_driver/Src/stm32f4xx_hal_rcc.o
LOAD _build/stm32f411ce_blackpill/obj/lib/mcu/st/stm32f4xx_hal_driver/Src/stm32f4xx_hal_gpio.o
LOAD _build/stm32f411ce_blackpill/obj/lib/mcu/st/stm32f4xx_hal_driver/Src/stm32f4xx_hal_flash.o
LOAD _build/stm32f411ce_blackpill/obj/lib/mcu/st/stm32f4xx_hal_driver/Src/stm32f4xx_hal_flash_ex.o
LOAD _build/stm32f411ce_blackpill/obj/lib/mcu/st/stm32f4xx_hal_driver/Src/stm32f4xx_hal_uart.o
LOAD _build/stm32f411ce_blackpill/obj/lib/mcu/st/stm32f4xx_hal_driver/Src/stm32f4xx_hal_i2c.o
LOAD _build/stm32f411ce_blackpill/obj/lib/ssd1306/ssd1306.o
LOAD _build/stm32f411ce_blackpill/obj/lib/ssd1306/fonts.o
LOAD _build/stm32f411ce_blackpill/obj/lib/tinyusb/src/portable/synopsys/dwc2/dcd_dwc2.o
START GROUP
LOAD /Applications/ArmGNUToolchain/14.2.rel1/arm-none-eabi/bin/../lib/gcc/arm-none-eabi/14.2.1/thumb/v7e-m+fp/hard/libgcc.a
LOAD /Applications/ArmGNUToolchain/14.2.rel1/arm-none-eabi/bin/../lib/gcc/arm-none-eabi/14.2.1/../../../../arm-none-eabi/lib/thumb/v7e-m+fp/hard/libm.a
LOAD /Applications/ArmGNUToolchain/14.2.rel1/arm-none-eabi/bin/../lib/gcc/arm-none-eabi/14.2.1/../../../../arm-none-eabi/lib/thumb/v7e-m+fp/hard/libc_nano.a
LOAD /Applications/ArmGNUToolchain/14.2.rel1/arm-none-eabi/bin/../lib/gcc/arm-none-eabi/14.2.1/../../../../arm-none-eabi/lib/thumb/v7e-m+fp/hard/libnosys.a
END GROUP
OUTPUT(_build/stm32f411ce_blackpill/tinyuf2-stm32f411ce_blackpill.elf elf32-littlearm)
LOAD linker stubs
LOAD /Applications/ArmGNUToolchain/14.2.rel1/arm-none-eabi/bin/../lib/gcc/arm-none-eabi/14.2.1/../../../../arm-none-eabi/lib/thumb/v7e-m+fp/hard/libc.a
LOAD /Applications/ArmGNUToolchain/14.2.rel1/arm-none-eabi/bin/../lib/gcc/arm-none-eabi/14.2.1/../../../../arm-none-eabi/lib/thumb/v7e-m+fp/hard/libm.a
LOAD /Applications/ArmGNUToolchain/14.2.rel1/arm-none-eabi/bin/../lib/gcc/arm-none-eabi/14.2.1/thumb/v7e-m+fp/hard/libgcc.a

.debug_line     0x00000000     0xa29f
 .debug_line    0x00000000       0x78 _build/stm32f411ce_blackpill/obj/lib/mcu/st/cmsis_device_f4/Source/Templates/gcc/startup_stm32f411xe.o
 .debug_line    0x00000078     0x971d /var/folders/22/3r1y38fj3jv6y45lkqfh11sw0000gn/T//ccfasBin.ltrans0.ltrans.o
 .debug_line    0x00009795       0x68 /var/folders/22/3r1y38fj3jv6y45lkqfh11sw0000gn/T//ccp4pydb.debug.temp.o
 .debug_line    0x000097fd       0x71 /var/folders/22/3r1y38fj3jv6y45lkqfh11sw0000gn/T//ccaWjWTh.debug.temp.o
 .debug_line    0x0000986e       0x72 /var/folders/22/3r1y38fj3jv6y45lkqfh11sw0000gn/T//ccG8g1bi.debug.temp.o
 .debug_line    0x000098e0       0x75 /var/folders/22/3r1y38fj3jv6y45lkqfh11sw0000gn/T//ccbnk8Qb.debug.temp.o
 .debug_line    0x00009955       0x97 /var/folders/22/3r1y38fj3jv6y45lkqfh11sw0000gn/T//ccPJOFW1.debug.temp.o
 .debug_line    0x000099ec       0x5f /var/folders/22/3r1y38fj3jv6y45lkqfh11sw0000gn/T//cciDKpLo.debug.temp.o
 .debug_line    0x00009a4b       0x98 /var/folders/22/3r1y38fj3jv6y45lkqfh11sw0000gn/T//ccU6vTGu.debug.temp.o
 .debug_line    0x00009ae3       0x7b /var/folders/22/3r1y38fj3jv6y45lkqfh11sw0000gn/T//ccE8kEGy.debug.temp.o
 .debug_line    0x00009b5e       0x8e /var/folders/22/3r1y38fj3jv6y45lkqfh11sw0000gn/T//cc3NcIj9.debug.temp.o
 .debug_line    0x00009bec       0xcb /var/folders/22/3r1y38fj3jv6y45lkqfh11sw0000gn/T//cckD6HQf.debug.temp.o
 .debug_line    0x00009cb7       0x6d /var/folders/22/3r1y38fj3jv6y45lkqfh11sw0000gn/T//cckpcGLh.debug.temp.o
 .debug_line    0x00009d24       0x63 /var/folders/22/3r1y38fj3jv6y45lkqfh11sw0000gn/T//cc4uoVtQ.debug.temp.o
 .debug_line    0x00009d87       0x7b /var/folders/22/3r1y38fj3jv6y45lkqfh11sw0000gn/T//ccMNtNpI.debug.temp.o
 .debug_line    0x00009e02       0x71 /var/folders/22/3r1y38fj3jv6y45lkqfh11sw0000gn/T//ccjBsuKb.debug.temp.o
 .debug_line    0x00009e73       0x7c /var/folders/22/3r1y38fj3jv6y45lkqfh11sw0000gn/T//cc1TI0KP.debug.temp.o
 .debug_line    0x00009eef       0x68 /var/folders/22/3r1y38fj3jv6y45lkqfh11sw0000gn/T//ccDV8TzF.debug.temp.o
 .debug_line    0x00009f57       0x7b /var/folders/22/3r1y38fj3jv6y45lkqfh11sw0000gn/T//ccDQCsL0.debug.temp.o
 .debug_line    0x00009fd2       0x6d /var/folders/22/3r1y38fj3jv6y45lkqfh11sw0000gn/T//cc4O6oyE.debug.temp.o
 .debug_line    0x0000a03f       0x77 /var/folders/22/3r1y38fj3jv6y45lkqfh11sw0000gn/T//ccOy3LQp.debug.temp.o
 .debug_line    0x0000a0b6       0x7c /var/folders/22/3r1y38fj3jv6y45lkqfh11sw0000gn/T//ccYhvTYi.debug.temp.o
 .debug_line    0x0000a132       0x80 /var/folders/22/3r1y38fj3jv6y45lkqfh11sw0000gn/T//ccDlrVPF.debug.temp.o
 .debug_line    0x0000a1b2       0x51 /var/folders/22/3r1y38fj3jv6y45lkqfh11sw0000gn/T//ccMAOPQm.debug.temp.o
 .debug_line    0x0000a203       0x9c /var/folders/22/3r1y38fj3jv6y45lkqfh11sw0000gn/T//ccwDggpa.debug.temp.o

.debug_line_str
                0x00000000     0x1ba0
 .debug_line_str
                0x00000000     0x1ba0 _build/stm32f411ce_blackpill/obj/lib/mcu/st/cmsis_device_f4/Source/Templates/gcc/startup_stm32f411xe.o
                                0x134 (size before relaxing)
 .debug_line_str
                0x00001ba0      0x306 /var/folders/22/3r1y38fj3jv6y45lkqfh11sw0000gn/T//ccp4pydb.debug.temp.o
 .debug_line_str
                0x00001ba0      0x38b /var/folders/22/3r1y38fj3jv6y45lkqfh11sw0000gn/T//ccaWjWTh.debug.temp.o
 .debug_line_str
                0x00001ba0      0x33d /var/folders/22/3r1y38fj3jv6y45lkqfh11sw0000gn/T//ccG8g1bi.debug.temp.o
 .debug_line_str
                0x00001ba0      0x432 /var/folders/22/3r1y38fj3jv6y45lkqfh11sw0000gn/T//ccbnk8Qb.debug.temp.o
 .debug_line_str
                0x00001ba0      0x4fb /var/folders/22/3r1y38fj3jv6y45lkqfh11sw0000gn/T//ccPJOFW1.debug.temp.o
 .debug_line_str
                0x00001ba0      0x2d2 /var/folders/22/3r1y38fj3jv6y45lkqfh11sw0000gn/T//cciDKpLo.debug.temp.o
 .debug_line_str
                0x00001ba0      0x4ba /var/folders/22/3r1y38fj3jv6y45lkqfh11sw0000gn/T//ccU6vTGu.debug.temp.o
 .debug_line_str
                0x00001ba0      0x3dd /var/folders/22/3r1y38fj3jv6y45lkqfh11sw0000gn/T//ccE8kEGy.debug.temp.o
 .debug_line_str
                0x00001ba0      0x480 /var/folders/22/3r1y38fj3jv6y45lkqfh11sw0000gn/T//cc3NcIj9.debug.temp.o
 .debug_line_str
                0x00001ba0      0x706 /var/folders/22/3r1y38fj3jv6y45lkqfh11sw0000gn/T//cckD6HQf.debug.temp.o
 .debug_line_str
                0x00001ba0      0x30b /var/folders/22/3r1y38fj3jv6y45lkqfh11sw0000gn/T//cckpcGLh.debug.temp.o
 .debug_line_str
                0x00001ba0      0x3e9 /var/folders/22/3r1y38fj3jv6y45lkqfh11sw0000gn/T//cc4uoVtQ.debug.temp.o
 .debug_line_str
                0x00001ba0      0x4ae /var/folders/22/3r1y38fj3jv6y45lkqfh11sw0000gn/T//ccMNtNpI.debug.temp.o
 .debug_line_str
                0x00001ba0      0x491 /var/folders/22/3r1y38fj3jv6y45lkqfh11sw0000gn/T//ccjBsuKb.debug.temp.o
 .debug_line_str
                0x00001ba0      0x445 /var/folders/22/3r1y38fj3jv6y45lkqfh11sw0000gn/T//cc1TI0KP.debug.temp.o
 .debug_line_str
                0x00001ba0      0x3f9 /var/folders/22/3r1y38fj3jv6y45lkqfh11sw0000gn/T//ccDV8TzF.debug.temp.o
 .debug_line_str
                0x00001ba0      0x4c0 /var/folders/22/3r1y38fj3jv6y45lkqfh11sw0000gn/T//ccDQCsL0.debug.temp.o
 .debug_line_str
                0x00001ba0      0x41b /var/folders/22/3r1y38fj3jv6y45lkqfh11sw0000gn/T//cc4O6oyE.debug.temp.o
 .debug_line_str
                0x00001ba0      0x431 /var/folders/22/3r1y38fj3jv6y45lkqfh11sw0000gn/T//ccOy3LQp.debug.temp.o
 .debug_line_str
                0x00001ba0      0x441 /var/folders/22/3r1y38fj3jv6y45lkqfh11sw0000gn/T//ccYhvTYi.debug.temp.o
 .debug_line_str
                0x00001ba0      0x428 /var/folders/22/3r1y38fj3jv6y45lkqfh11sw0000gn/T//ccDlrVPF.debug.temp.o
 .debug_line_str
                0x00001ba0      0x24d /var/folders/22/3r1y38fj3jv6y45lkqfh11sw0000gn/T//ccMAOPQm.debug.temp.o
 .debug_line_str
                0x00001ba0      0x58c /var/folders/22/3r1y38fj3jv6y45lkqfh11sw0000gn/T//ccwDggpa.debug.temp.o
 .debug_line_str
                0x00001ba0       0xf4 /Applications/ArmGNUToolchain/14.2.rel1/arm-none-eabi/bin/../lib/gcc/arm-none-eabi/14.2.1/../../../../arm-none-eabi/lib/thumb/v7e-m+fp/hard/libc_nano.a(libc_a-strlen.o)
 .debug_line_str
                0x00001ba0       0xea /Applications/ArmGNUToolchain/14.2.rel1/arm-none-eabi/bin/../lib/gcc/arm-none-eabi/14.2.1/../../../../arm-none-eabi/lib/thumb/v7e-m+fp/hard/libc_nano.a(libc_a-memchr.o)
 .debug_line_str
                0x00001ba0       0xd2 /Applications/ArmGNUToolchain/14.2.rel1/arm-none-eabi/bin/../lib/gcc/arm-none-eabi/14.2.1/thumb/v7e-m+fp/hard/libgcc.a(_aeabi_uldivmod.o)